
OpenSBI v1.6
   ____                    _____ ____ _____
  / __ \                  / ____|  _ \_   _|
 | |  | |_ __   ___ _ __ | (___ | |_) || |
 | |  | | '_ \ / _ \ '_ \ \___ \|  _ < | |
 | |__| | |_) |  __/ | | |____) | |_) || |_
  \____/| .__/ \___|_| |_|_____/|____/_____|
        | |
        |_|

Platform Name               : riscv-virtio,qemu
Platform Features           : medeleg
Platform HART Count         : 4
Platform IPI Device         : aclint-mswi
Platform Timer Device       : aclint-mtimer @ 10000000Hz
Platform Console Device     : uart8250
Platform HSM Device         : ---
Platform PMU Device         : ---
Platform Reboot Device      : syscon-reboot
Platform Shutdown Device    : syscon-poweroff
Platform Suspend Device     : ---
Platform CPPC Device        : ---
Firmware Base               : 0x80000000
Firmware Size               : 361 KB
Firmware RW Offset          : 0x40000
Firmware RW Size            : 105 KB
Firmware Heap Offset        : 0x4e000
Firmware Heap Size          : 49 KB (total), 3 KB (reserved), 13 KB (used), 32 KB (free)
Firmware Scratch Size       : 4096 B (total), 440 B (used), 3656 B (free)
Runtime SBI Version         : 2.0
Standard SBI Extensions     : ipi,pmu,srst,hsm,rfnc,time,base,legacy,dbcn
Experimental SBI Extensions : sse,fwft,dbtr

Domain0 Name                : root
Domain0 Boot HART           : 2
Domain0 HARTs               : 0*,1*,2*,3*
Domain0 Region00            : 0x0000000000100000-0x0000000000100fff M: (I,R,W) S/U: (R,W)
Domain0 Region01            : 0x0000000010000000-0x0000000010000fff M: (I,R,W) S/U: (R,W)
Domain0 Region02            : 0x0000000002000000-0x000000000200ffff M: (I,R,W) S/U: ()
Domain0 Region03            : 0x0000000080040000-0x000000008005ffff M: (R,W) S/U: ()
Domain0 Region04            : 0x0000000080000000-0x000000008003ffff M: (R,X) S/U: ()
Domain0 Region05            : 0x000000000c400000-0x000000000c5fffff M: (I,R,W) S/U: (R,W)
Domain0 Region06            : 0x000000000c000000-0x000000000c3fffff M: (I,R,W) S/U: (R,W)
Domain0 Region07            : 0x0000000000000000-0xffffffffffffffff M: () S/U: (R,W,X)
Domain0 Next Address        : 0x0000000080200000
Domain0 Next Arg1           : 0x00000000cfe00000
Domain0 Next Mode           : S-mode
Domain0 SysReset            : yes
Domain0 SysSuspend          : yes

Boot HART ID                : 2
Boot HART Domain            : root
Boot HART Priv Version      : v1.12
Boot HART Base ISA          : rv64imafdch
Boot HART ISA Extensions    : sstc,zicntr,zihpm,zicboz,zicbom,sdtrig,svadu
Boot HART PMP Count         : 16
Boot HART PMP Granularity   : 2 bits
Boot HART PMP Address Bits  : 54
Boot HART MHPM Info         : 16 (0x0007fff8)
Boot HART Debug Triggers    : 2 triggers
Boot HART MIDELEG           : 0x0000000000001666
Boot HART MEDELEG           : 0x0000000000f4b509
[    0.000000] Booting Linux on hartid 2
[    0.000000] Linux version 7.2.6 (@3b2d2172f0a8) (riscv64-linux-gnu-gcc (Debian 14.2.0-19) 14.2.0, GNU ld (GNU Binutils for Debian) 2.44) #1 SMP PREEMPT Sat Sep 19 20:58:08 UTC 2026
[    0.000000] random: crng init done
[    0.000000] Machine model: riscv-virtio,qemu
[    0.000000] SBI specification v2.0 detected
[    0.000000] SBI implementation ID=0x1 Version=0x10006
[    0.000000] SBI TIME extension detected
[    0.000000] SBI IPI extension detected
[    0.000000] SBI RFENCE extension detected
[    0.000000] SBI SRST extension detected
[    0.000000] SBI DBCN extension detected
[    0.000000] efi: UEFI not found.
[    0.000000] OF: reserved mem: 0x0000000080000000..0x000000008003ffff (256 KiB) nomap non-reusable mmode_resv1@80000000
[    0.000000] OF: reserved mem: 0x0000000080040000..0x000000008005ffff (128 KiB) nomap non-reusable mmode_resv0@80040000
[    0.000000] SBI HSM extension detected
[    0.000000] riscv: base ISA extensions acdfhim
[    0.000000] riscv: ELF capabilities acdfim
[    0.000000] Queued spinlock using Ziccrse: enabled
[    0.000000] Zone ranges:
[    0.000000]   DMA32    [mem 0x0000000080000000-0x00000000cfffffff]
[    0.000000]   Normal   empty
[    0.000000] Movable zone start for each node
[    0.000000] Early memory node ranges
[    0.000000]   node   0: [mem 0x0000000080000000-0x000000008005ffff]
[    0.000000]   node   0: [mem 0x0000000080060000-0x00000000cfffffff]
[    0.000000] Initmem setup node 0 [mem 0x0000000080000000-0x00000000cfffffff]
[    0.000000] percpu: Embedded 31 pages/cpu s88216 r8192 d30568 u126976
[    0.000000] Kernel command line: console=ttyS0 test=all docker.timeout=1800 k3s.timeout=5400 k3s.podtimeout=2400 progress=120
[    0.000000] Unknown kernel command line parameters "test=all progress=120", will be passed to user space.
[    0.000000] printk: log buffer data + meta data: 131072 + 458752 = 589824 bytes
[    0.000000] Dentry cache hash table entries: 131072 (order: 8, 1048576 bytes, linear)
[    0.000000] Inode-cache hash table entries: 65536 (order: 7, 524288 bytes, linear)
[    0.000000] software IO TLB: SWIOTLB bounce buffer size adjusted to 1MB
[    0.000000] software IO TLB: area num 4.
[    0.000000] software IO TLB: SWIOTLB bounce buffer size roundup to 2MB
[    0.000000] software IO TLB: mapped [mem 0x00000000cd780000-0x00000000cd980000] (2MB)
[    0.000000] Built 1 zonelists, mobility grouping on.  Total pages: 327680
[    0.000000] mem auto-init: stack:all(zero), heap alloc:off, heap free:off
[    0.000000] SLUB: HWalign=64, Order=0-3, MinObjects=0, CPUs=4, Nodes=1
[    0.000000] rcu: Hierarchical RCU implementation.
[    0.000000] rcu: 	RCU event tracing is enabled.
[    0.000000] rcu: 	RCU restricting CPUs from NR_CPUS=256 to nr_cpu_ids=4.
[    0.000000] 	Trampoline variant of Tasks RCU enabled.
[    0.000000] 	Tracing variant of Tasks RCU enabled.
[    0.000000] rcu: RCU calculated value of scheduler-enlistment delay is 25 jiffies.
[    0.000000] rcu: Adjusting geometry for rcu_fanout_leaf=16, nr_cpu_ids=4
[    0.000000] RCU Tasks: Setting shift to 2 and lim to 1 rcu_task_cb_adjust=1 rcu_task_cpu_ids=4.
[    0.000000] NR_IRQS: 64, nr_irqs: 64, preallocated irqs: 0
[    0.000000] riscv-intc: 64 local interrupts mapped
[    0.000000] riscv: providing IPIs using SBI IPI extension
[    0.000000] rcu: srcu_init: Setting srcu_struct sizes based on contention.
[    0.000000] clocksource: jiffies: mask: 0xffffffff max_cycles: 0xffffffff, max_idle_ns: 7645041785100000 ns
[    0.000000] clocksource: riscv_clocksource: mask: 0xffffffffffffffff max_cycles: 0x24e6a1710, max_idle_ns: 440795202120 ns
[    0.000090] sched_clock: 64 bits at 10MHz, resolution 100ns, wraps every 4398046511100ns
[    0.000260] riscv-timer: Timer interrupt in S-mode is available via sstc extension
[    0.016915] Console: colour dummy device 80x25
[    0.021096] Calibrating delay loop (skipped), value calculated using timer frequency.. 20.00 BogoMIPS (lpj=40000)
[    0.021310] pid_max: default: 32768 minimum: 301
[    0.034135] Mount-cache hash table entries: 2048 (order: 2, 16384 bytes, linear)
[    0.034245] Mountpoint-cache hash table entries: 2048 (order: 2, 16384 bytes, linear)
[    0.054277] VFS: Finished mounting rootfs on nullfs
[    0.107626] riscv: ELF compat mode supported
[    0.108032] ASID allocator using 16 bits (65536 entries)
[    0.110037] rcu: Hierarchical SRCU implementation.
[    0.110137] rcu: 	Max phase no-delay instances is 1000.
[    0.112489] Timer migration: 1 hierarchy levels; 8 children per group; 1 crossnode level
[    0.119125] EFI services will not be available.
[    0.120781] smp: Bringing up secondary CPUs ...
[    0.144070] smp: Brought up 1 node, 4 CPUs
[    0.158739] Memory: 1034128K/1310720K available (13250K kernel code, 6056K rwdata, 6144K rodata, 2470K init, 506K bss, 272388K reserved, 0K cma-reserved)
[    0.174860] devtmpfs: initialized
[    0.198149] posixtimers hash table entries: 2048 (order: 3, 32768 bytes, linear)
[    0.198553] futex hash table entries: 1024 (65536 bytes on 1 NUMA nodes, total 64 KiB, linear).
[    0.213612] DMI: not present or invalid.
[    0.218017] NET: Registered PF_NETLINK/PF_ROUTE protocol family
[    0.224246] DMA: preallocated 128 KiB GFP_KERNEL|GFP_DMA32 pool for atomic allocations
[    0.224774] audit: initializing netlink subsys (disabled)
[    0.230434] audit: type=2000 audit(0.200:1): state=initialized audit_enabled=0 res=1
[    0.235775] thermal_sys: Registered thermal governor 'step_wise'
[    0.237307] cpuidle: using governor menu
[    0.283630] HugeTLB: registered 2.00 MiB page size, pre-allocated 0 pages
[    0.283684] HugeTLB: 28 KiB vmemmap can be freed for a 2.00 MiB page
[    0.291903] ACPI: Interpreter disabled.
[    0.293038] iommu: Default domain type: Translated
[    0.293120] iommu: DMA domain TLB invalidation policy: strict mode
[    0.308736] SCSI subsystem initialized
[    0.313272] usbcore: registered new interface driver usbfs
[    0.313730] usbcore: registered new interface driver hub
[    0.314028] usbcore: registered new device driver usb
[    0.320907] Advanced Linux Sound Architecture Driver Initialized.
[    0.352565] vgaarb: loaded
[    0.362595] clocksource: Switched to clocksource riscv_clocksource
[    0.374555] pnp: PnP ACPI: disabled
[    0.464266] NET: Registered PF_INET protocol family
[    0.467351] IP idents hash table entries: 16384 (order: 5, 131072 bytes, linear)
[    0.479950] tcp_listen_portaddr_hash hash table entries: 512 (order: 1, 8192 bytes, linear)
[    0.480071] Table-perturb hash table entries: 65536 (order: 6, 262144 bytes, linear)
[    0.480174] TCP established hash table entries: 8192 (order: 4, 65536 bytes, linear)
[    0.480511] TCP bind hash table entries: 8192 (order: 6, 262144 bytes, linear)
[    0.480826] TCP: Hash tables configured (established 8192 bind 8192)
[    0.482725] UDP hash table entries: 512 (order: 3, 32768 bytes, linear)
[    0.485322] NET: Registered PF_UNIX/PF_LOCAL protocol family
[    0.493484] RPC: Registered named UNIX socket transport module.
[    0.493579] RPC: Registered udp transport module.
[    0.493596] RPC: Registered tcp transport module.
[    0.493609] RPC: Registered tcp-with-tls transport module.
[    0.493621] RPC: Registered tcp NFSv4.1 backchannel transport module.
[    0.512427] cpu3: scalar unaligned word access speed is 10.76x byte access speed (fast)
[    0.512471] cpu0: scalar unaligned word access speed is 13.65x byte access speed (fast)
[    0.512484] cpu1: scalar unaligned word access speed is 10.42x byte access speed (fast)
[    0.512472] cpu2: scalar unaligned word access speed is 10.95x byte access speed (fast)
[    0.515571] PCI: CLS 0 bytes, default 64
[    0.526778] workingset: timestamp_bits=46 (anon: 41) max_order=18 bucket_order=0 (anon: 0)
[    0.533797] Unpacking initramfs...
[    0.544454] NFS: Registering the id_resolver key type
[    0.545772] Key type id_resolver registered
[    0.545888] Key type id_legacy registered
[    0.547168] nfs4filelayout_init: NFSv4 File Layout Driver Registering...
[    0.547502] nfs4flexfilelayout_init: NFSv4 Flexfile Layout Driver Registering...
[    0.550909] 9p: Installing v9fs 9p2000 file system support
[    0.558142] NET: Registered PF_ALG protocol family
[    0.558810] Block layer SCSI generic (bsg) driver version 0.4 loaded (major 244)
[    0.562071] io scheduler mq-deadline registered
[    0.562280] io scheduler kyber registered
[    0.562757] io scheduler bfq registered
[    0.580003] riscv-plic: plic@c000000: mapped 96 interrupts with 4 handlers for 8 contexts.
[    0.592508] pci-host-generic 30000000.pci: host bridge /soc/pci@30000000 ranges:
[    0.594588] pci-host-generic 30000000.pci:       IO 0x0003000000..0x000300ffff -> 0x0000000000
[    0.595491] pci-host-generic 30000000.pci:      MEM 0x0040000000..0x007fffffff -> 0x0040000000
[    0.595576] pci-host-generic 30000000.pci:      MEM 0x0400000000..0x07ffffffff -> 0x0400000000
[    0.596521] pci-host-generic 30000000.pci: Memory resource size exceeds max for 32 bits
[    0.597184] pci-host-generic 30000000.pci: ECAM at [mem 0x30000000-0x3fffffff] for [bus 00-ff]
[    0.599602] pci-host-generic 30000000.pci: PCI host bridge to bus 0000:00
[    0.599973] pci_bus 0000:00: root bus resource [bus 00-ff]
[    0.600064] pci_bus 0000:00: root bus resource [io  0x0000-0xffff]
[    0.600125] pci_bus 0000:00: root bus resource [mem 0x40000000-0x7fffffff]
[    0.600139] pci_bus 0000:00: root bus resource [mem 0x400000000-0x7ffffffff]
[    0.603972] pci 0000:00:00.0: [1b36:0008] type 00 class 0x060000 conventional PCI endpoint
[    0.614435] pci_bus 0000:00: resource 4 [io  0x0000-0xffff]
[    0.614497] pci_bus 0000:00: resource 5 [mem 0x40000000-0x7fffffff]
[    0.614516] pci_bus 0000:00: resource 6 [mem 0x400000000-0x7ffffffff]
[    0.990881] Serial: 8250/16550 driver, 4 ports, IRQ sharing disabled
[    1.022318] printk: legacy console [ttyS0] disabled
[    1.030694] 10000000.serial: ttyS0 at MMIO 0x10000000 (irq = 12, base_baud = 230400) is a 16550A
[    1.035427] printk: legacy console [ttyS0] enabled
[    1.163270] loop: module loaded
[    1.188076] e1000e: Intel(R) PRO/1000 Network Driver
[    1.188601] e1000e: Copyright(c) 1999 - 2015 Intel Corporation.
[    1.196871] usbcore: registered new interface driver uas
[    1.198046] usbcore: registered new interface driver usb-storage
[    1.202337] mousedev: PS/2 mouse device common for all mice
[    1.213864] goldfish_rtc 101000.rtc: registered as rtc0
[    1.215498] goldfish_rtc 101000.rtc: setting system clock to 2026-09-20T09:28:13 UTC (1789896493)
[    1.238724] usbcore: registered new interface driver usbhid
[    1.239176] usbhid: USB HID core driver
[    1.241726] riscv-pmu-sbi: SBI PMU extension is available
[    1.248362] riscv-pmu-sbi: 16 firmware and 18 hardware counters
[    1.249024] riscv-pmu-sbi: Perf sampling/filtering is not supported as sscof extension is not available
[    1.285084] IPVS: Registered protocols (TCP, UDP)
[    1.285846] IPVS: Connection hash table configured (size=4096, memory=32Kbytes)
[    1.290951] IPVS: ipvs loaded.
[    1.291531] IPVS: [rr] scheduler registered.
[    1.296855] Initializing XFRM netlink socket
[    1.299343] NET: Registered PF_INET6 protocol family
[    1.319021] Segment Routing with IPv6
[    1.319658] In-situ OAM (IOAM) with IPv6
[    1.322743] NET: Registered PF_PACKET protocol family
[    1.324517] Bridge firewalling registered
[    1.328256] 9pnet: Installing 9P2000 support
[    1.329503] Key type dns_resolver registered
[    2.419534] clk: Disabling unused clocks
[    2.420355] PM: genpd: Disabling unused power domains
[    2.420836] ALSA device list:
[    2.421736]   No soundcards found.
[   10.347113] Freeing initrd memory: 200212K
[   10.461020] Freeing unused kernel image (initmem) memory: 2468K
[   10.462478] Run /init as init process
PAYLOAD_START
[    10.90] rootfs (initramfs): rootfs 506M total, 488M used, 18M free; MemTotal 1211M
[    12.13] payload: image intact (variant all, 1547 files, 510058139 bytes, 26 named files, checked in 1s)
[    12.19] stage 1: initramfs rootfs, moving the root to tmpfs (size=90%)
[    12.20] free -m (stage 1 start):
               total        used        free      shared  buff/cache   available
Mem:            1211         553         663         488         490         658
Swap:              0           0           0
[    17.95] stage 1: switching root
[    18.78] cgroups: available:cpuset cpu io memory hugetlb pids 
[    18.84] cgroups: delegated: cpuset cpu io memory hugetlb pids
[    19.03] stage 2: root is tmpfs, test=all
[    19.17] rootfs (real root): tmpfs 1090M total, 488M used, 602M free; MemTotal 1211M
[    19.19] payload: image variant all (docker=1 k3s=1)
[    19.70] net: lo 127.0.0.1/8 dummy0 10.0.2.15/24 
[    19.76] net: default route: default via 10.0.2.2 dev dummy0 onlink 
[    19.78] free -m (stage 2 start):
               total        used        free      shared  buff/cache   available
Mem:            1211         578         637         488         491         633
Swap:              0           0           0
[    19.84] === Docker test (timeout 1800s) ===
[    19.86] free -m (before docker):
               total        used        free      shared  buff/cache   available
Mem:            1211         577         638         488         491         634
Swap:              0           0           0
[    20.54] docker: runc version 1.4.0 commit: v1.4.0-0-g8bd78a99 spec: 1.3.0 go: go1.24.4 libseccomp: 2.6.0 
[    24.84] containerd: ready after 4s
[    25.01] docker: overlayfs works on the tmpfs root, using the default driver
[    37.25] dockerd: ready after 12s
[    37.27] docker: dockerd started with: 
[    37.97] docker: storage driver: overlayfs
[    37.99] docker: loading /var/lib/rancher/k3s/agent/images/busybox-1.37.0.tar
Loaded image: busybox:1.37.0
[    46.68] docker: seccomp inside the container:
Seccomp:	2
Seccomp_filters:	1
DOCKER_OK
[    46.77] free -m (after docker):
               total        used        free      shared  buff/cache   available
Mem:            1211         569         646         493         497         642
Swap:              0           0           0
[    48.98] prune: removing the Docker stack to free RAM
[    49.34] === K3s test (node timeout 5400s, pod timeout 2400s) ===
[    49.37] free -m (before k3s):
               total        used        free      shared  buff/cache   available
Mem:            1211         357         858         326         329         854
Swap:              0           0           0
[    58.75] k3s: k3s version v1.37.0+k3s1 (bb7cf065)
[    58.82] k3s: airgap images present: busybox-1.37.0.tar local-path-provisioner-v0.0.37.tar mirrored-coredns-coredns-1.14.7.tar pause-3.10.2.tar 
[    77.62] k3s kubeconfig: ready after 18s
[   120.49] k3s node Ready: ready after 43s
[   120.67] prune: removing the imported airgap tars (38040K)
[   120.90] free -m (k3s node Ready):
               total        used        free      shared  buff/cache   available
Mem:            1211         644         571         331         335         567
Swap:              0           0           0
[   124.82] k3s: domu   Ready   control-plane   14s   v1.37.0+k3s1   10.0.2.15   <none>   Debian GNU/Linux 13 (trixie)   7.2.6 (riscv64)   containerd://2.3.4-k3s1
[   170.58] k3s pod apply: ready after 45s
[   195.66] k3s test pod: ready after 24s
K3S_OK
[   198.15] free -m (after k3s):
               total        used        free      shared  buff/cache   available
Mem:            1211         891         323         451         456         320
Swap:              0           0           0
[   201.51] SUMMARY: docker=ok k3s=ok
[   201.54] free -m (final):
               total        used        free      shared  buff/cache   available
Mem:            1211         529         686         451         456         682
Swap:              0           0           0
PAYLOAD_DONE
[  202.690367] reboot: Power down
