
OpenSBI v1.6
   ____                    _____ ____ _____
  / __ \                  / ____|  _ \_   _|
 | |  | |_ __   ___ _ __ | (___ | |_) || |
 | |  | | '_ \ / _ \ '_ \ \___ \|  _ < | |
 | |__| | |_) |  __/ | | |____) | |_) || |_
  \____/| .__/ \___|_| |_|_____/|____/_____|
        | |
        |_|

Platform Name               : riscv-virtio,qemu
Platform Features           : medeleg
Platform HART Count         : 4
Platform IPI Device         : aclint-mswi
Platform Timer Device       : aclint-mtimer @ 10000000Hz
Platform Console Device     : uart8250
Platform HSM Device         : ---
Platform PMU Device         : ---
Platform Reboot Device      : syscon-reboot
Platform Shutdown Device    : syscon-poweroff
Platform Suspend Device     : ---
Platform CPPC Device        : ---
Firmware Base               : 0x80000000
Firmware Size               : 361 KB
Firmware RW Offset          : 0x40000
Firmware RW Size            : 105 KB
Firmware Heap Offset        : 0x4e000
Firmware Heap Size          : 49 KB (total), 3 KB (reserved), 13 KB (used), 32 KB (free)
Firmware Scratch Size       : 4096 B (total), 440 B (used), 3656 B (free)
Runtime SBI Version         : 2.0
Standard SBI Extensions     : ipi,pmu,srst,hsm,rfnc,time,base,legacy,dbcn
Experimental SBI Extensions : sse,fwft,dbtr

Domain0 Name                : root
Domain0 Boot HART           : 0
Domain0 HARTs               : 0*,1*,2*,3*
Domain0 Region00            : 0x0000000000100000-0x0000000000100fff M: (I,R,W) S/U: (R,W)
Domain0 Region01            : 0x0000000010000000-0x0000000010000fff M: (I,R,W) S/U: (R,W)
Domain0 Region02            : 0x0000000002000000-0x000000000200ffff M: (I,R,W) S/U: ()
Domain0 Region03            : 0x0000000080040000-0x000000008005ffff M: (R,W) S/U: ()
Domain0 Region04            : 0x0000000080000000-0x000000008003ffff M: (R,X) S/U: ()
Domain0 Region05            : 0x000000000c400000-0x000000000c5fffff M: (I,R,W) S/U: (R,W)
Domain0 Region06            : 0x000000000c000000-0x000000000c3fffff M: (I,R,W) S/U: (R,W)
Domain0 Region07            : 0x0000000000000000-0xffffffffffffffff M: () S/U: (R,W,X)
Domain0 Next Address        : 0x0000000080200000
Domain0 Next Arg1           : 0x00000000bfe00000
Domain0 Next Mode           : S-mode
Domain0 SysReset            : yes
Domain0 SysSuspend          : yes

Boot HART ID                : 0
Boot HART Domain            : root
Boot HART Priv Version      : v1.12
Boot HART Base ISA          : rv64imafdch
Boot HART ISA Extensions    : sstc,zicntr,zihpm,zicboz,zicbom,sdtrig,svadu
Boot HART PMP Count         : 16
Boot HART PMP Granularity   : 2 bits
Boot HART PMP Address Bits  : 54
Boot HART MHPM Info         : 16 (0x0007fff8)
Boot HART Debug Triggers    : 2 triggers
Boot HART MIDELEG           : 0x0000000000001666
Boot HART MEDELEG           : 0x0000000000f4b509
[    0.000000] Booting Linux on hartid 0
[    0.000000] Linux version 7.2.6 (@3b2d2172f0a8) (riscv64-linux-gnu-gcc (Debian 14.2.0-19) 14.2.0, GNU ld (GNU Binutils for Debian) 2.44) #1 SMP PREEMPT Sat Sep 19 20:58:08 UTC 2026
[    0.000000] random: crng init done
[    0.000000] Machine model: riscv-virtio,qemu
[    0.000000] SBI specification v2.0 detected
[    0.000000] SBI implementation ID=0x1 Version=0x10006
[    0.000000] SBI TIME extension detected
[    0.000000] SBI IPI extension detected
[    0.000000] SBI RFENCE extension detected
[    0.000000] SBI SRST extension detected
[    0.000000] SBI DBCN extension detected
[    0.000000] efi: UEFI not found.
[    0.000000] OF: reserved mem: 0x0000000080000000..0x000000008003ffff (256 KiB) nomap non-reusable mmode_resv1@80000000
[    0.000000] OF: reserved mem: 0x0000000080040000..0x000000008005ffff (128 KiB) nomap non-reusable mmode_resv0@80040000
[    0.000000] SBI HSM extension detected
[    0.000000] riscv: base ISA extensions acdfhim
[    0.000000] riscv: ELF capabilities acdfim
[    0.000000] Queued spinlock using Ziccrse: enabled
[    0.000000] Zone ranges:
[    0.000000]   DMA32    [mem 0x0000000080000000-0x00000000bfffffff]
[    0.000000]   Normal   empty
[    0.000000] Movable zone start for each node
[    0.000000] Early memory node ranges
[    0.000000]   node   0: [mem 0x0000000080000000-0x000000008005ffff]
[    0.000000]   node   0: [mem 0x0000000080060000-0x00000000bfffffff]
[    0.000000] Initmem setup node 0 [mem 0x0000000080000000-0x00000000bfffffff]
[    0.000000] percpu: Embedded 31 pages/cpu s88216 r8192 d30568 u126976
[    0.000000] Kernel command line: console=ttyS0 test=all docker.timeout=1800 k3s.timeout=5400 k3s.podtimeout=2400 progress=120
[    0.000000] Unknown kernel command line parameters "test=all progress=120", will be passed to user space.
[    0.000000] printk: log buffer data + meta data: 131072 + 458752 = 589824 bytes
[    0.000000] Dentry cache hash table entries: 131072 (order: 8, 1048576 bytes, linear)
[    0.000000] Inode-cache hash table entries: 65536 (order: 7, 524288 bytes, linear)
[    0.000000] software IO TLB: SWIOTLB bounce buffer size adjusted to 1MB
[    0.000000] software IO TLB: area num 4.
[    0.000000] software IO TLB: mapped [mem 0x00000000bdc80000-0x00000000bdd80000] (1MB)
[    0.000000] Built 1 zonelists, mobility grouping on.  Total pages: 262144
[    0.000000] mem auto-init: stack:all(zero), heap alloc:off, heap free:off
[    0.000000] SLUB: HWalign=64, Order=0-3, MinObjects=0, CPUs=4, Nodes=1
[    0.000000] rcu: Hierarchical RCU implementation.
[    0.000000] rcu: 	RCU event tracing is enabled.
[    0.000000] rcu: 	RCU restricting CPUs from NR_CPUS=256 to nr_cpu_ids=4.
[    0.000000] 	Trampoline variant of Tasks RCU enabled.
[    0.000000] 	Tracing variant of Tasks RCU enabled.
[    0.000000] rcu: RCU calculated value of scheduler-enlistment delay is 25 jiffies.
[    0.000000] rcu: Adjusting geometry for rcu_fanout_leaf=16, nr_cpu_ids=4
[    0.000000] RCU Tasks: Setting shift to 2 and lim to 1 rcu_task_cb_adjust=1 rcu_task_cpu_ids=4.
[    0.000000] NR_IRQS: 64, nr_irqs: 64, preallocated irqs: 0
[    0.000000] riscv-intc: 64 local interrupts mapped
[    0.000000] riscv: providing IPIs using SBI IPI extension
[    0.000000] rcu: srcu_init: Setting srcu_struct sizes based on contention.
[    0.000000] clocksource: jiffies: mask: 0xffffffff max_cycles: 0xffffffff, max_idle_ns: 7645041785100000 ns
[    0.000000] clocksource: riscv_clocksource: mask: 0xffffffffffffffff max_cycles: 0x24e6a1710, max_idle_ns: 440795202120 ns
[    0.000215] sched_clock: 64 bits at 10MHz, resolution 100ns, wraps every 4398046511100ns
[    0.000551] riscv-timer: Timer interrupt in S-mode is available via sstc extension
[    0.020778] Console: colour dummy device 80x25
[    0.024500] Calibrating delay loop (skipped), value calculated using timer frequency.. 20.00 BogoMIPS (lpj=40000)
[    0.024695] pid_max: default: 32768 minimum: 301
[    0.034514] Mount-cache hash table entries: 2048 (order: 2, 16384 bytes, linear)
[    0.034588] Mountpoint-cache hash table entries: 2048 (order: 2, 16384 bytes, linear)
[    0.052750] VFS: Finished mounting rootfs on nullfs
[    0.105091] riscv: ELF compat mode supported
[    0.105857] ASID allocator using 16 bits (65536 entries)
[    0.107817] rcu: Hierarchical SRCU implementation.
[    0.107873] rcu: 	Max phase no-delay instances is 1000.
[    0.110196] Timer migration: 1 hierarchy levels; 8 children per group; 1 crossnode level
[    0.114048] EFI services will not be available.
[    0.115763] smp: Bringing up secondary CPUs ...
[    0.138271] smp: Brought up 1 node, 4 CPUs
[    0.151453] Memory: 777120K/1048576K available (13250K kernel code, 6056K rwdata, 6144K rodata, 2470K init, 506K bss, 267252K reserved, 0K cma-reserved)
[    0.169028] devtmpfs: initialized
[    0.188462] posixtimers hash table entries: 2048 (order: 3, 32768 bytes, linear)
[    0.188850] futex hash table entries: 1024 (65536 bytes on 1 NUMA nodes, total 64 KiB, linear).
[    0.206171] DMI: not present or invalid.
[    0.210332] NET: Registered PF_NETLINK/PF_ROUTE protocol family
[    0.216372] DMA: preallocated 128 KiB GFP_KERNEL|GFP_DMA32 pool for atomic allocations
[    0.217190] audit: initializing netlink subsys (disabled)
[    0.220092] audit: type=2000 audit(0.192:1): state=initialized audit_enabled=0 res=1
[    0.224059] thermal_sys: Registered thermal governor 'step_wise'
[    0.225104] cpuidle: using governor menu
[    0.260035] HugeTLB: registered 2.00 MiB page size, pre-allocated 0 pages
[    0.260081] HugeTLB: 28 KiB vmemmap can be freed for a 2.00 MiB page
[    0.266683] ACPI: Interpreter disabled.
[    0.267944] iommu: Default domain type: Translated
[    0.267990] iommu: DMA domain TLB invalidation policy: strict mode
[    0.281778] SCSI subsystem initialized
[    0.285199] usbcore: registered new interface driver usbfs
[    0.285596] usbcore: registered new interface driver hub
[    0.285783] usbcore: registered new device driver usb
[    0.290057] Advanced Linux Sound Architecture Driver Initialized.
[    0.312901] vgaarb: loaded
[    0.317632] clocksource: Switched to clocksource riscv_clocksource
[    0.328527] pnp: PnP ACPI: disabled
[    0.384858] NET: Registered PF_INET protocol family
[    0.387305] IP idents hash table entries: 16384 (order: 5, 131072 bytes, linear)
[    0.398371] tcp_listen_portaddr_hash hash table entries: 512 (order: 1, 8192 bytes, linear)
[    0.398503] Table-perturb hash table entries: 65536 (order: 6, 262144 bytes, linear)
[    0.398602] TCP established hash table entries: 8192 (order: 4, 65536 bytes, linear)
[    0.398865] TCP bind hash table entries: 8192 (order: 6, 262144 bytes, linear)
[    0.399185] TCP: Hash tables configured (established 8192 bind 8192)
[    0.400395] UDP hash table entries: 512 (order: 3, 32768 bytes, linear)
[    0.403001] NET: Registered PF_UNIX/PF_LOCAL protocol family
[    0.409784] RPC: Registered named UNIX socket transport module.
[    0.409857] RPC: Registered udp transport module.
[    0.409870] RPC: Registered tcp transport module.
[    0.409880] RPC: Registered tcp-with-tls transport module.
[    0.409890] RPC: Registered tcp NFSv4.1 backchannel transport module.
[    0.428282] cpu0: scalar unaligned word access speed is 7.35x byte access speed (fast)
[    0.428304] cpu1: scalar unaligned word access speed is 7.62x byte access speed (fast)
[    0.428330] cpu3: scalar unaligned word access speed is 6.55x byte access speed (fast)
[    0.428365] cpu2: scalar unaligned word access speed is 7.16x byte access speed (fast)
[    0.431094] PCI: CLS 0 bytes, default 64
[    0.438864] workingset: timestamp_bits=46 (anon: 41) max_order=18 bucket_order=0 (anon: 0)
[    0.440658] Unpacking initramfs...
[    0.447611] NFS: Registering the id_resolver key type
[    0.448228] Key type id_resolver registered
[    0.448285] Key type id_legacy registered
[    0.448854] nfs4filelayout_init: NFSv4 File Layout Driver Registering...
[    0.449050] nfs4flexfilelayout_init: NFSv4 Flexfile Layout Driver Registering...
[    0.451133] 9p: Installing v9fs 9p2000 file system support
[    0.455822] NET: Registered PF_ALG protocol family
[    0.456357] Block layer SCSI generic (bsg) driver version 0.4 loaded (major 244)
[    0.458000] io scheduler mq-deadline registered
[    0.458160] io scheduler kyber registered
[    0.458746] io scheduler bfq registered
[    0.473779] riscv-plic: plic@c000000: mapped 96 interrupts with 4 handlers for 8 contexts.
[    0.481717] pci-host-generic 30000000.pci: host bridge /soc/pci@30000000 ranges:
[    0.482741] pci-host-generic 30000000.pci:       IO 0x0003000000..0x000300ffff -> 0x0000000000
[    0.483502] pci-host-generic 30000000.pci:      MEM 0x0040000000..0x007fffffff -> 0x0040000000
[    0.483592] pci-host-generic 30000000.pci:      MEM 0x0400000000..0x07ffffffff -> 0x0400000000
[    0.484443] pci-host-generic 30000000.pci: Memory resource size exceeds max for 32 bits
[    0.485391] pci-host-generic 30000000.pci: ECAM at [mem 0x30000000-0x3fffffff] for [bus 00-ff]
[    0.487779] pci-host-generic 30000000.pci: PCI host bridge to bus 0000:00
[    0.488124] pci_bus 0000:00: root bus resource [bus 00-ff]
[    0.488211] pci_bus 0000:00: root bus resource [io  0x0000-0xffff]
[    0.488268] pci_bus 0000:00: root bus resource [mem 0x40000000-0x7fffffff]
[    0.488282] pci_bus 0000:00: root bus resource [mem 0x400000000-0x7ffffffff]
[    0.490371] pci 0000:00:00.0: [1b36:0008] type 00 class 0x060000 conventional PCI endpoint
[    0.498725] pci_bus 0000:00: resource 4 [io  0x0000-0xffff]
[    0.498806] pci_bus 0000:00: resource 5 [mem 0x40000000-0x7fffffff]
[    0.498825] pci_bus 0000:00: resource 6 [mem 0x400000000-0x7ffffffff]
[    0.775323] Serial: 8250/16550 driver, 4 ports, IRQ sharing disabled
[    0.800629] printk: legacy console [ttyS0] disabled
[    0.806640] 10000000.serial: ttyS0 at MMIO 0x10000000 (irq = 12, base_baud = 230400) is a 16550A
[    0.809696] printk: legacy console [ttyS0] enabled
[    0.903120] loop: module loaded
[    0.920402] e1000e: Intel(R) PRO/1000 Network Driver
[    0.920713] e1000e: Copyright(c) 1999 - 2015 Intel Corporation.
[    0.927010] usbcore: registered new interface driver uas
[    0.927718] usbcore: registered new interface driver usb-storage
[    0.930002] mousedev: PS/2 mouse device common for all mice
[    0.937834] goldfish_rtc 101000.rtc: registered as rtc0
[    0.939113] goldfish_rtc 101000.rtc: setting system clock to 2026-09-20T09:32:02 UTC (1789896722)
[    0.955727] usbcore: registered new interface driver usbhid
[    0.956309] usbhid: USB HID core driver
[    0.958261] riscv-pmu-sbi: SBI PMU extension is available
[    0.962418] riscv-pmu-sbi: 16 firmware and 18 hardware counters
[    0.962953] riscv-pmu-sbi: Perf sampling/filtering is not supported as sscof extension is not available
[    0.986705] IPVS: Registered protocols (TCP, UDP)
[    0.987150] IPVS: Connection hash table configured (size=4096, memory=32Kbytes)
[    0.990620] IPVS: ipvs loaded.
[    0.991027] IPVS: [rr] scheduler registered.
[    0.994580] Initializing XFRM netlink socket
[    0.996152] NET: Registered PF_INET6 protocol family
[    1.011591] Segment Routing with IPv6
[    1.012113] In-situ OAM (IOAM) with IPv6
[    1.014439] NET: Registered PF_PACKET protocol family
[    1.015611] Bridge firewalling registered
[    1.018310] 9pnet: Installing 9P2000 support
[    1.019029] Key type dns_resolver registered
[    1.897426] clk: Disabling unused clocks
[    1.897981] PM: genpd: Disabling unused power domains
[    1.898336] ALSA device list:
[    1.900503]   No soundcards found.
[    7.187141] Initramfs unpacking failed: write error
[    7.336301] Freeing initrd memory: 200212K
[    7.446322] Freeing unused kernel image (initmem) memory: 2468K
[    7.447642] Run /init as init process
PAYLOAD_START
[     7.86] rootfs (initramfs): rootfs 381M total, 381M used, 0M free; MemTotal 960M
PAYLOAD_FAIL: initrd truncated (kernel: Initramfs unpacking failed: write error)
[     7.96] payload: the image is incomplete, so no test was run and no test
[     7.98] payload: marker will be printed. Give the guest more RAM, or boot a
[     7.99] payload: smaller variant, or add initramfs_options=size=90% (see NOTES).
[     8.09] rootfs (at the failure): rootfs 381M total, 381M used, 0M free; MemTotal 960M
[     8.10] payload: kernel initramfs lines:
[    0.440658] Unpacking initramfs...
[    7.187141] Initramfs unpacking failed: write error
[    7.336301] Freeing initrd memory: 200212K
[    9.231657] reboot: Power down
