
OpenSBI v1.6
   ____                    _____ ____ _____
  / __ \                  / ____|  _ \_   _|
 | |  | |_ __   ___ _ __ | (___ | |_) || |
 | |  | | '_ \ / _ \ '_ \ \___ \|  _ < | |
 | |__| | |_) |  __/ | | |____) | |_) || |_
  \____/| .__/ \___|_| |_|_____/|____/_____|
        | |
        |_|

Platform Name               : riscv-virtio,qemu
Platform Features           : medeleg
Platform HART Count         : 4
Platform IPI Device         : aclint-mswi
Platform Timer Device       : aclint-mtimer @ 10000000Hz
Platform Console Device     : uart8250
Platform HSM Device         : ---
Platform PMU Device         : ---
Platform Reboot Device      : syscon-reboot
Platform Shutdown Device    : syscon-poweroff
Platform Suspend Device     : ---
Platform CPPC Device        : ---
Firmware Base               : 0x80000000
Firmware Size               : 361 KB
Firmware RW Offset          : 0x40000
Firmware RW Size            : 105 KB
Firmware Heap Offset        : 0x4e000
Firmware Heap Size          : 49 KB (total), 3 KB (reserved), 13 KB (used), 32 KB (free)
Firmware Scratch Size       : 4096 B (total), 440 B (used), 3656 B (free)
Runtime SBI Version         : 2.0
Standard SBI Extensions     : ipi,pmu,srst,hsm,rfnc,time,base,legacy,dbcn
Experimental SBI Extensions : sse,fwft,dbtr

Domain0 Name                : root
Domain0 Boot HART           : 3
Domain0 HARTs               : 0*,1*,2*,3*
Domain0 Region00            : 0x0000000000100000-0x0000000000100fff M: (I,R,W) S/U: (R,W)
Domain0 Region01            : 0x0000000010000000-0x0000000010000fff M: (I,R,W) S/U: (R,W)
Domain0 Region02            : 0x0000000002000000-0x000000000200ffff M: (I,R,W) S/U: ()
Domain0 Region03            : 0x0000000080040000-0x000000008005ffff M: (R,W) S/U: ()
Domain0 Region04            : 0x0000000080000000-0x000000008003ffff M: (R,X) S/U: ()
Domain0 Region05            : 0x000000000c400000-0x000000000c5fffff M: (I,R,W) S/U: (R,W)
Domain0 Region06            : 0x000000000c000000-0x000000000c3fffff M: (I,R,W) S/U: (R,W)
Domain0 Region07            : 0x0000000000000000-0xffffffffffffffff M: () S/U: (R,W,X)
Domain0 Next Address        : 0x0000000080200000
Domain0 Next Arg1           : 0x0000000097e00000
Domain0 Next Mode           : S-mode
Domain0 SysReset            : yes
Domain0 SysSuspend          : yes

Boot HART ID                : 3
Boot HART Domain            : root
Boot HART Priv Version      : v1.12
Boot HART Base ISA          : rv64imafdch
Boot HART ISA Extensions    : sstc,zicntr,zihpm,zicboz,zicbom,sdtrig,svadu
Boot HART PMP Count         : 16
Boot HART PMP Granularity   : 2 bits
Boot HART PMP Address Bits  : 54
Boot HART MHPM Info         : 16 (0x0007fff8)
Boot HART Debug Triggers    : 2 triggers
Boot HART MIDELEG           : 0x0000000000001666
Boot HART MEDELEG           : 0x0000000000f4b509
[    0.000000] Booting Linux on hartid 3
[    0.000000] Linux version 7.2.6 (@3b2d2172f0a8) (riscv64-linux-gnu-gcc (Debian 14.2.0-19) 14.2.0, GNU ld (GNU Binutils for Debian) 2.44) #1 SMP PREEMPT Sat Sep 19 20:58:08 UTC 2026
[    0.000000] random: crng init done
[    0.000000] Machine model: riscv-virtio,qemu
[    0.000000] SBI specification v2.0 detected
[    0.000000] SBI implementation ID=0x1 Version=0x10006
[    0.000000] SBI TIME extension detected
[    0.000000] SBI IPI extension detected
[    0.000000] SBI RFENCE extension detected
[    0.000000] SBI SRST extension detected
[    0.000000] SBI DBCN extension detected
[    0.000000] efi: UEFI not found.
[    0.000000] OF: reserved mem: 0x0000000080000000..0x000000008003ffff (256 KiB) nomap non-reusable mmode_resv1@80000000
[    0.000000] OF: reserved mem: 0x0000000080040000..0x000000008005ffff (128 KiB) nomap non-reusable mmode_resv0@80040000
[    0.000000] SBI HSM extension detected
[    0.000000] riscv: base ISA extensions acdfhim
[    0.000000] riscv: ELF capabilities acdfim
[    0.000000] Queued spinlock using Ziccrse: enabled
[    0.000000] Zone ranges:
[    0.000000]   DMA32    [mem 0x0000000080000000-0x0000000097ffffff]
[    0.000000]   Normal   empty
[    0.000000] Movable zone start for each node
[    0.000000] Early memory node ranges
[    0.000000]   node   0: [mem 0x0000000080000000-0x000000008005ffff]
[    0.000000]   node   0: [mem 0x0000000080060000-0x0000000097ffffff]
[    0.000000] Initmem setup node 0 [mem 0x0000000080000000-0x0000000097ffffff]
[    0.000000] percpu: Embedded 31 pages/cpu s88216 r8192 d30568 u126976
[    0.000000] Kernel command line: console=ttyS0 initramfs_options=size=90% test=docker docker.timeout=1800 progress=120
[    0.000000] Unknown kernel command line parameters "test=docker progress=120", will be passed to user space.
[    0.000000] printk: log buffer data + meta data: 131072 + 458752 = 589824 bytes
[    0.000000] Dentry cache hash table entries: 32768 (order: 6, 262144 bytes, linear)
[    0.000000] Inode-cache hash table entries: 16384 (order: 5, 131072 bytes, linear)
[    0.000000] software IO TLB: SWIOTLB bounce buffer size adjusted to 0MB
[    0.000000] software IO TLB: area num 4.
[    0.000000] software IO TLB: SWIOTLB bounce buffer size roundup to 1MB
[    0.000000] software IO TLB: mapped [mem 0x0000000097e0d000-0x0000000097f0d000] (1MB)
[    0.000000] Built 1 zonelists, mobility grouping on.  Total pages: 98304
[    0.000000] mem auto-init: stack:all(zero), heap alloc:off, heap free:off
[    0.000000] SLUB: HWalign=64, Order=0-3, MinObjects=0, CPUs=4, Nodes=1
[    0.000000] rcu: Hierarchical RCU implementation.
[    0.000000] rcu: 	RCU event tracing is enabled.
[    0.000000] rcu: 	RCU restricting CPUs from NR_CPUS=256 to nr_cpu_ids=4.
[    0.000000] 	Trampoline variant of Tasks RCU enabled.
[    0.000000] 	Tracing variant of Tasks RCU enabled.
[    0.000000] rcu: RCU calculated value of scheduler-enlistment delay is 25 jiffies.
[    0.000000] rcu: Adjusting geometry for rcu_fanout_leaf=16, nr_cpu_ids=4
[    0.000000] RCU Tasks: Setting shift to 2 and lim to 1 rcu_task_cb_adjust=1 rcu_task_cpu_ids=4.
[    0.000000] NR_IRQS: 64, nr_irqs: 64, preallocated irqs: 0
[    0.000000] riscv-intc: 64 local interrupts mapped
[    0.000000] riscv: providing IPIs using SBI IPI extension
[    0.000000] rcu: srcu_init: Setting srcu_struct sizes based on contention.
[    0.000000] clocksource: jiffies: mask: 0xffffffff max_cycles: 0xffffffff, max_idle_ns: 7645041785100000 ns
[    0.000000] clocksource: riscv_clocksource: mask: 0xffffffffffffffff max_cycles: 0x24e6a1710, max_idle_ns: 440795202120 ns
[    0.000096] sched_clock: 64 bits at 10MHz, resolution 100ns, wraps every 4398046511100ns
[    0.000240] riscv-timer: Timer interrupt in S-mode is available via sstc extension
[    0.011670] Console: colour dummy device 80x25
[    0.015558] Calibrating delay loop (skipped), value calculated using timer frequency.. 20.00 BogoMIPS (lpj=40000)
[    0.015738] pid_max: default: 32768 minimum: 301
[    0.025124] Mount-cache hash table entries: 512 (order: 0, 4096 bytes, linear)
[    0.025182] Mountpoint-cache hash table entries: 512 (order: 0, 4096 bytes, linear)
[    0.037053] VFS: Finished mounting rootfs on nullfs
[    0.078969] riscv: ELF compat mode supported
[    0.079323] ASID allocator using 16 bits (65536 entries)
[    0.082853] rcu: Hierarchical SRCU implementation.
[    0.082903] rcu: 	Max phase no-delay instances is 1000.
[    0.084612] Timer migration: 1 hierarchy levels; 8 children per group; 1 crossnode level
[    0.088167] EFI services will not be available.
[    0.090598] smp: Bringing up secondary CPUs ...
[    0.110120] smp: Brought up 1 node, 4 CPUs
[    0.121875] Memory: 253024K/393216K available (13250K kernel code, 6056K rwdata, 6144K rodata, 2470K init, 506K bss, 137052K reserved, 0K cma-reserved)
[    0.135868] devtmpfs: initialized
[    0.150937] posixtimers hash table entries: 2048 (order: 3, 32768 bytes, linear)
[    0.151308] futex hash table entries: 1024 (65536 bytes on 1 NUMA nodes, total 64 KiB, linear).
[    0.164617] DMI: not present or invalid.
[    0.167826] NET: Registered PF_NETLINK/PF_ROUTE protocol family
[    0.173020] DMA: preallocated 128 KiB GFP_KERNEL|GFP_DMA32 pool for atomic allocations
[    0.173509] audit: initializing netlink subsys (disabled)
[    0.176434] audit: type=2000 audit(0.160:1): state=initialized audit_enabled=0 res=1
[    0.180045] thermal_sys: Registered thermal governor 'step_wise'
[    0.181187] cpuidle: using governor menu
[    0.214787] HugeTLB: registered 2.00 MiB page size, pre-allocated 0 pages
[    0.214836] HugeTLB: 28 KiB vmemmap can be freed for a 2.00 MiB page
[    0.220417] ACPI: Interpreter disabled.
[    0.221356] iommu: Default domain type: Translated
[    0.221409] iommu: DMA domain TLB invalidation policy: strict mode
[    0.227312] SCSI subsystem initialized
[    0.230737] usbcore: registered new interface driver usbfs
[    0.231205] usbcore: registered new interface driver hub
[    0.231420] usbcore: registered new device driver usb
[    0.236051] Advanced Linux Sound Architecture Driver Initialized.
[    0.258077] vgaarb: loaded
[    0.262622] clocksource: Switched to clocksource riscv_clocksource
[    0.269226] pnp: PnP ACPI: disabled
[    0.323440] NET: Registered PF_INET protocol family
[    0.325063] IP idents hash table entries: 4096 (order: 3, 32768 bytes, linear)
[    0.334294] tcp_listen_portaddr_hash hash table entries: 256 (order: 0, 4096 bytes, linear)
[    0.334401] Table-perturb hash table entries: 65536 (order: 6, 262144 bytes, linear)
[    0.334491] TCP established hash table entries: 2048 (order: 2, 16384 bytes, linear)
[    0.334710] TCP bind hash table entries: 2048 (order: 4, 65536 bytes, linear)
[    0.334928] TCP: Hash tables configured (established 2048 bind 2048)
[    0.336181] UDP hash table entries: 256 (order: 2, 16384 bytes, linear)
[    0.338265] NET: Registered PF_UNIX/PF_LOCAL protocol family
[    0.344263] RPC: Registered named UNIX socket transport module.
[    0.344404] RPC: Registered udp transport module.
[    0.344422] RPC: Registered tcp transport module.
[    0.344434] RPC: Registered tcp-with-tls transport module.
[    0.344445] RPC: Registered tcp NFSv4.1 backchannel transport module.
[    0.362700] cpu2: scalar unaligned word access speed is 7.16x byte access speed (fast)
[    0.362672] cpu1: scalar unaligned word access speed is 7.16x byte access speed (fast)
[    0.362752] cpu0: scalar unaligned word access speed is 7.41x byte access speed (fast)
[    0.362756] cpu3: scalar unaligned word access speed is 7.41x byte access speed (fast)
[    0.365090] PCI: CLS 0 bytes, default 64
[    0.373567] workingset: timestamp_bits=46 (anon: 41) max_order=16 bucket_order=0 (anon: 0)
[    0.374499] Unpacking initramfs...
[    0.381563] NFS: Registering the id_resolver key type
[    0.382469] Key type id_resolver registered
[    0.382531] Key type id_legacy registered
[    0.383103] nfs4filelayout_init: NFSv4 File Layout Driver Registering...
[    0.383252] nfs4flexfilelayout_init: NFSv4 Flexfile Layout Driver Registering...
[    0.387171] 9p: Installing v9fs 9p2000 file system support
[    0.391494] NET: Registered PF_ALG protocol family
[    0.392015] Block layer SCSI generic (bsg) driver version 0.4 loaded (major 244)
[    0.393134] io scheduler mq-deadline registered
[    0.393245] io scheduler kyber registered
[    0.393602] io scheduler bfq registered
[    0.408880] riscv-plic: plic@c000000: mapped 96 interrupts with 4 handlers for 8 contexts.
[    0.416182] pci-host-generic 30000000.pci: host bridge /soc/pci@30000000 ranges:
[    0.417179] pci-host-generic 30000000.pci:       IO 0x0003000000..0x000300ffff -> 0x0000000000
[    0.417874] pci-host-generic 30000000.pci:      MEM 0x0040000000..0x007fffffff -> 0x0040000000
[    0.418065] pci-host-generic 30000000.pci:      MEM 0x0400000000..0x07ffffffff -> 0x0400000000
[    0.418849] pci-host-generic 30000000.pci: Memory resource size exceeds max for 32 bits
[    0.419765] pci-host-generic 30000000.pci: ECAM at [mem 0x30000000-0x3fffffff] for [bus 00-ff]
[    0.422620] pci-host-generic 30000000.pci: PCI host bridge to bus 0000:00
[    0.423016] pci_bus 0000:00: root bus resource [bus 00-ff]
[    0.423108] pci_bus 0000:00: root bus resource [io  0x0000-0xffff]
[    0.423165] pci_bus 0000:00: root bus resource [mem 0x40000000-0x7fffffff]
[    0.423178] pci_bus 0000:00: root bus resource [mem 0x400000000-0x7ffffffff]
[    0.425319] pci 0000:00:00.0: [1b36:0008] type 00 class 0x060000 conventional PCI endpoint
[    0.434945] pci_bus 0000:00: resource 4 [io  0x0000-0xffff]
[    0.435018] pci_bus 0000:00: resource 5 [mem 0x40000000-0x7fffffff]
[    0.435036] pci_bus 0000:00: resource 6 [mem 0x400000000-0x7ffffffff]
[    0.641793] Serial: 8250/16550 driver, 4 ports, IRQ sharing disabled
[    0.667986] printk: legacy console [ttyS0] disabled
[    0.673332] 10000000.serial: ttyS0 at MMIO 0x10000000 (irq = 12, base_baud = 230400) is a 16550A
[    0.676083] printk: legacy console [ttyS0] enabled
[    0.769570] loop: module loaded
[    0.785363] e1000e: Intel(R) PRO/1000 Network Driver
[    0.785640] e1000e: Copyright(c) 1999 - 2015 Intel Corporation.
[    0.790586] usbcore: registered new interface driver uas
[    0.791257] usbcore: registered new interface driver usb-storage
[    0.793246] mousedev: PS/2 mouse device common for all mice
[    0.801078] goldfish_rtc 101000.rtc: registered as rtc0
[    0.802382] goldfish_rtc 101000.rtc: setting system clock to 2026-09-20T09:05:32 UTC (1789895132)
[    0.813561] usbcore: registered new interface driver usbhid
[    0.814316] usbhid: USB HID core driver
[    0.816037] riscv-pmu-sbi: SBI PMU extension is available
[    0.817226] riscv-pmu-sbi: 16 firmware and 18 hardware counters
[    0.817536] riscv-pmu-sbi: Perf sampling/filtering is not supported as sscof extension is not available
[    0.844414] IPVS: Registered protocols (TCP, UDP)
[    0.844830] IPVS: Connection hash table configured (size=4096, memory=32Kbytes)
[    0.847343] IPVS: ipvs loaded.
[    0.847663] IPVS: [rr] scheduler registered.
[    0.850245] Initializing XFRM netlink socket
[    0.851422] NET: Registered PF_INET6 protocol family
[    0.865585] Segment Routing with IPv6
[    0.866821] In-situ OAM (IOAM) with IPv6
[    0.869546] NET: Registered PF_PACKET protocol family
[    0.870821] Bridge firewalling registered
[    0.873200] 9pnet: Installing 9P2000 support
[    0.873809] Key type dns_resolver registered
[    1.808901] clk: Disabling unused clocks
[    1.809470] PM: genpd: Disabling unused power domains
[    1.809822] ALSA device list:
[    1.811183]   No soundcards found.
[    4.025440] Freeing initrd memory: 81404K
[    4.134564] Freeing unused kernel image (initmem) memory: 2468K
[    4.136111] Run /init as init process
PAYLOAD_START
[     4.54] rootfs (initramfs): rootfs 225M total, 209M used, 15M free; MemTotal 332M
[     5.35] payload: image intact (variant docker, 1153 files, 218319320 bytes, 17 named files, checked in 1s)
[     5.39] stage 1: initramfs rootfs, moving the root to tmpfs (size=90%)
[     5.40] free -m (stage 1 start):
               total        used        free      shared  buff/cache   available
Mem:             332         238          95         209         211          93
Swap:              0           0           0
[    6.862415] Out of memory: Killed process 157 (tar) total-vm:3120kB, anon-rss:212kB, file-rss:12kB, shmem-rss:1848kB, UID:0 pgtables:36kB oom_score_adj:0
[     6.91] stage 1: switching root
[     7.65] cgroups: available:cpuset cpu io memory hugetlb pids 
[     7.68] cgroups: delegated: cpuset cpu io memory hugetlb pids
[     7.81] stage 2: root is tmpfs, test=docker
[     7.91] rootfs (real root): tmpfs 298M total, 89M used, 209M free; MemTotal 332M
[     7.92] payload: image variant docker (docker=1 k3s=0)
[     8.33] net: lo 127.0.0.1/8 dummy0 10.0.2.15/24 
[     8.38] net: default route: default via 10.0.2.2 dev dummy0 onlink 
[     8.40] free -m (stage 2 start):
               total        used        free      shared  buff/cache   available
Mem:             332         113         220          89          91         218
Swap:              0           0           0
[     8.45] prune: removing the K3s stack to free RAM
[     8.49] === Docker test (timeout 1800s) ===
[     8.50] free -m (before docker):
               total        used        free      shared  buff/cache   available
Mem:             332         113         220          89          91         218
Swap:              0           0           0
[     9.06] docker: runc version 1.4.0 commit: v1.4.0-0-g8bd78a99 spec: 1.3.0 go: go1.24.4 libseccomp: 2.6.0 
[   129.77] containerd: TIMEOUT after 121s
DOCKER_FAIL: dockerd did not start
[   129.79] docker: last 30 lines of /var/log/dockerd.log:
[   129.84] docker: last 20 lines of /var/log/containerd.log:
/init: line 546: containerd: command not found
[   129.89] SUMMARY: docker=failed: dockerd did not start k3s=skipped
[   129.92] free -m (final):
               total        used        free      shared  buff/cache   available
Mem:             332         110         223          89          91         221
Swap:              0           0           0
PAYLOAD_DONE
[  131.037698] reboot: Power down
