
OpenSBI v1.6
   ____                    _____ ____ _____
  / __ \                  / ____|  _ \_   _|
 | |  | |_ __   ___ _ __ | (___ | |_) || |
 | |  | | '_ \ / _ \ '_ \ \___ \|  _ < | |
 | |__| | |_) |  __/ | | |____) | |_) || |_
  \____/| .__/ \___|_| |_|_____/|____/_____|
        | |
        |_|

Platform Name               : riscv-virtio,qemu
Platform Features           : medeleg
Platform HART Count         : 4
Platform IPI Device         : aclint-mswi
Platform Timer Device       : aclint-mtimer @ 10000000Hz
Platform Console Device     : uart8250
Platform HSM Device         : ---
Platform PMU Device         : ---
Platform Reboot Device      : syscon-reboot
Platform Shutdown Device    : syscon-poweroff
Platform Suspend Device     : ---
Platform CPPC Device        : ---
Firmware Base               : 0x80000000
Firmware Size               : 361 KB
Firmware RW Offset          : 0x40000
Firmware RW Size            : 105 KB
Firmware Heap Offset        : 0x4e000
Firmware Heap Size          : 49 KB (total), 3 KB (reserved), 13 KB (used), 32 KB (free)
Firmware Scratch Size       : 4096 B (total), 440 B (used), 3656 B (free)
Runtime SBI Version         : 2.0
Standard SBI Extensions     : ipi,pmu,srst,hsm,rfnc,time,base,legacy,dbcn
Experimental SBI Extensions : sse,fwft,dbtr

Domain0 Name                : root
Domain0 Boot HART           : 0
Domain0 HARTs               : 0*,1*,2*,3*
Domain0 Region00            : 0x0000000000100000-0x0000000000100fff M: (I,R,W) S/U: (R,W)
Domain0 Region01            : 0x0000000010000000-0x0000000010000fff M: (I,R,W) S/U: (R,W)
Domain0 Region02            : 0x0000000002000000-0x000000000200ffff M: (I,R,W) S/U: ()
Domain0 Region03            : 0x0000000080040000-0x000000008005ffff M: (R,W) S/U: ()
Domain0 Region04            : 0x0000000080000000-0x000000008003ffff M: (R,X) S/U: ()
Domain0 Region05            : 0x000000000c400000-0x000000000c5fffff M: (I,R,W) S/U: (R,W)
Domain0 Region06            : 0x000000000c000000-0x000000000c3fffff M: (I,R,W) S/U: (R,W)
Domain0 Region07            : 0x0000000000000000-0xffffffffffffffff M: () S/U: (R,W,X)
Domain0 Next Address        : 0x0000000080200000
Domain0 Next Arg1           : 0x00000000a7e00000
Domain0 Next Mode           : S-mode
Domain0 SysReset            : yes
Domain0 SysSuspend          : yes

Boot HART ID                : 0
Boot HART Domain            : root
Boot HART Priv Version      : v1.12
Boot HART Base ISA          : rv64imafdch
Boot HART ISA Extensions    : sstc,zicntr,zihpm,zicboz,zicbom,sdtrig,svadu
Boot HART PMP Count         : 16
Boot HART PMP Granularity   : 2 bits
Boot HART PMP Address Bits  : 54
Boot HART MHPM Info         : 16 (0x0007fff8)
Boot HART Debug Triggers    : 2 triggers
Boot HART MIDELEG           : 0x0000000000001666
Boot HART MEDELEG           : 0x0000000000f4b509
[    0.000000] Booting Linux on hartid 0
[    0.000000] Linux version 7.2.6 (@3b2d2172f0a8) (riscv64-linux-gnu-gcc (Debian 14.2.0-19) 14.2.0, GNU ld (GNU Binutils for Debian) 2.44) #1 SMP PREEMPT Sat Sep 19 20:58:08 UTC 2026
[    0.000000] random: crng init done
[    0.000000] Machine model: riscv-virtio,qemu
[    0.000000] SBI specification v2.0 detected
[    0.000000] SBI implementation ID=0x1 Version=0x10006
[    0.000000] SBI TIME extension detected
[    0.000000] SBI IPI extension detected
[    0.000000] SBI RFENCE extension detected
[    0.000000] SBI SRST extension detected
[    0.000000] SBI DBCN extension detected
[    0.000000] efi: UEFI not found.
[    0.000000] OF: reserved mem: 0x0000000080000000..0x000000008003ffff (256 KiB) nomap non-reusable mmode_resv1@80000000
[    0.000000] OF: reserved mem: 0x0000000080040000..0x000000008005ffff (128 KiB) nomap non-reusable mmode_resv0@80040000
[    0.000000] SBI HSM extension detected
[    0.000000] riscv: base ISA extensions acdfhim
[    0.000000] riscv: ELF capabilities acdfim
[    0.000000] Queued spinlock using Ziccrse: enabled
[    0.000000] Zone ranges:
[    0.000000]   DMA32    [mem 0x0000000080000000-0x00000000a7ffffff]
[    0.000000]   Normal   empty
[    0.000000] Movable zone start for each node
[    0.000000] Early memory node ranges
[    0.000000]   node   0: [mem 0x0000000080000000-0x000000008005ffff]
[    0.000000]   node   0: [mem 0x0000000080060000-0x00000000a7ffffff]
[    0.000000] Initmem setup node 0 [mem 0x0000000080000000-0x00000000a7ffffff]
[    0.000000] percpu: Embedded 31 pages/cpu s88216 r8192 d30568 u126976
[    0.000000] Kernel command line: console=ttyS0 test=docker docker.timeout=1800 progress=120
[    0.000000] Unknown kernel command line parameters "test=docker progress=120", will be passed to user space.
[    0.000000] printk: log buffer data + meta data: 131072 + 458752 = 589824 bytes
[    0.000000] Dentry cache hash table entries: 65536 (order: 7, 524288 bytes, linear)
[    0.000000] Inode-cache hash table entries: 32768 (order: 6, 262144 bytes, linear)
[    0.000000] software IO TLB: SWIOTLB bounce buffer size adjusted to 0MB
[    0.000000] software IO TLB: area num 4.
[    0.000000] software IO TLB: SWIOTLB bounce buffer size roundup to 1MB
[    0.000000] software IO TLB: mapped [mem 0x00000000a6300000-0x00000000a6400000] (1MB)
[    0.000000] Built 1 zonelists, mobility grouping on.  Total pages: 163840
[    0.000000] mem auto-init: stack:all(zero), heap alloc:off, heap free:off
[    0.000000] SLUB: HWalign=64, Order=0-3, MinObjects=0, CPUs=4, Nodes=1
[    0.000000] rcu: Hierarchical RCU implementation.
[    0.000000] rcu: 	RCU event tracing is enabled.
[    0.000000] rcu: 	RCU restricting CPUs from NR_CPUS=256 to nr_cpu_ids=4.
[    0.000000] 	Trampoline variant of Tasks RCU enabled.
[    0.000000] 	Tracing variant of Tasks RCU enabled.
[    0.000000] rcu: RCU calculated value of scheduler-enlistment delay is 25 jiffies.
[    0.000000] rcu: Adjusting geometry for rcu_fanout_leaf=16, nr_cpu_ids=4
[    0.000000] RCU Tasks: Setting shift to 2 and lim to 1 rcu_task_cb_adjust=1 rcu_task_cpu_ids=4.
[    0.000000] NR_IRQS: 64, nr_irqs: 64, preallocated irqs: 0
[    0.000000] riscv-intc: 64 local interrupts mapped
[    0.000000] riscv: providing IPIs using SBI IPI extension
[    0.000000] rcu: srcu_init: Setting srcu_struct sizes based on contention.
[    0.000000] clocksource: jiffies: mask: 0xffffffff max_cycles: 0xffffffff, max_idle_ns: 7645041785100000 ns
[    0.000000] clocksource: riscv_clocksource: mask: 0xffffffffffffffff max_cycles: 0x24e6a1710, max_idle_ns: 440795202120 ns
[    0.000095] sched_clock: 64 bits at 10MHz, resolution 100ns, wraps every 4398046511100ns
[    0.000230] riscv-timer: Timer interrupt in S-mode is available via sstc extension
[    0.010552] Console: colour dummy device 80x25
[    0.013985] Calibrating delay loop (skipped), value calculated using timer frequency.. 20.00 BogoMIPS (lpj=40000)
[    0.014164] pid_max: default: 32768 minimum: 301
[    0.022674] Mount-cache hash table entries: 1024 (order: 1, 8192 bytes, linear)
[    0.022726] Mountpoint-cache hash table entries: 1024 (order: 1, 8192 bytes, linear)
[    0.032538] VFS: Finished mounting rootfs on nullfs
[    0.073181] riscv: ELF compat mode supported
[    0.073475] ASID allocator using 16 bits (65536 entries)
[    0.074997] rcu: Hierarchical SRCU implementation.
[    0.075037] rcu: 	Max phase no-delay instances is 1000.
[    0.076685] Timer migration: 1 hierarchy levels; 8 children per group; 1 crossnode level
[    0.080501] EFI services will not be available.
[    0.082271] smp: Bringing up secondary CPUs ...
[    0.100494] smp: Brought up 1 node, 4 CPUs
[    0.112034] Memory: 510040K/655360K available (13250K kernel code, 6056K rwdata, 6144K rodata, 2470K init, 506K bss, 141532K reserved, 0K cma-reserved)
[    0.124343] devtmpfs: initialized
[    0.139853] posixtimers hash table entries: 2048 (order: 3, 32768 bytes, linear)
[    0.140211] futex hash table entries: 1024 (65536 bytes on 1 NUMA nodes, total 64 KiB, linear).
[    0.153516] DMI: not present or invalid.
[    0.156415] NET: Registered PF_NETLINK/PF_ROUTE protocol family
[    0.161204] DMA: preallocated 128 KiB GFP_KERNEL|GFP_DMA32 pool for atomic allocations
[    0.161659] audit: initializing netlink subsys (disabled)
[    0.164725] audit: type=2000 audit(0.148:1): state=initialized audit_enabled=0 res=1
[    0.167718] thermal_sys: Registered thermal governor 'step_wise'
[    0.168549] cpuidle: using governor menu
[    0.196897] HugeTLB: registered 2.00 MiB page size, pre-allocated 0 pages
[    0.196943] HugeTLB: 28 KiB vmemmap can be freed for a 2.00 MiB page
[    0.202463] ACPI: Interpreter disabled.
[    0.203309] iommu: Default domain type: Translated
[    0.203356] iommu: DMA domain TLB invalidation policy: strict mode
[    0.211829] SCSI subsystem initialized
[    0.215928] usbcore: registered new interface driver usbfs
[    0.216346] usbcore: registered new interface driver hub
[    0.216556] usbcore: registered new device driver usb
[    0.221457] Advanced Linux Sound Architecture Driver Initialized.
[    0.242946] vgaarb: loaded
[    0.247265] clocksource: Switched to clocksource riscv_clocksource
[    0.256349] pnp: PnP ACPI: disabled
[    0.309857] NET: Registered PF_INET protocol family
[    0.311774] IP idents hash table entries: 8192 (order: 4, 65536 bytes, linear)
[    0.321033] tcp_listen_portaddr_hash hash table entries: 256 (order: 0, 4096 bytes, linear)
[    0.321144] Table-perturb hash table entries: 65536 (order: 6, 262144 bytes, linear)
[    0.321233] TCP established hash table entries: 4096 (order: 3, 32768 bytes, linear)
[    0.321443] TCP bind hash table entries: 4096 (order: 5, 131072 bytes, linear)
[    0.321646] TCP: Hash tables configured (established 4096 bind 4096)
[    0.323053] UDP hash table entries: 256 (order: 2, 16384 bytes, linear)
[    0.325238] NET: Registered PF_UNIX/PF_LOCAL protocol family
[    0.331422] RPC: Registered named UNIX socket transport module.
[    0.331513] RPC: Registered udp transport module.
[    0.331528] RPC: Registered tcp transport module.
[    0.331538] RPC: Registered tcp-with-tls transport module.
[    0.331549] RPC: Registered tcp NFSv4.1 backchannel transport module.
[    0.349818] cpu2: scalar unaligned word access speed is 7.47x byte access speed (fast)
[    0.349863] cpu3: scalar unaligned word access speed is 7.16x byte access speed (fast)
[    0.349871] cpu0: scalar unaligned word access speed is 7.47x byte access speed (fast)
[    0.349930] cpu1: scalar unaligned word access speed is 7.05x byte access speed (fast)
[    0.351789] PCI: CLS 0 bytes, default 64
[    0.359916] workingset: timestamp_bits=46 (anon: 41) max_order=17 bucket_order=0 (anon: 0)
[    0.360482] Unpacking initramfs...
[    0.368679] NFS: Registering the id_resolver key type
[    0.369262] Key type id_resolver registered
[    0.369338] Key type id_legacy registered
[    0.369942] nfs4filelayout_init: NFSv4 File Layout Driver Registering...
[    0.370083] nfs4flexfilelayout_init: NFSv4 Flexfile Layout Driver Registering...
[    0.373812] 9p: Installing v9fs 9p2000 file system support
[    0.378237] NET: Registered PF_ALG protocol family
[    0.378849] Block layer SCSI generic (bsg) driver version 0.4 loaded (major 244)
[    0.380257] io scheduler mq-deadline registered
[    0.380389] io scheduler kyber registered
[    0.380735] io scheduler bfq registered
[    0.392784] riscv-plic: plic@c000000: mapped 96 interrupts with 4 handlers for 8 contexts.
[    0.399161] pci-host-generic 30000000.pci: host bridge /soc/pci@30000000 ranges:
[    0.400139] pci-host-generic 30000000.pci:       IO 0x0003000000..0x000300ffff -> 0x0000000000
[    0.401422] pci-host-generic 30000000.pci:      MEM 0x0040000000..0x007fffffff -> 0x0040000000
[    0.401508] pci-host-generic 30000000.pci:      MEM 0x0400000000..0x07ffffffff -> 0x0400000000
[    0.402401] pci-host-generic 30000000.pci: Memory resource size exceeds max for 32 bits
[    0.403204] pci-host-generic 30000000.pci: ECAM at [mem 0x30000000-0x3fffffff] for [bus 00-ff]
[    0.405667] pci-host-generic 30000000.pci: PCI host bridge to bus 0000:00
[    0.406029] pci_bus 0000:00: root bus resource [bus 00-ff]
[    0.406117] pci_bus 0000:00: root bus resource [io  0x0000-0xffff]
[    0.406175] pci_bus 0000:00: root bus resource [mem 0x40000000-0x7fffffff]
[    0.406189] pci_bus 0000:00: root bus resource [mem 0x400000000-0x7ffffffff]
[    0.408540] pci 0000:00:00.0: [1b36:0008] type 00 class 0x060000 conventional PCI endpoint
[    0.416569] pci_bus 0000:00: resource 4 [io  0x0000-0xffff]
[    0.416621] pci_bus 0000:00: resource 5 [mem 0x40000000-0x7fffffff]
[    0.416637] pci_bus 0000:00: resource 6 [mem 0x400000000-0x7ffffffff]
[    0.590231] Serial: 8250/16550 driver, 4 ports, IRQ sharing disabled
[    0.612828] printk: legacy console [ttyS0] disabled
[    0.617818] 10000000.serial: ttyS0 at MMIO 0x10000000 (irq = 12, base_baud = 230400) is a 16550A
[    0.620706] printk: legacy console [ttyS0] enabled
[    0.700034] loop: module loaded
[    0.717735] e1000e: Intel(R) PRO/1000 Network Driver
[    0.718070] e1000e: Copyright(c) 1999 - 2015 Intel Corporation.
[    0.722386] usbcore: registered new interface driver uas
[    0.723230] usbcore: registered new interface driver usb-storage
[    0.724865] mousedev: PS/2 mouse device common for all mice
[    0.731558] goldfish_rtc 101000.rtc: registered as rtc0
[    0.732587] goldfish_rtc 101000.rtc: setting system clock to 2026-09-20T09:00:35 UTC (1789894835)
[    0.747985] usbcore: registered new interface driver usbhid
[    0.748296] usbhid: USB HID core driver
[    0.750573] riscv-pmu-sbi: SBI PMU extension is available
[    0.752581] riscv-pmu-sbi: 16 firmware and 18 hardware counters
[    0.753016] riscv-pmu-sbi: Perf sampling/filtering is not supported as sscof extension is not available
[    0.779284] IPVS: Registered protocols (TCP, UDP)
[    0.779889] IPVS: Connection hash table configured (size=4096, memory=32Kbytes)
[    0.784103] IPVS: ipvs loaded.
[    0.784441] IPVS: [rr] scheduler registered.
[    0.787405] Initializing XFRM netlink socket
[    0.788264] NET: Registered PF_INET6 protocol family
[    0.800172] Segment Routing with IPv6
[    0.800677] In-situ OAM (IOAM) with IPv6
[    0.803865] NET: Registered PF_PACKET protocol family
[    0.805657] Bridge firewalling registered
[    0.808952] 9pnet: Installing 9P2000 support
[    0.809756] Key type dns_resolver registered
[    1.770437] clk: Disabling unused clocks
[    1.771530] PM: genpd: Disabling unused power domains
[    1.771905] ALSA device list:
[    1.772122]   No soundcards found.
[    4.292542] Freeing initrd memory: 81404K
[    4.409269] Freeing unused kernel image (initmem) memory: 2468K
[    4.410911] Run /init as init process
PAYLOAD_START
[     4.84] rootfs (initramfs): rootfs 250M total, 209M used, 41M free; MemTotal 583M
[     5.74] payload: image intact (variant docker, 1153 files, 218319320 bytes, 17 named files, checked in 1s)
[     5.80] stage 1: initramfs rootfs, moving the root to tmpfs (size=90%)
[     5.82] free -m (stage 1 start):
               total        used        free      shared  buff/cache   available
Mem:             583         245         341         209         211         338
Swap:              0           0           0
[     8.47] stage 1: switching root
[     9.28] cgroups: available:cpuset cpu io memory hugetlb pids 
[     9.32] cgroups: delegated: cpuset cpu io memory hugetlb pids
[     9.46] stage 2: root is tmpfs, test=docker
[     9.56] rootfs (real root): tmpfs 525M total, 209M used, 315M free; MemTotal 583M
[     9.57] payload: image variant docker (docker=1 k3s=0)
[     9.92] net: lo 127.0.0.1/8 dummy0 10.0.2.15/24 
[     9.97] net: default route: default via 10.0.2.2 dev dummy0 onlink 
[     9.99] free -m (stage 2 start):
               total        used        free      shared  buff/cache   available
Mem:             583         245         340         209         212         337
Swap:              0           0           0
[    10.03] prune: removing the K3s stack to free RAM
[    10.07] === Docker test (timeout 1800s) ===
[    10.08] free -m (before docker):
               total        used        free      shared  buff/cache   available
Mem:             583         246         340         209         212         337
Swap:              0           0           0
[    10.60] docker: runc version 1.4.0 commit: v1.4.0-0-g8bd78a99 spec: 1.3.0 go: go1.24.4 libseccomp: 2.6.0 
[    14.86] containerd: ready after 4s
[    15.01] docker: overlayfs works on the tmpfs root, using the default driver
[    23.82] dockerd: ready after 9s
[    23.84] docker: dockerd started with: 
[    24.42] docker: storage driver: overlayfs
[    24.44] docker: loading /var/lib/rancher/k3s/agent/images/busybox-1.37.0.tar
Loaded image: busybox:1.37.0
[    32.19] docker: seccomp inside the container:
Seccomp:	2
Seccomp_filters:	1
DOCKER_OK
[    32.25] free -m (after docker):
               total        used        free      shared  buff/cache   available
Mem:             583         289         296         213         216         293
Swap:              0           0           0
[    33.44] SUMMARY: docker=ok k3s=skipped
[    33.47] free -m (final):
               total        used        free      shared  buff/cache   available
Mem:             583         243         342         213         216         340
Swap:              0           0           0
PAYLOAD_DONE
[   34.585027] reboot: Power down
