
OpenSBI v1.6
   ____                    _____ ____ _____
  / __ \                  / ____|  _ \_   _|
 | |  | |_ __   ___ _ __ | (___ | |_) || |
 | |  | | '_ \ / _ \ '_ \ \___ \|  _ < | |
 | |__| | |_) |  __/ | | |____) | |_) || |_
  \____/| .__/ \___|_| |_|_____/|____/_____|
        | |
        |_|

Platform Name               : riscv-virtio,qemu
Platform Features           : medeleg
Platform HART Count         : 4
Platform IPI Device         : aclint-mswi
Platform Timer Device       : aclint-mtimer @ 10000000Hz
Platform Console Device     : uart8250
Platform HSM Device         : ---
Platform PMU Device         : ---
Platform Reboot Device      : syscon-reboot
Platform Shutdown Device    : syscon-poweroff
Platform Suspend Device     : ---
Platform CPPC Device        : ---
Firmware Base               : 0x80000000
Firmware Size               : 361 KB
Firmware RW Offset          : 0x40000
Firmware RW Size            : 105 KB
Firmware Heap Offset        : 0x4e000
Firmware Heap Size          : 49 KB (total), 3 KB (reserved), 13 KB (used), 32 KB (free)
Firmware Scratch Size       : 4096 B (total), 440 B (used), 3656 B (free)
Runtime SBI Version         : 2.0
Standard SBI Extensions     : ipi,pmu,srst,hsm,rfnc,time,base,legacy,dbcn
Experimental SBI Extensions : sse,fwft,dbtr

Domain0 Name                : root
Domain0 Boot HART           : 1
Domain0 HARTs               : 0*,1*,2*,3*
Domain0 Region00            : 0x0000000000100000-0x0000000000100fff M: (I,R,W) S/U: (R,W)
Domain0 Region01            : 0x0000000010000000-0x0000000010000fff M: (I,R,W) S/U: (R,W)
Domain0 Region02            : 0x0000000002000000-0x000000000200ffff M: (I,R,W) S/U: ()
Domain0 Region03            : 0x0000000080040000-0x000000008005ffff M: (R,W) S/U: ()
Domain0 Region04            : 0x0000000080000000-0x000000008003ffff M: (R,X) S/U: ()
Domain0 Region05            : 0x000000000c400000-0x000000000c5fffff M: (I,R,W) S/U: (R,W)
Domain0 Region06            : 0x000000000c000000-0x000000000c3fffff M: (I,R,W) S/U: (R,W)
Domain0 Region07            : 0x0000000000000000-0xffffffffffffffff M: () S/U: (R,W,X)
Domain0 Next Address        : 0x0000000080200000
Domain0 Next Arg1           : 0x000000009be00000
Domain0 Next Mode           : S-mode
Domain0 SysReset            : yes
Domain0 SysSuspend          : yes

Boot HART ID                : 1
Boot HART Domain            : root
Boot HART Priv Version      : v1.12
Boot HART Base ISA          : rv64imafdch
Boot HART ISA Extensions    : sstc,zicntr,zihpm,zicboz,zicbom,sdtrig,svadu
Boot HART PMP Count         : 16
Boot HART PMP Granularity   : 2 bits
Boot HART PMP Address Bits  : 54
Boot HART MHPM Info         : 16 (0x0007fff8)
Boot HART Debug Triggers    : 2 triggers
Boot HART MIDELEG           : 0x0000000000001666
Boot HART MEDELEG           : 0x0000000000f4b509
[    0.000000] Booting Linux on hartid 1
[    0.000000] Linux version 7.2.6 (@3b2d2172f0a8) (riscv64-linux-gnu-gcc (Debian 14.2.0-19) 14.2.0, GNU ld (GNU Binutils for Debian) 2.44) #1 SMP PREEMPT Sat Sep 19 20:58:08 UTC 2026
[    0.000000] random: crng init done
[    0.000000] Machine model: riscv-virtio,qemu
[    0.000000] SBI specification v2.0 detected
[    0.000000] SBI implementation ID=0x1 Version=0x10006
[    0.000000] SBI TIME extension detected
[    0.000000] SBI IPI extension detected
[    0.000000] SBI RFENCE extension detected
[    0.000000] SBI SRST extension detected
[    0.000000] SBI DBCN extension detected
[    0.000000] efi: UEFI not found.
[    0.000000] OF: reserved mem: 0x0000000080000000..0x000000008003ffff (256 KiB) nomap non-reusable mmode_resv1@80000000
[    0.000000] OF: reserved mem: 0x0000000080040000..0x000000008005ffff (128 KiB) nomap non-reusable mmode_resv0@80040000
[    0.000000] SBI HSM extension detected
[    0.000000] riscv: base ISA extensions acdfhim
[    0.000000] riscv: ELF capabilities acdfim
[    0.000000] Queued spinlock using Ziccrse: enabled
[    0.000000] Zone ranges:
[    0.000000]   DMA32    [mem 0x0000000080000000-0x000000009bffffff]
[    0.000000]   Normal   empty
[    0.000000] Movable zone start for each node
[    0.000000] Early memory node ranges
[    0.000000]   node   0: [mem 0x0000000080000000-0x000000008005ffff]
[    0.000000]   node   0: [mem 0x0000000080060000-0x000000009bffffff]
[    0.000000] Initmem setup node 0 [mem 0x0000000080000000-0x000000009bffffff]
[    0.000000] On node 0, zone DMA32: 16384 pages in unavailable ranges
[    0.000000] percpu: Embedded 31 pages/cpu s88216 r8192 d30568 u126976
[    0.000000] Kernel command line: console=ttyS0 initramfs_options=size=90% test=docker docker.timeout=1800 progress=120
[    0.000000] Unknown kernel command line parameters "test=docker progress=120", will be passed to user space.
[    0.000000] printk: log buffer data + meta data: 131072 + 458752 = 589824 bytes
[    0.000000] Dentry cache hash table entries: 65536 (order: 7, 524288 bytes, linear)
[    0.000000] Inode-cache hash table entries: 32768 (order: 6, 262144 bytes, linear)
[    0.000000] software IO TLB: SWIOTLB bounce buffer size adjusted to 0MB
[    0.000000] software IO TLB: area num 4.
[    0.000000] software IO TLB: SWIOTLB bounce buffer size roundup to 1MB
[    0.000000] software IO TLB: mapped [mem 0x000000009a500000-0x000000009a600000] (1MB)
[    0.000000] Built 1 zonelists, mobility grouping on.  Total pages: 114688
[    0.000000] mem auto-init: stack:all(zero), heap alloc:off, heap free:off
[    0.000000] SLUB: HWalign=64, Order=0-3, MinObjects=0, CPUs=4, Nodes=1
[    0.000000] rcu: Hierarchical RCU implementation.
[    0.000000] rcu: 	RCU event tracing is enabled.
[    0.000000] rcu: 	RCU restricting CPUs from NR_CPUS=256 to nr_cpu_ids=4.
[    0.000000] 	Trampoline variant of Tasks RCU enabled.
[    0.000000] 	Tracing variant of Tasks RCU enabled.
[    0.000000] rcu: RCU calculated value of scheduler-enlistment delay is 25 jiffies.
[    0.000000] rcu: Adjusting geometry for rcu_fanout_leaf=16, nr_cpu_ids=4
[    0.000000] RCU Tasks: Setting shift to 2 and lim to 1 rcu_task_cb_adjust=1 rcu_task_cpu_ids=4.
[    0.000000] NR_IRQS: 64, nr_irqs: 64, preallocated irqs: 0
[    0.000000] riscv-intc: 64 local interrupts mapped
[    0.000000] riscv: providing IPIs using SBI IPI extension
[    0.000000] rcu: srcu_init: Setting srcu_struct sizes based on contention.
[    0.000000] clocksource: jiffies: mask: 0xffffffff max_cycles: 0xffffffff, max_idle_ns: 7645041785100000 ns
[    0.000000] clocksource: riscv_clocksource: mask: 0xffffffffffffffff max_cycles: 0x24e6a1710, max_idle_ns: 440795202120 ns
[    0.000084] sched_clock: 64 bits at 10MHz, resolution 100ns, wraps every 4398046511100ns
[    0.000239] riscv-timer: Timer interrupt in S-mode is available via sstc extension
[    0.012093] Console: colour dummy device 80x25
[    0.016527] Calibrating delay loop (skipped), value calculated using timer frequency.. 20.00 BogoMIPS (lpj=40000)
[    0.016705] pid_max: default: 32768 minimum: 301
[    0.024883] Mount-cache hash table entries: 1024 (order: 1, 8192 bytes, linear)
[    0.024947] Mountpoint-cache hash table entries: 1024 (order: 1, 8192 bytes, linear)
[    0.036556] VFS: Finished mounting rootfs on nullfs
[    0.074825] riscv: ELF compat mode supported
[    0.075349] ASID allocator using 16 bits (65536 entries)
[    0.083015] rcu: Hierarchical SRCU implementation.
[    0.083222] rcu: 	Max phase no-delay instances is 1000.
[    0.087357] Timer migration: 1 hierarchy levels; 8 children per group; 1 crossnode level
[    0.093524] EFI services will not be available.
[    0.095358] smp: Bringing up secondary CPUs ...
[    0.117357] smp: Brought up 1 node, 4 CPUs
[    0.130146] Memory: 316128K/458752K available (13250K kernel code, 6056K rwdata, 6144K rodata, 2470K init, 506K bss, 139484K reserved, 0K cma-reserved)
[    0.143215] devtmpfs: initialized
[    0.159157] posixtimers hash table entries: 2048 (order: 3, 32768 bytes, linear)
[    0.159529] futex hash table entries: 1024 (65536 bytes on 1 NUMA nodes, total 64 KiB, linear).
[    0.173066] DMI: not present or invalid.
[    0.176343] NET: Registered PF_NETLINK/PF_ROUTE protocol family
[    0.182039] DMA: preallocated 128 KiB GFP_KERNEL|GFP_DMA32 pool for atomic allocations
[    0.182594] audit: initializing netlink subsys (disabled)
[    0.185604] audit: type=2000 audit(0.168:1): state=initialized audit_enabled=0 res=1
[    0.189038] thermal_sys: Registered thermal governor 'step_wise'
[    0.190111] cpuidle: using governor menu
[    0.228086] HugeTLB: registered 2.00 MiB page size, pre-allocated 0 pages
[    0.228138] HugeTLB: 28 KiB vmemmap can be freed for a 2.00 MiB page
[    0.234480] ACPI: Interpreter disabled.
[    0.235412] iommu: Default domain type: Translated
[    0.235458] iommu: DMA domain TLB invalidation policy: strict mode
[    0.241717] SCSI subsystem initialized
[    0.245836] usbcore: registered new interface driver usbfs
[    0.246311] usbcore: registered new interface driver hub
[    0.246533] usbcore: registered new device driver usb
[    0.251090] Advanced Linux Sound Architecture Driver Initialized.
[    0.274726] vgaarb: loaded
[    0.279948] clocksource: Switched to clocksource riscv_clocksource
[    0.289359] pnp: PnP ACPI: disabled
[    0.344326] NET: Registered PF_INET protocol family
[    0.346360] IP idents hash table entries: 8192 (order: 4, 65536 bytes, linear)
[    0.355986] tcp_listen_portaddr_hash hash table entries: 256 (order: 0, 4096 bytes, linear)
[    0.356081] Table-perturb hash table entries: 65536 (order: 6, 262144 bytes, linear)
[    0.356168] TCP established hash table entries: 4096 (order: 3, 32768 bytes, linear)
[    0.356392] TCP bind hash table entries: 4096 (order: 5, 131072 bytes, linear)
[    0.356600] TCP: Hash tables configured (established 4096 bind 4096)
[    0.357898] UDP hash table entries: 256 (order: 2, 16384 bytes, linear)
[    0.360091] NET: Registered PF_UNIX/PF_LOCAL protocol family
[    0.366498] RPC: Registered named UNIX socket transport module.
[    0.366573] RPC: Registered udp transport module.
[    0.366587] RPC: Registered tcp transport module.
[    0.366599] RPC: Registered tcp-with-tls transport module.
[    0.366609] RPC: Registered tcp NFSv4.1 backchannel transport module.
[    0.385422] cpu0: scalar unaligned word access speed is 8.00x byte access speed (fast)
[    0.385422] cpu2: scalar unaligned word access speed is 7.58x byte access speed (fast)
[    0.385460] cpu3: scalar unaligned word access speed is 8.00x byte access speed (fast)
[    0.385469] cpu1: scalar unaligned word access speed is 8.25x byte access speed (fast)
[    0.387530] PCI: CLS 0 bytes, default 64
[    0.395305] workingset: timestamp_bits=46 (anon: 41) max_order=17 bucket_order=0 (anon: 0)
[    0.397271] Unpacking initramfs...
[    0.405083] NFS: Registering the id_resolver key type
[    0.405669] Key type id_resolver registered
[    0.405725] Key type id_legacy registered
[    0.406307] nfs4filelayout_init: NFSv4 File Layout Driver Registering...
[    0.406454] nfs4flexfilelayout_init: NFSv4 Flexfile Layout Driver Registering...
[    0.408893] 9p: Installing v9fs 9p2000 file system support
[    0.413494] NET: Registered PF_ALG protocol family
[    0.414003] Block layer SCSI generic (bsg) driver version 0.4 loaded (major 244)
[    0.415248] io scheduler mq-deadline registered
[    0.415581] io scheduler kyber registered
[    0.416040] io scheduler bfq registered
[    0.428093] riscv-plic: plic@c000000: mapped 96 interrupts with 4 handlers for 8 contexts.
[    0.434053] pci-host-generic 30000000.pci: host bridge /soc/pci@30000000 ranges:
[    0.435055] pci-host-generic 30000000.pci:       IO 0x0003000000..0x000300ffff -> 0x0000000000
[    0.436049] pci-host-generic 30000000.pci:      MEM 0x0040000000..0x007fffffff -> 0x0040000000
[    0.436133] pci-host-generic 30000000.pci:      MEM 0x0400000000..0x07ffffffff -> 0x0400000000
[    0.436936] pci-host-generic 30000000.pci: Memory resource size exceeds max for 32 bits
[    0.437556] pci-host-generic 30000000.pci: ECAM at [mem 0x30000000-0x3fffffff] for [bus 00-ff]
[    0.440206] pci-host-generic 30000000.pci: PCI host bridge to bus 0000:00
[    0.440564] pci_bus 0000:00: root bus resource [bus 00-ff]
[    0.440650] pci_bus 0000:00: root bus resource [io  0x0000-0xffff]
[    0.440707] pci_bus 0000:00: root bus resource [mem 0x40000000-0x7fffffff]
[    0.440719] pci_bus 0000:00: root bus resource [mem 0x400000000-0x7ffffffff]
[    0.442677] pci 0000:00:00.0: [1b36:0008] type 00 class 0x060000 conventional PCI endpoint
[    0.450803] pci_bus 0000:00: resource 4 [io  0x0000-0xffff]
[    0.450861] pci_bus 0000:00: resource 5 [mem 0x40000000-0x7fffffff]
[    0.450878] pci_bus 0000:00: resource 6 [mem 0x400000000-0x7ffffffff]
[    0.614527] Serial: 8250/16550 driver, 4 ports, IRQ sharing disabled
[    0.639456] printk: legacy console [ttyS0] disabled
[    0.645475] 10000000.serial: ttyS0 at MMIO 0x10000000 (irq = 12, base_baud = 230400) is a 16550A
[    0.648897] printk: legacy console [ttyS0] enabled
[    0.745515] loop: module loaded
[    0.766182] e1000e: Intel(R) PRO/1000 Network Driver
[    0.766497] e1000e: Copyright(c) 1999 - 2015 Intel Corporation.
[    0.772124] usbcore: registered new interface driver uas
[    0.773358] usbcore: registered new interface driver usb-storage
[    0.776523] mousedev: PS/2 mouse device common for all mice
[    0.785120] goldfish_rtc 101000.rtc: registered as rtc0
[    0.787162] goldfish_rtc 101000.rtc: setting system clock to 2026-09-20T09:03:19 UTC (1789894999)
[    0.799043] usbcore: registered new interface driver usbhid
[    0.801229] usbhid: USB HID core driver
[    0.804803] riscv-pmu-sbi: SBI PMU extension is available
[    0.808274] riscv-pmu-sbi: 16 firmware and 18 hardware counters
[    0.808649] riscv-pmu-sbi: Perf sampling/filtering is not supported as sscof extension is not available
[    0.830705] IPVS: Registered protocols (TCP, UDP)
[    0.831170] IPVS: Connection hash table configured (size=4096, memory=32Kbytes)
[    0.835719] IPVS: ipvs loaded.
[    0.836409] IPVS: [rr] scheduler registered.
[    0.838881] Initializing XFRM netlink socket
[    0.840174] NET: Registered PF_INET6 protocol family
[    0.852556] Segment Routing with IPv6
[    0.854266] In-situ OAM (IOAM) with IPv6
[    0.856576] NET: Registered PF_PACKET protocol family
[    0.857779] Bridge firewalling registered
[    0.860547] 9pnet: Installing 9P2000 support
[    0.861367] Key type dns_resolver registered
[    1.878057] clk: Disabling unused clocks
[    1.878625] PM: genpd: Disabling unused power domains
[    1.878985] ALSA device list:
[    1.879221]   No soundcards found.
[    4.375489] Freeing initrd memory: 81404K
[    4.493103] Freeing unused kernel image (initmem) memory: 2468K
[    4.494755] Run /init as init process
PAYLOAD_START
[     4.94] rootfs (initramfs): rootfs 280M total, 209M used, 70M free; MemTotal 393M
[     5.80] payload: image intact (variant docker, 1153 files, 218319320 bytes, 17 named files, checked in 1s)
[     5.84] stage 1: initramfs rootfs, moving the root to tmpfs (size=90%)
[     5.86] free -m (stage 1 start):
               total        used        free      shared  buff/cache   available
Mem:             393         242         153         209         211         151
Swap:              0           0           0
[    7.983729] Out of memory: Killed process 158 (tar) total-vm:3064kB, anon-rss:180kB, file-rss:12kB, shmem-rss:1780kB, UID:0 pgtables:44kB oom_score_adj:0
/init: line 311:   157 Broken pipe             tar -C / --remove-files -cf - "${items[@]}" 2> /dev/null
       158 Killed                  | tar -C /newroot -xpf - 2> /dev/null
[     8.01] stage 1: switching root
mkdir: cannot create directory '/var/run': File exists
[     8.74] cgroups: available:cpuset cpu io memory hugetlb pids 
[     8.78] cgroups: delegated: cpuset cpu io memory hugetlb pids
/init: line 887: /usr/bin/awk: Permission denied
[     8.90] stage 2: root is , test=docker
/init: line 106: /usr/bin/awk: Permission denied
[     8.98] rootfs (real root): unknown 0M total, 0M used, 0M free; MemTotal ?M
[     9.00] payload: image variant docker (docker=1 k3s=0)
/init: line 492: /usr/bin/awk: Permission denied
[     9.36] net: 
[     9.40] net: default route: default via 10.0.2.2 dev dummy0 onlink 
[     9.42] free -m (stage 2 start):
               total        used        free      shared  buff/cache   available
Mem:             393         177         218         151         153         216
Swap:              0           0           0
[     9.45] prune: removing the K3s stack to free RAM
[     9.49] === Docker test (timeout 1800s) ===
[     9.50] free -m (before docker):
               total        used        free      shared  buff/cache   available
Mem:             393         177         217         151         153         215
Swap:              0           0           0
[    10.01] docker: runc version 1.4.0 commit: v1.4.0-0-g8bd78a99 spec: 1.3.0 go: go1.24.4 libseccomp: 2.6.0 
[   129.82] containerd: TIMEOUT after 120s
DOCKER_FAIL: dockerd did not start
[   129.83] docker: last 30 lines of /var/log/dockerd.log:
[   129.86] docker: last 20 lines of /var/log/containerd.log:
/init: line 546: containerd: command not found
[   129.91] SUMMARY: docker=failed: dockerd did not start k3s=skipped
[   129.92] free -m (final):
               total        used        free      shared  buff/cache   available
Mem:             393         173         222         151         153         220
Swap:              0           0           0
PAYLOAD_DONE
[  131.030309] reboot: Power down
