
OpenSBI v1.6
   ____                    _____ ____ _____
  / __ \                  / ____|  _ \_   _|
 | |  | |_ __   ___ _ __ | (___ | |_) || |
 | |  | | '_ \ / _ \ '_ \ \___ \|  _ < | |
 | |__| | |_) |  __/ | | |____) | |_) || |_
  \____/| .__/ \___|_| |_|_____/|____/_____|
        | |
        |_|

Platform Name               : riscv-virtio,qemu
Platform Features           : medeleg
Platform HART Count         : 4
Platform IPI Device         : aclint-mswi
Platform Timer Device       : aclint-mtimer @ 10000000Hz
Platform Console Device     : uart8250
Platform HSM Device         : ---
Platform PMU Device         : ---
Platform Reboot Device      : syscon-reboot
Platform Shutdown Device    : syscon-poweroff
Platform Suspend Device     : ---
Platform CPPC Device        : ---
Firmware Base               : 0x80000000
Firmware Size               : 361 KB
Firmware RW Offset          : 0x40000
Firmware RW Size            : 105 KB
Firmware Heap Offset        : 0x4e000
Firmware Heap Size          : 49 KB (total), 3 KB (reserved), 13 KB (used), 32 KB (free)
Firmware Scratch Size       : 4096 B (total), 440 B (used), 3656 B (free)
Runtime SBI Version         : 2.0
Standard SBI Extensions     : ipi,pmu,srst,hsm,rfnc,time,base,legacy,dbcn
Experimental SBI Extensions : sse,fwft,dbtr

Domain0 Name                : root
Domain0 Boot HART           : 1
Domain0 HARTs               : 0*,1*,2*,3*
Domain0 Region00            : 0x0000000000100000-0x0000000000100fff M: (I,R,W) S/U: (R,W)
Domain0 Region01            : 0x0000000010000000-0x0000000010000fff M: (I,R,W) S/U: (R,W)
Domain0 Region02            : 0x0000000002000000-0x000000000200ffff M: (I,R,W) S/U: ()
Domain0 Region03            : 0x0000000080040000-0x000000008005ffff M: (R,W) S/U: ()
Domain0 Region04            : 0x0000000080000000-0x000000008003ffff M: (R,X) S/U: ()
Domain0 Region05            : 0x000000000c400000-0x000000000c5fffff M: (I,R,W) S/U: (R,W)
Domain0 Region06            : 0x000000000c000000-0x000000000c3fffff M: (I,R,W) S/U: (R,W)
Domain0 Region07            : 0x0000000000000000-0xffffffffffffffff M: () S/U: (R,W,X)
Domain0 Next Address        : 0x0000000080200000
Domain0 Next Arg1           : 0x00000000ffe00000
Domain0 Next Mode           : S-mode
Domain0 SysReset            : yes
Domain0 SysSuspend          : yes

Boot HART ID                : 1
Boot HART Domain            : root
Boot HART Priv Version      : v1.12
Boot HART Base ISA          : rv64imafdch
Boot HART ISA Extensions    : sstc,zicntr,zihpm,zicboz,zicbom,sdtrig,svadu
Boot HART PMP Count         : 16
Boot HART PMP Granularity   : 2 bits
Boot HART PMP Address Bits  : 54
Boot HART MHPM Info         : 16 (0x0007fff8)
Boot HART Debug Triggers    : 2 triggers
Boot HART MIDELEG           : 0x0000000000001666
Boot HART MEDELEG           : 0x0000000000f4b509
[    0.000000] Booting Linux on hartid 1
[    0.000000] Linux version 7.2.6 (@3b2d2172f0a8) (riscv64-linux-gnu-gcc (Debian 14.2.0-19) 14.2.0, GNU ld (GNU Binutils for Debian) 2.44) #1 SMP PREEMPT Sat Sep 19 20:58:08 UTC 2026
[    0.000000] random: crng init done
[    0.000000] Machine model: riscv-virtio,qemu
[    0.000000] SBI specification v2.0 detected
[    0.000000] SBI implementation ID=0x1 Version=0x10006
[    0.000000] SBI TIME extension detected
[    0.000000] SBI IPI extension detected
[    0.000000] SBI RFENCE extension detected
[    0.000000] SBI SRST extension detected
[    0.000000] SBI DBCN extension detected
[    0.000000] efi: UEFI not found.
[    0.000000] OF: reserved mem: 0x0000000080000000..0x000000008003ffff (256 KiB) nomap non-reusable mmode_resv1@80000000
[    0.000000] OF: reserved mem: 0x0000000080040000..0x000000008005ffff (128 KiB) nomap non-reusable mmode_resv0@80040000
[    0.000000] SBI HSM extension detected
[    0.000000] riscv: base ISA extensions acdfhim
[    0.000000] riscv: ELF capabilities acdfim
[    0.000000] Queued spinlock using Ziccrse: enabled
[    0.000000] Zone ranges:
[    0.000000]   DMA32    [mem 0x0000000080000000-0x00000000ffffffff]
[    0.000000]   Normal   empty
[    0.000000] Movable zone start for each node
[    0.000000] Early memory node ranges
[    0.000000]   node   0: [mem 0x0000000080000000-0x000000008005ffff]
[    0.000000]   node   0: [mem 0x0000000080060000-0x00000000ffffffff]
[    0.000000] Initmem setup node 0 [mem 0x0000000080000000-0x00000000ffffffff]
[    0.000000] percpu: Embedded 31 pages/cpu s88216 r8192 d30568 u126976
[    0.000000] Kernel command line: console=ttyS0 test=docker docker.timeout=1800 progress=120
[    0.000000] Unknown kernel command line parameters "test=docker progress=120", will be passed to user space.
[    0.000000] printk: log buffer data + meta data: 131072 + 458752 = 589824 bytes
[    0.000000] Dentry cache hash table entries: 262144 (order: 9, 2097152 bytes, linear)
[    0.000000] Inode-cache hash table entries: 131072 (order: 8, 1048576 bytes, linear)
[    0.000000] software IO TLB: SWIOTLB bounce buffer size adjusted to 2MB
[    0.000000] software IO TLB: area num 4.
[    0.000000] software IO TLB: mapped [mem 0x00000000fca00000-0x00000000fcc00000] (2MB)
[    0.000000] Built 1 zonelists, mobility grouping on.  Total pages: 524288
[    0.000000] mem auto-init: stack:all(zero), heap alloc:off, heap free:off
[    0.000000] SLUB: HWalign=64, Order=0-3, MinObjects=0, CPUs=4, Nodes=1
[    0.000000] rcu: Hierarchical RCU implementation.
[    0.000000] rcu: 	RCU event tracing is enabled.
[    0.000000] rcu: 	RCU restricting CPUs from NR_CPUS=256 to nr_cpu_ids=4.
[    0.000000] 	Trampoline variant of Tasks RCU enabled.
[    0.000000] 	Tracing variant of Tasks RCU enabled.
[    0.000000] rcu: RCU calculated value of scheduler-enlistment delay is 25 jiffies.
[    0.000000] rcu: Adjusting geometry for rcu_fanout_leaf=16, nr_cpu_ids=4
[    0.000000] RCU Tasks: Setting shift to 2 and lim to 1 rcu_task_cb_adjust=1 rcu_task_cpu_ids=4.
[    0.000000] NR_IRQS: 64, nr_irqs: 64, preallocated irqs: 0
[    0.000000] riscv-intc: 64 local interrupts mapped
[    0.000000] riscv: providing IPIs using SBI IPI extension
[    0.000000] rcu: srcu_init: Setting srcu_struct sizes based on contention.
[    0.000000] clocksource: jiffies: mask: 0xffffffff max_cycles: 0xffffffff, max_idle_ns: 7645041785100000 ns
[    0.000000] clocksource: riscv_clocksource: mask: 0xffffffffffffffff max_cycles: 0x24e6a1710, max_idle_ns: 440795202120 ns
[    0.000080] sched_clock: 64 bits at 10MHz, resolution 100ns, wraps every 4398046511100ns
[    0.000259] riscv-timer: Timer interrupt in S-mode is available via sstc extension
[    0.012791] Console: colour dummy device 80x25
[    0.018007] Calibrating delay loop (skipped), value calculated using timer frequency.. 20.00 BogoMIPS (lpj=40000)
[    0.018198] pid_max: default: 32768 minimum: 301
[    0.026804] Mount-cache hash table entries: 4096 (order: 3, 32768 bytes, linear)
[    0.026875] Mountpoint-cache hash table entries: 4096 (order: 3, 32768 bytes, linear)
[    0.042935] VFS: Finished mounting rootfs on nullfs
[    0.096950] riscv: ELF compat mode supported
[    0.097297] ASID allocator using 16 bits (65536 entries)
[    0.100251] rcu: Hierarchical SRCU implementation.
[    0.100308] rcu: 	Max phase no-delay instances is 1000.
[    0.102012] Timer migration: 1 hierarchy levels; 8 children per group; 1 crossnode level
[    0.105963] EFI services will not be available.
[    0.107815] smp: Bringing up secondary CPUs ...
[    0.131759] smp: Brought up 1 node, 4 CPUs
[    0.144582] Memory: 1925564K/2097152K available (13250K kernel code, 6056K rwdata, 6144K rodata, 2470K init, 506K bss, 167400K reserved, 0K cma-reserved)
[    0.159888] devtmpfs: initialized
[    0.178450] posixtimers hash table entries: 2048 (order: 3, 32768 bytes, linear)
[    0.178929] futex hash table entries: 1024 (65536 bytes on 1 NUMA nodes, total 64 KiB, linear).
[    0.195058] DMI: not present or invalid.
[    0.198333] NET: Registered PF_NETLINK/PF_ROUTE protocol family
[    0.204145] DMA: preallocated 256 KiB GFP_KERNEL|GFP_DMA32 pool for atomic allocations
[    0.204704] audit: initializing netlink subsys (disabled)
[    0.208149] audit: type=2000 audit(0.188:1): state=initialized audit_enabled=0 res=1
[    0.212383] thermal_sys: Registered thermal governor 'step_wise'
[    0.214135] cpuidle: using governor menu
[    0.254076] HugeTLB: registered 2.00 MiB page size, pre-allocated 0 pages
[    0.254130] HugeTLB: 28 KiB vmemmap can be freed for a 2.00 MiB page
[    0.261428] ACPI: Interpreter disabled.
[    0.262719] iommu: Default domain type: Translated
[    0.262769] iommu: DMA domain TLB invalidation policy: strict mode
[    0.269535] SCSI subsystem initialized
[    0.274364] usbcore: registered new interface driver usbfs
[    0.274888] usbcore: registered new interface driver hub
[    0.275116] usbcore: registered new device driver usb
[    0.279636] Advanced Linux Sound Architecture Driver Initialized.
[    0.306069] vgaarb: loaded
[    0.310724] clocksource: Switched to clocksource riscv_clocksource
[    0.316939] pnp: PnP ACPI: disabled
[    0.388800] NET: Registered PF_INET protocol family
[    0.391050] IP idents hash table entries: 32768 (order: 6, 262144 bytes, linear)
[    0.402681] tcp_listen_portaddr_hash hash table entries: 1024 (order: 2, 16384 bytes, linear)
[    0.402785] Table-perturb hash table entries: 65536 (order: 6, 262144 bytes, linear)
[    0.402870] TCP established hash table entries: 16384 (order: 5, 131072 bytes, linear)
[    0.403161] TCP bind hash table entries: 16384 (order: 7, 524288 bytes, linear)
[    0.406979] TCP: Hash tables configured (established 16384 bind 16384)
[    0.408290] UDP hash table entries: 1024 (order: 4, 65536 bytes, linear)
[    0.410583] NET: Registered PF_UNIX/PF_LOCAL protocol family
[    0.416515] RPC: Registered named UNIX socket transport module.
[    0.416586] RPC: Registered udp transport module.
[    0.416600] RPC: Registered tcp transport module.
[    0.416611] RPC: Registered tcp-with-tls transport module.
[    0.416622] RPC: Registered tcp NFSv4.1 backchannel transport module.
[    0.435775] cpu2: scalar unaligned word access speed is 7.76x byte access speed (fast)
[    0.435741] cpu1: scalar unaligned word access speed is 8.00x byte access speed (fast)
[    0.435748] cpu3: scalar unaligned word access speed is 8.47x byte access speed (fast)
[    0.435777] cpu0: scalar unaligned word access speed is 7.76x byte access speed (fast)
[    0.438851] PCI: CLS 0 bytes, default 64
[    0.448017] workingset: timestamp_bits=46 (anon: 41) max_order=19 bucket_order=0 (anon: 0)
[    0.450344] Unpacking initramfs...
[    0.458239] NFS: Registering the id_resolver key type
[    0.459063] Key type id_resolver registered
[    0.459132] Key type id_legacy registered
[    0.459842] nfs4filelayout_init: NFSv4 File Layout Driver Registering...
[    0.460151] nfs4flexfilelayout_init: NFSv4 Flexfile Layout Driver Registering...
[    0.462813] 9p: Installing v9fs 9p2000 file system support
[    0.467025] NET: Registered PF_ALG protocol family
[    0.467589] Block layer SCSI generic (bsg) driver version 0.4 loaded (major 244)
[    0.468835] io scheduler mq-deadline registered
[    0.468982] io scheduler kyber registered
[    0.469602] io scheduler bfq registered
[    0.482818] riscv-plic: plic@c000000: mapped 96 interrupts with 4 handlers for 8 contexts.
[    0.490508] pci-host-generic 30000000.pci: host bridge /soc/pci@30000000 ranges:
[    0.491668] pci-host-generic 30000000.pci:       IO 0x0003000000..0x000300ffff -> 0x0000000000
[    0.492439] pci-host-generic 30000000.pci:      MEM 0x0040000000..0x007fffffff -> 0x0040000000
[    0.492522] pci-host-generic 30000000.pci:      MEM 0x0400000000..0x07ffffffff -> 0x0400000000
[    0.493678] pci-host-generic 30000000.pci: Memory resource size exceeds max for 32 bits
[    0.494386] pci-host-generic 30000000.pci: ECAM at [mem 0x30000000-0x3fffffff] for [bus 00-ff]
[    0.496605] pci-host-generic 30000000.pci: PCI host bridge to bus 0000:00
[    0.496951] pci_bus 0000:00: root bus resource [bus 00-ff]
[    0.497039] pci_bus 0000:00: root bus resource [io  0x0000-0xffff]
[    0.497099] pci_bus 0000:00: root bus resource [mem 0x40000000-0x7fffffff]
[    0.497113] pci_bus 0000:00: root bus resource [mem 0x400000000-0x7ffffffff]
[    0.500420] pci 0000:00:00.0: [1b36:0008] type 00 class 0x060000 conventional PCI endpoint
[    0.511424] pci_bus 0000:00: resource 4 [io  0x0000-0xffff]
[    0.511500] pci_bus 0000:00: resource 5 [mem 0x40000000-0x7fffffff]
[    0.511519] pci_bus 0000:00: resource 6 [mem 0x400000000-0x7ffffffff]
[    0.720288] Serial: 8250/16550 driver, 4 ports, IRQ sharing disabled
[    0.749703] printk: legacy console [ttyS0] disabled
[    0.755049] 10000000.serial: ttyS0 at MMIO 0x10000000 (irq = 12, base_baud = 230400) is a 16550A
[    0.758393] printk: legacy console [ttyS0] enabled
[    0.853865] loop: module loaded
[    0.872368] e1000e: Intel(R) PRO/1000 Network Driver
[    0.872660] e1000e: Copyright(c) 1999 - 2015 Intel Corporation.
[    0.879363] usbcore: registered new interface driver uas
[    0.880119] usbcore: registered new interface driver usb-storage
[    0.882390] mousedev: PS/2 mouse device common for all mice
[    0.889888] goldfish_rtc 101000.rtc: registered as rtc0
[    0.891754] goldfish_rtc 101000.rtc: setting system clock to 2026-09-20T08:59:57 UTC (1789894797)
[    0.903976] usbcore: registered new interface driver usbhid
[    0.904362] usbhid: USB HID core driver
[    0.906588] riscv-pmu-sbi: SBI PMU extension is available
[    0.913035] riscv-pmu-sbi: 16 firmware and 18 hardware counters
[    0.914869] riscv-pmu-sbi: Perf sampling/filtering is not supported as sscof extension is not available
[    0.938725] IPVS: Registered protocols (TCP, UDP)
[    0.939167] IPVS: Connection hash table configured (size=4096, memory=32Kbytes)
[    0.942416] IPVS: ipvs loaded.
[    0.942730] IPVS: [rr] scheduler registered.
[    0.945669] Initializing XFRM netlink socket
[    0.946703] NET: Registered PF_INET6 protocol family
[    0.967680] Segment Routing with IPv6
[    0.968483] In-situ OAM (IOAM) with IPv6
[    0.972169] NET: Registered PF_PACKET protocol family
[    0.973605] Bridge firewalling registered
[    0.976337] 9pnet: Installing 9P2000 support
[    0.977162] Key type dns_resolver registered
[    2.162333] clk: Disabling unused clocks
[    2.162909] PM: genpd: Disabling unused power domains
[    2.163279] ALSA device list:
[    2.163515]   No soundcards found.
[    4.832841] Freeing initrd memory: 81404K
[    4.965116] Freeing unused kernel image (initmem) memory: 2468K
[    4.968977] Run /init as init process
PAYLOAD_START
[     5.51] rootfs (initramfs): rootfs 942M total, 209M used, 732M free; MemTotal 1966M
[     6.42] payload: image intact (variant docker, 1153 files, 218319320 bytes, 17 named files, checked in 1s)
[     6.46] stage 1: initramfs rootfs, moving the root to tmpfs (size=90%)
[     6.48] free -m (stage 1 start):
               total        used        free      shared  buff/cache   available
Mem:            1966         289        1684         209         211        1676
Swap:              0           0           0
[     9.29] stage 1: switching root
[    10.07] cgroups: available:cpuset cpu io memory hugetlb pids 
[    10.11] cgroups: delegated: cpuset cpu io memory hugetlb pids
[    10.27] stage 2: root is tmpfs, test=docker
[    10.39] rootfs (real root): tmpfs 1769M total, 209M used, 1559M free; MemTotal 1966M
[    10.41] payload: image variant docker (docker=1 k3s=0)
[    10.85] net: lo 127.0.0.1/8 dummy0 10.0.2.15/24 
[    10.92] net: default route: default via 10.0.2.2 dev dummy0 onlink 
[    10.95] free -m (stage 2 start):
               total        used        free      shared  buff/cache   available
Mem:            1966         289        1685         209         212        1677
Swap:              0           0           0
[    11.01] prune: removing the K3s stack to free RAM
[    11.06] === Docker test (timeout 1800s) ===
[    11.09] free -m (before docker):
               total        used        free      shared  buff/cache   available
Mem:            1966         288        1685         209         212        1677
Swap:              0           0           0
[    11.73] docker: runc version 1.4.0 commit: v1.4.0-0-g8bd78a99 spec: 1.3.0 go: go1.24.4 libseccomp: 2.6.0 
[    16.04] containerd: ready after 4s
[    16.28] docker: overlayfs works on the tmpfs root, using the default driver
[    26.86] dockerd: ready after 11s
[    26.88] docker: dockerd started with: 
[    27.39] docker: storage driver: overlayfs
[    27.41] docker: loading /var/lib/rancher/k3s/agent/images/busybox-1.37.0.tar
Loaded image: busybox:1.37.0
[    34.33] docker: seccomp inside the container:
Seccomp:	2
Seccomp_filters:	1
DOCKER_OK
[    34.38] free -m (after docker):
               total        used        free      shared  buff/cache   available
Mem:            1966         298        1675         213         216        1668
Swap:              0           0           0
[    35.56] SUMMARY: docker=ok k3s=skipped
[    35.58] free -m (final):
               total        used        free      shared  buff/cache   available
Mem:            1966         247        1726         213         216        1719
Swap:              0           0           0
PAYLOAD_DONE
[   36.689898] reboot: Power down
