
OpenSBI v1.6
   ____                    _____ ____ _____
  / __ \                  / ____|  _ \_   _|
 | |  | |_ __   ___ _ __ | (___ | |_) || |
 | |  | | '_ \ / _ \ '_ \ \___ \|  _ < | |
 | |__| | |_) |  __/ | | |____) | |_) || |_
  \____/| .__/ \___|_| |_|_____/|____/_____|
        | |
        |_|

Platform Name               : riscv-virtio,qemu
Platform Features           : medeleg
Platform HART Count         : 4
Platform IPI Device         : aclint-mswi
Platform Timer Device       : aclint-mtimer @ 10000000Hz
Platform Console Device     : uart8250
Platform HSM Device         : ---
Platform PMU Device         : ---
Platform Reboot Device      : syscon-reboot
Platform Shutdown Device    : syscon-poweroff
Platform Suspend Device     : ---
Platform CPPC Device        : ---
Firmware Base               : 0x80000000
Firmware Size               : 361 KB
Firmware RW Offset          : 0x40000
Firmware RW Size            : 105 KB
Firmware Heap Offset        : 0x4e000
Firmware Heap Size          : 49 KB (total), 3 KB (reserved), 13 KB (used), 32 KB (free)
Firmware Scratch Size       : 4096 B (total), 440 B (used), 3656 B (free)
Runtime SBI Version         : 2.0
Standard SBI Extensions     : ipi,pmu,srst,hsm,rfnc,time,base,legacy,dbcn
Experimental SBI Extensions : sse,fwft,dbtr

Domain0 Name                : root
Domain0 Boot HART           : 1
Domain0 HARTs               : 0*,1*,2*,3*
Domain0 Region00            : 0x0000000000100000-0x0000000000100fff M: (I,R,W) S/U: (R,W)
Domain0 Region01            : 0x0000000010000000-0x0000000010000fff M: (I,R,W) S/U: (R,W)
Domain0 Region02            : 0x0000000002000000-0x000000000200ffff M: (I,R,W) S/U: ()
Domain0 Region03            : 0x0000000080040000-0x000000008005ffff M: (R,W) S/U: ()
Domain0 Region04            : 0x0000000080000000-0x000000008003ffff M: (R,X) S/U: ()
Domain0 Region05            : 0x000000000c400000-0x000000000c5fffff M: (I,R,W) S/U: (R,W)
Domain0 Region06            : 0x000000000c000000-0x000000000c3fffff M: (I,R,W) S/U: (R,W)
Domain0 Region07            : 0x0000000000000000-0xffffffffffffffff M: () S/U: (R,W,X)
Domain0 Next Address        : 0x0000000080200000
Domain0 Next Arg1           : 0x00000000a1e00000
Domain0 Next Mode           : S-mode
Domain0 SysReset            : yes
Domain0 SysSuspend          : yes

Boot HART ID                : 1
Boot HART Domain            : root
Boot HART Priv Version      : v1.12
Boot HART Base ISA          : rv64imafdch
Boot HART ISA Extensions    : sstc,zicntr,zihpm,zicboz,zicbom,sdtrig,svadu
Boot HART PMP Count         : 16
Boot HART PMP Granularity   : 2 bits
Boot HART PMP Address Bits  : 54
Boot HART MHPM Info         : 16 (0x0007fff8)
Boot HART Debug Triggers    : 2 triggers
Boot HART MIDELEG           : 0x0000000000001666
Boot HART MEDELEG           : 0x0000000000f4b509
[    0.000000] Booting Linux on hartid 1
[    0.000000] Linux version 7.2.6 (@3b2d2172f0a8) (riscv64-linux-gnu-gcc (Debian 14.2.0-19) 14.2.0, GNU ld (GNU Binutils for Debian) 2.44) #1 SMP PREEMPT Sat Sep 19 20:58:08 UTC 2026
[    0.000000] random: crng init done
[    0.000000] Machine model: riscv-virtio,qemu
[    0.000000] SBI specification v2.0 detected
[    0.000000] SBI implementation ID=0x1 Version=0x10006
[    0.000000] SBI TIME extension detected
[    0.000000] SBI IPI extension detected
[    0.000000] SBI RFENCE extension detected
[    0.000000] SBI SRST extension detected
[    0.000000] SBI DBCN extension detected
[    0.000000] efi: UEFI not found.
[    0.000000] OF: reserved mem: 0x0000000080000000..0x000000008003ffff (256 KiB) nomap non-reusable mmode_resv1@80000000
[    0.000000] OF: reserved mem: 0x0000000080040000..0x000000008005ffff (128 KiB) nomap non-reusable mmode_resv0@80040000
[    0.000000] SBI HSM extension detected
[    0.000000] riscv: base ISA extensions acdfhim
[    0.000000] riscv: ELF capabilities acdfim
[    0.000000] Queued spinlock using Ziccrse: enabled
[    0.000000] Zone ranges:
[    0.000000]   DMA32    [mem 0x0000000080000000-0x00000000a1ffffff]
[    0.000000]   Normal   empty
[    0.000000] Movable zone start for each node
[    0.000000] Early memory node ranges
[    0.000000]   node   0: [mem 0x0000000080000000-0x000000008005ffff]
[    0.000000]   node   0: [mem 0x0000000080060000-0x00000000a1ffffff]
[    0.000000] Initmem setup node 0 [mem 0x0000000080000000-0x00000000a1ffffff]
[    0.000000] On node 0, zone DMA32: 24576 pages in unavailable ranges
[    0.000000] percpu: Embedded 31 pages/cpu s88216 r8192 d30568 u126976
[    0.000000] Kernel command line: console=ttyS0 test=docker docker.timeout=1800 progress=120
[    0.000000] Unknown kernel command line parameters "test=docker progress=120", will be passed to user space.
[    0.000000] printk: log buffer data + meta data: 131072 + 458752 = 589824 bytes
[    0.000000] Dentry cache hash table entries: 65536 (order: 7, 524288 bytes, linear)
[    0.000000] Inode-cache hash table entries: 32768 (order: 6, 262144 bytes, linear)
[    0.000000] software IO TLB: SWIOTLB bounce buffer size adjusted to 0MB
[    0.000000] software IO TLB: area num 4.
[    0.000000] software IO TLB: SWIOTLB bounce buffer size roundup to 1MB
[    0.000000] software IO TLB: mapped [mem 0x00000000a0300000-0x00000000a0400000] (1MB)
[    0.000000] Built 1 zonelists, mobility grouping on.  Total pages: 139264
[    0.000000] mem auto-init: stack:all(zero), heap alloc:off, heap free:off
[    0.000000] SLUB: HWalign=64, Order=0-3, MinObjects=0, CPUs=4, Nodes=1
[    0.000000] rcu: Hierarchical RCU implementation.
[    0.000000] rcu: 	RCU event tracing is enabled.
[    0.000000] rcu: 	RCU restricting CPUs from NR_CPUS=256 to nr_cpu_ids=4.
[    0.000000] 	Trampoline variant of Tasks RCU enabled.
[    0.000000] 	Tracing variant of Tasks RCU enabled.
[    0.000000] rcu: RCU calculated value of scheduler-enlistment delay is 25 jiffies.
[    0.000000] rcu: Adjusting geometry for rcu_fanout_leaf=16, nr_cpu_ids=4
[    0.000000] RCU Tasks: Setting shift to 2 and lim to 1 rcu_task_cb_adjust=1 rcu_task_cpu_ids=4.
[    0.000000] NR_IRQS: 64, nr_irqs: 64, preallocated irqs: 0
[    0.000000] riscv-intc: 64 local interrupts mapped
[    0.000000] riscv: providing IPIs using SBI IPI extension
[    0.000000] rcu: srcu_init: Setting srcu_struct sizes based on contention.
[    0.000000] clocksource: jiffies: mask: 0xffffffff max_cycles: 0xffffffff, max_idle_ns: 7645041785100000 ns
[    0.000000] clocksource: riscv_clocksource: mask: 0xffffffffffffffff max_cycles: 0x24e6a1710, max_idle_ns: 440795202120 ns
[    0.000085] sched_clock: 64 bits at 10MHz, resolution 100ns, wraps every 4398046511100ns
[    0.000245] riscv-timer: Timer interrupt in S-mode is available via sstc extension
[    0.015066] Console: colour dummy device 80x25
[    0.019137] Calibrating delay loop (skipped), value calculated using timer frequency.. 20.00 BogoMIPS (lpj=40000)
[    0.019315] pid_max: default: 32768 minimum: 301
[    0.027793] Mount-cache hash table entries: 1024 (order: 1, 8192 bytes, linear)
[    0.027858] Mountpoint-cache hash table entries: 1024 (order: 1, 8192 bytes, linear)
[    0.038851] VFS: Finished mounting rootfs on nullfs
[    0.087571] riscv: ELF compat mode supported
[    0.087899] ASID allocator using 16 bits (65536 entries)
[    0.089761] rcu: Hierarchical SRCU implementation.
[    0.089810] rcu: 	Max phase no-delay instances is 1000.
[    0.091551] Timer migration: 1 hierarchy levels; 8 children per group; 1 crossnode level
[    0.095086] EFI services will not be available.
[    0.096563] smp: Bringing up secondary CPUs ...
[    0.122027] smp: Brought up 1 node, 4 CPUs
[    0.135022] Memory: 411736K/557056K available (13250K kernel code, 6056K rwdata, 6144K rodata, 2470K init, 506K bss, 141532K reserved, 0K cma-reserved)
[    0.150725] devtmpfs: initialized
[    0.170777] posixtimers hash table entries: 2048 (order: 3, 32768 bytes, linear)
[    0.171184] futex hash table entries: 1024 (65536 bytes on 1 NUMA nodes, total 64 KiB, linear).
[    0.187035] DMI: not present or invalid.
[    0.190324] NET: Registered PF_NETLINK/PF_ROUTE protocol family
[    0.195643] DMA: preallocated 128 KiB GFP_KERNEL|GFP_DMA32 pool for atomic allocations
[    0.196128] audit: initializing netlink subsys (disabled)
[    0.199020] audit: type=2000 audit(0.176:1): state=initialized audit_enabled=0 res=1
[    0.202514] thermal_sys: Registered thermal governor 'step_wise'
[    0.203853] cpuidle: using governor menu
[    0.238901] HugeTLB: registered 2.00 MiB page size, pre-allocated 0 pages
[    0.238969] HugeTLB: 28 KiB vmemmap can be freed for a 2.00 MiB page
[    0.245480] ACPI: Interpreter disabled.
[    0.246487] iommu: Default domain type: Translated
[    0.246537] iommu: DMA domain TLB invalidation policy: strict mode
[    0.254712] SCSI subsystem initialized
[    0.258070] usbcore: registered new interface driver usbfs
[    0.258439] usbcore: registered new interface driver hub
[    0.258647] usbcore: registered new device driver usb
[    0.262772] Advanced Linux Sound Architecture Driver Initialized.
[    0.287764] vgaarb: loaded
[    0.295487] clocksource: Switched to clocksource riscv_clocksource
[    0.304800] pnp: PnP ACPI: disabled
[    0.369880] NET: Registered PF_INET protocol family
[    0.371769] IP idents hash table entries: 8192 (order: 4, 65536 bytes, linear)
[    0.383033] tcp_listen_portaddr_hash hash table entries: 256 (order: 0, 4096 bytes, linear)
[    0.383137] Table-perturb hash table entries: 65536 (order: 6, 262144 bytes, linear)
[    0.383228] TCP established hash table entries: 4096 (order: 3, 32768 bytes, linear)
[    0.383453] TCP bind hash table entries: 4096 (order: 5, 131072 bytes, linear)
[    0.383659] TCP: Hash tables configured (established 4096 bind 4096)
[    0.385080] UDP hash table entries: 256 (order: 2, 16384 bytes, linear)
[    0.387611] NET: Registered PF_UNIX/PF_LOCAL protocol family
[    0.394996] RPC: Registered named UNIX socket transport module.
[    0.395080] RPC: Registered udp transport module.
[    0.395094] RPC: Registered tcp transport module.
[    0.395106] RPC: Registered tcp-with-tls transport module.
[    0.395117] RPC: Registered tcp NFSv4.1 backchannel transport module.
[    0.413999] cpu2: scalar unaligned word access speed is 7.33x byte access speed (fast)
[    0.414060] cpu1: scalar unaligned word access speed is 7.33x byte access speed (fast)
[    0.414061] cpu3: scalar unaligned word access speed is 7.33x byte access speed (fast)
[    0.414165] cpu0: scalar unaligned word access speed is 7.00x byte access speed (fast)
[    0.416781] PCI: CLS 0 bytes, default 64
[    0.425206] workingset: timestamp_bits=46 (anon: 41) max_order=17 bucket_order=0 (anon: 0)
[    0.428724] Unpacking initramfs...
[    0.435483] NFS: Registering the id_resolver key type
[    0.436073] Key type id_resolver registered
[    0.436131] Key type id_legacy registered
[    0.436987] nfs4filelayout_init: NFSv4 File Layout Driver Registering...
[    0.437160] nfs4flexfilelayout_init: NFSv4 Flexfile Layout Driver Registering...
[    0.438949] 9p: Installing v9fs 9p2000 file system support
[    0.443825] NET: Registered PF_ALG protocol family
[    0.444397] Block layer SCSI generic (bsg) driver version 0.4 loaded (major 244)
[    0.445829] io scheduler mq-deadline registered
[    0.445954] io scheduler kyber registered
[    0.446356] io scheduler bfq registered
[    0.463607] riscv-plic: plic@c000000: mapped 96 interrupts with 4 handlers for 8 contexts.
[    0.471655] pci-host-generic 30000000.pci: host bridge /soc/pci@30000000 ranges:
[    0.472781] pci-host-generic 30000000.pci:       IO 0x0003000000..0x000300ffff -> 0x0000000000
[    0.473500] pci-host-generic 30000000.pci:      MEM 0x0040000000..0x007fffffff -> 0x0040000000
[    0.473583] pci-host-generic 30000000.pci:      MEM 0x0400000000..0x07ffffffff -> 0x0400000000
[    0.474779] pci-host-generic 30000000.pci: Memory resource size exceeds max for 32 bits
[    0.476304] pci-host-generic 30000000.pci: ECAM at [mem 0x30000000-0x3fffffff] for [bus 00-ff]
[    0.479689] pci-host-generic 30000000.pci: PCI host bridge to bus 0000:00
[    0.480074] pci_bus 0000:00: root bus resource [bus 00-ff]
[    0.480172] pci_bus 0000:00: root bus resource [io  0x0000-0xffff]
[    0.480236] pci_bus 0000:00: root bus resource [mem 0x40000000-0x7fffffff]
[    0.480252] pci_bus 0000:00: root bus resource [mem 0x400000000-0x7ffffffff]
[    0.482862] pci 0000:00:00.0: [1b36:0008] type 00 class 0x060000 conventional PCI endpoint
[    0.492830] pci_bus 0000:00: resource 4 [io  0x0000-0xffff]
[    0.492902] pci_bus 0000:00: resource 5 [mem 0x40000000-0x7fffffff]
[    0.492922] pci_bus 0000:00: resource 6 [mem 0x400000000-0x7ffffffff]
[    0.875144] Serial: 8250/16550 driver, 4 ports, IRQ sharing disabled
[    0.901725] printk: legacy console [ttyS0] disabled
[    0.909757] 10000000.serial: ttyS0 at MMIO 0x10000000 (irq = 12, base_baud = 230400) is a 16550A
[    0.913642] printk: legacy console [ttyS0] enabled
[    1.016874] loop: module loaded
[    1.034869] e1000e: Intel(R) PRO/1000 Network Driver
[    1.035156] e1000e: Copyright(c) 1999 - 2015 Intel Corporation.
[    1.039529] usbcore: registered new interface driver uas
[    1.040322] usbcore: registered new interface driver usb-storage
[    1.043131] mousedev: PS/2 mouse device common for all mice
[    1.049864] goldfish_rtc 101000.rtc: registered as rtc0
[    1.051496] goldfish_rtc 101000.rtc: setting system clock to 2026-09-20T09:02:24 UTC (1789894944)
[    1.062277] usbcore: registered new interface driver usbhid
[    1.063039] usbhid: USB HID core driver
[    1.064635] riscv-pmu-sbi: SBI PMU extension is available
[    1.069889] riscv-pmu-sbi: 16 firmware and 18 hardware counters
[    1.070270] riscv-pmu-sbi: Perf sampling/filtering is not supported as sscof extension is not available
[    1.094256] IPVS: Registered protocols (TCP, UDP)
[    1.096227] IPVS: Connection hash table configured (size=4096, memory=32Kbytes)
[    1.099965] IPVS: ipvs loaded.
[    1.100384] IPVS: [rr] scheduler registered.
[    1.103565] Initializing XFRM netlink socket
[    1.104723] NET: Registered PF_INET6 protocol family
[    1.120467] Segment Routing with IPv6
[    1.121153] In-situ OAM (IOAM) with IPv6
[    1.123816] NET: Registered PF_PACKET protocol family
[    1.125445] Bridge firewalling registered
[    1.129058] 9pnet: Installing 9P2000 support
[    1.130379] Key type dns_resolver registered
[    1.970997] clk: Disabling unused clocks
[    1.971591] PM: genpd: Disabling unused power domains
[    1.971973] ALSA device list:
[    1.972190]   No soundcards found.
[    4.559613] Initramfs unpacking failed: write error
[    4.615949] Freeing initrd memory: 81404K
[    4.736149] Freeing unused kernel image (initmem) memory: 2468K
[    4.738252] Run /init as init process
PAYLOAD_START
[     5.19] rootfs (initramfs): rootfs 202M total, 202M used, 0M free; MemTotal 487M
PAYLOAD_FAIL: initrd truncated (kernel: Initramfs unpacking failed: write error)
[     5.28] payload: the image is incomplete, so no test was run and no test
[     5.30] payload: marker will be printed. Give the guest more RAM, or boot a
[     5.31] payload: smaller variant, or add initramfs_options=size=90% (see NOTES).
[     5.40] rootfs (at the failure): rootfs 202M total, 202M used, 0M free; MemTotal 487M
[     5.42] payload: kernel initramfs lines:
[    0.428724] Unpacking initramfs...
[    4.559613] Initramfs unpacking failed: write error
[    4.615949] Freeing initrd memory: 81404K
[    6.538403] reboot: Power down
