
OpenSBI v1.6
   ____                    _____ ____ _____
  / __ \                  / ____|  _ \_   _|
 | |  | |_ __   ___ _ __ | (___ | |_) || |
 | |  | | '_ \ / _ \ '_ \ \___ \|  _ < | |
 | |__| | |_) |  __/ | | |____) | |_) || |_
  \____/| .__/ \___|_| |_|_____/|____/_____|
        | |
        |_|

Platform Name               : riscv-virtio,qemu
Platform Features           : medeleg
Platform HART Count         : 4
Platform IPI Device         : aclint-mswi
Platform Timer Device       : aclint-mtimer @ 10000000Hz
Platform Console Device     : uart8250
Platform HSM Device         : ---
Platform PMU Device         : ---
Platform Reboot Device      : syscon-reboot
Platform Shutdown Device    : syscon-poweroff
Platform Suspend Device     : ---
Platform CPPC Device        : ---
Firmware Base               : 0x80000000
Firmware Size               : 361 KB
Firmware RW Offset          : 0x40000
Firmware RW Size            : 105 KB
Firmware Heap Offset        : 0x4e000
Firmware Heap Size          : 49 KB (total), 3 KB (reserved), 13 KB (used), 32 KB (free)
Firmware Scratch Size       : 4096 B (total), 440 B (used), 3656 B (free)
Runtime SBI Version         : 2.0
Standard SBI Extensions     : ipi,pmu,srst,hsm,rfnc,time,base,legacy,dbcn
Experimental SBI Extensions : sse,fwft,dbtr

Domain0 Name                : root
Domain0 Boot HART           : 0
Domain0 HARTs               : 0*,1*,2*,3*
Domain0 Region00            : 0x0000000000100000-0x0000000000100fff M: (I,R,W) S/U: (R,W)
Domain0 Region01            : 0x0000000010000000-0x0000000010000fff M: (I,R,W) S/U: (R,W)
Domain0 Region02            : 0x0000000002000000-0x000000000200ffff M: (I,R,W) S/U: ()
Domain0 Region03            : 0x0000000080040000-0x000000008005ffff M: (R,W) S/U: ()
Domain0 Region04            : 0x0000000080000000-0x000000008003ffff M: (R,X) S/U: ()
Domain0 Region05            : 0x000000000c400000-0x000000000c5fffff M: (I,R,W) S/U: (R,W)
Domain0 Region06            : 0x000000000c000000-0x000000000c3fffff M: (I,R,W) S/U: (R,W)
Domain0 Region07            : 0x0000000000000000-0xffffffffffffffff M: () S/U: (R,W,X)
Domain0 Next Address        : 0x0000000080200000
Domain0 Next Arg1           : 0x00000000a3e00000
Domain0 Next Mode           : S-mode
Domain0 SysReset            : yes
Domain0 SysSuspend          : yes

Boot HART ID                : 0
Boot HART Domain            : root
Boot HART Priv Version      : v1.12
Boot HART Base ISA          : rv64imafdch
Boot HART ISA Extensions    : sstc,zicntr,zihpm,zicboz,zicbom,sdtrig,svadu
Boot HART PMP Count         : 16
Boot HART PMP Granularity   : 2 bits
Boot HART PMP Address Bits  : 54
Boot HART MHPM Info         : 16 (0x0007fff8)
Boot HART Debug Triggers    : 2 triggers
Boot HART MIDELEG           : 0x0000000000001666
Boot HART MEDELEG           : 0x0000000000f4b509
[    0.000000] Booting Linux on hartid 0
[    0.000000] Linux version 7.2.6 (@3b2d2172f0a8) (riscv64-linux-gnu-gcc (Debian 14.2.0-19) 14.2.0, GNU ld (GNU Binutils for Debian) 2.44) #1 SMP PREEMPT Sat Sep 19 20:58:08 UTC 2026
[    0.000000] random: crng init done
[    0.000000] Machine model: riscv-virtio,qemu
[    0.000000] SBI specification v2.0 detected
[    0.000000] SBI implementation ID=0x1 Version=0x10006
[    0.000000] SBI TIME extension detected
[    0.000000] SBI IPI extension detected
[    0.000000] SBI RFENCE extension detected
[    0.000000] SBI SRST extension detected
[    0.000000] SBI DBCN extension detected
[    0.000000] efi: UEFI not found.
[    0.000000] OF: reserved mem: 0x0000000080000000..0x000000008003ffff (256 KiB) nomap non-reusable mmode_resv1@80000000
[    0.000000] OF: reserved mem: 0x0000000080040000..0x000000008005ffff (128 KiB) nomap non-reusable mmode_resv0@80040000
[    0.000000] SBI HSM extension detected
[    0.000000] riscv: base ISA extensions acdfhim
[    0.000000] riscv: ELF capabilities acdfim
[    0.000000] Queued spinlock using Ziccrse: enabled
[    0.000000] Zone ranges:
[    0.000000]   DMA32    [mem 0x0000000080000000-0x00000000a3ffffff]
[    0.000000]   Normal   empty
[    0.000000] Movable zone start for each node
[    0.000000] Early memory node ranges
[    0.000000]   node   0: [mem 0x0000000080000000-0x000000008005ffff]
[    0.000000]   node   0: [mem 0x0000000080060000-0x00000000a3ffffff]
[    0.000000] Initmem setup node 0 [mem 0x0000000080000000-0x00000000a3ffffff]
[    0.000000] On node 0, zone DMA32: 16384 pages in unavailable ranges
[    0.000000] percpu: Embedded 31 pages/cpu s88216 r8192 d30568 u126976
[    0.000000] Kernel command line: console=ttyS0 test=docker docker.timeout=1800 progress=120
[    0.000000] Unknown kernel command line parameters "test=docker progress=120", will be passed to user space.
[    0.000000] printk: log buffer data + meta data: 131072 + 458752 = 589824 bytes
[    0.000000] Dentry cache hash table entries: 65536 (order: 7, 524288 bytes, linear)
[    0.000000] Inode-cache hash table entries: 32768 (order: 6, 262144 bytes, linear)
[    0.000000] software IO TLB: SWIOTLB bounce buffer size adjusted to 0MB
[    0.000000] software IO TLB: area num 4.
[    0.000000] software IO TLB: SWIOTLB bounce buffer size roundup to 1MB
[    0.000000] software IO TLB: mapped [mem 0x00000000a2300000-0x00000000a2400000] (1MB)
[    0.000000] Built 1 zonelists, mobility grouping on.  Total pages: 147456
[    0.000000] mem auto-init: stack:all(zero), heap alloc:off, heap free:off
[    0.000000] SLUB: HWalign=64, Order=0-3, MinObjects=0, CPUs=4, Nodes=1
[    0.000000] rcu: Hierarchical RCU implementation.
[    0.000000] rcu: 	RCU event tracing is enabled.
[    0.000000] rcu: 	RCU restricting CPUs from NR_CPUS=256 to nr_cpu_ids=4.
[    0.000000] 	Trampoline variant of Tasks RCU enabled.
[    0.000000] 	Tracing variant of Tasks RCU enabled.
[    0.000000] rcu: RCU calculated value of scheduler-enlistment delay is 25 jiffies.
[    0.000000] rcu: Adjusting geometry for rcu_fanout_leaf=16, nr_cpu_ids=4
[    0.000000] RCU Tasks: Setting shift to 2 and lim to 1 rcu_task_cb_adjust=1 rcu_task_cpu_ids=4.
[    0.000000] NR_IRQS: 64, nr_irqs: 64, preallocated irqs: 0
[    0.000000] riscv-intc: 64 local interrupts mapped
[    0.000000] riscv: providing IPIs using SBI IPI extension
[    0.000000] rcu: srcu_init: Setting srcu_struct sizes based on contention.
[    0.000000] clocksource: jiffies: mask: 0xffffffff max_cycles: 0xffffffff, max_idle_ns: 7645041785100000 ns
[    0.000000] clocksource: riscv_clocksource: mask: 0xffffffffffffffff max_cycles: 0x24e6a1710, max_idle_ns: 440795202120 ns
[    0.000087] sched_clock: 64 bits at 10MHz, resolution 100ns, wraps every 4398046511100ns
[    0.000243] riscv-timer: Timer interrupt in S-mode is available via sstc extension
[    0.017341] Console: colour dummy device 80x25
[    0.020794] Calibrating delay loop (skipped), value calculated using timer frequency.. 20.00 BogoMIPS (lpj=40000)
[    0.020979] pid_max: default: 32768 minimum: 301
[    0.030911] Mount-cache hash table entries: 1024 (order: 1, 8192 bytes, linear)
[    0.030985] Mountpoint-cache hash table entries: 1024 (order: 1, 8192 bytes, linear)
[    0.042409] VFS: Finished mounting rootfs on nullfs
[    0.087774] riscv: ELF compat mode supported
[    0.088116] ASID allocator using 16 bits (65536 entries)
[    0.090527] rcu: Hierarchical SRCU implementation.
[    0.090578] rcu: 	Max phase no-delay instances is 1000.
[    0.092174] Timer migration: 1 hierarchy levels; 8 children per group; 1 crossnode level
[    0.095772] EFI services will not be available.
[    0.097118] smp: Bringing up secondary CPUs ...
[    0.117079] smp: Brought up 1 node, 4 CPUs
[    0.128412] Memory: 444504K/589824K available (13250K kernel code, 6056K rwdata, 6144K rodata, 2470K init, 506K bss, 141532K reserved, 0K cma-reserved)
[    0.142887] devtmpfs: initialized
[    0.158721] posixtimers hash table entries: 2048 (order: 3, 32768 bytes, linear)
[    0.159067] futex hash table entries: 1024 (65536 bytes on 1 NUMA nodes, total 64 KiB, linear).
[    0.173340] DMI: not present or invalid.
[    0.176000] NET: Registered PF_NETLINK/PF_ROUTE protocol family
[    0.180782] DMA: preallocated 128 KiB GFP_KERNEL|GFP_DMA32 pool for atomic allocations
[    0.181233] audit: initializing netlink subsys (disabled)
[    0.184143] audit: type=2000 audit(0.164:1): state=initialized audit_enabled=0 res=1
[    0.187782] thermal_sys: Registered thermal governor 'step_wise'
[    0.188864] cpuidle: using governor menu
[    0.223549] HugeTLB: registered 2.00 MiB page size, pre-allocated 0 pages
[    0.223600] HugeTLB: 28 KiB vmemmap can be freed for a 2.00 MiB page
[    0.229292] ACPI: Interpreter disabled.
[    0.230110] iommu: Default domain type: Translated
[    0.230187] iommu: DMA domain TLB invalidation policy: strict mode
[    0.236963] SCSI subsystem initialized
[    0.239963] usbcore: registered new interface driver usbfs
[    0.240392] usbcore: registered new interface driver hub
[    0.240715] usbcore: registered new device driver usb
[    0.245986] Advanced Linux Sound Architecture Driver Initialized.
[    0.272208] vgaarb: loaded
[    0.276243] clocksource: Switched to clocksource riscv_clocksource
[    0.286389] pnp: PnP ACPI: disabled
[    0.346417] NET: Registered PF_INET protocol family
[    0.349298] IP idents hash table entries: 8192 (order: 4, 65536 bytes, linear)
[    0.361123] tcp_listen_portaddr_hash hash table entries: 256 (order: 0, 4096 bytes, linear)
[    0.361224] Table-perturb hash table entries: 65536 (order: 6, 262144 bytes, linear)
[    0.361349] TCP established hash table entries: 4096 (order: 3, 32768 bytes, linear)
[    0.361567] TCP bind hash table entries: 4096 (order: 5, 131072 bytes, linear)
[    0.361826] TCP: Hash tables configured (established 4096 bind 4096)
[    0.362984] UDP hash table entries: 256 (order: 2, 16384 bytes, linear)
[    0.364988] NET: Registered PF_UNIX/PF_LOCAL protocol family
[    0.370948] RPC: Registered named UNIX socket transport module.
[    0.371024] RPC: Registered udp transport module.
[    0.371039] RPC: Registered tcp transport module.
[    0.371049] RPC: Registered tcp-with-tls transport module.
[    0.371060] RPC: Registered tcp NFSv4.1 backchannel transport module.
[    0.390351] cpu1: scalar unaligned word access speed is 7.36x byte access speed (fast)
[    0.390377] cpu0: scalar unaligned word access speed is 7.77x byte access speed (fast)
[    0.390382] cpu2: scalar unaligned word access speed is 8.18x byte access speed (fast)
[    0.390398] cpu3: scalar unaligned word access speed is 7.76x byte access speed (fast)
[    0.392696] PCI: CLS 0 bytes, default 64
[    0.403199] workingset: timestamp_bits=46 (anon: 41) max_order=17 bucket_order=0 (anon: 0)
[    0.405313] Unpacking initramfs...
[    0.415612] NFS: Registering the id_resolver key type
[    0.416382] Key type id_resolver registered
[    0.416441] Key type id_legacy registered
[    0.416976] nfs4filelayout_init: NFSv4 File Layout Driver Registering...
[    0.417141] nfs4flexfilelayout_init: NFSv4 Flexfile Layout Driver Registering...
[    0.420564] 9p: Installing v9fs 9p2000 file system support
[    0.425358] NET: Registered PF_ALG protocol family
[    0.425997] Block layer SCSI generic (bsg) driver version 0.4 loaded (major 244)
[    0.428148] io scheduler mq-deadline registered
[    0.428278] io scheduler kyber registered
[    0.428760] io scheduler bfq registered
[    0.442299] riscv-plic: plic@c000000: mapped 96 interrupts with 4 handlers for 8 contexts.
[    0.450074] pci-host-generic 30000000.pci: host bridge /soc/pci@30000000 ranges:
[    0.451307] pci-host-generic 30000000.pci:       IO 0x0003000000..0x000300ffff -> 0x0000000000
[    0.452973] pci-host-generic 30000000.pci:      MEM 0x0040000000..0x007fffffff -> 0x0040000000
[    0.453092] pci-host-generic 30000000.pci:      MEM 0x0400000000..0x07ffffffff -> 0x0400000000
[    0.454021] pci-host-generic 30000000.pci: Memory resource size exceeds max for 32 bits
[    0.454824] pci-host-generic 30000000.pci: ECAM at [mem 0x30000000-0x3fffffff] for [bus 00-ff]
[    0.457243] pci-host-generic 30000000.pci: PCI host bridge to bus 0000:00
[    0.457611] pci_bus 0000:00: root bus resource [bus 00-ff]
[    0.457701] pci_bus 0000:00: root bus resource [io  0x0000-0xffff]
[    0.457760] pci_bus 0000:00: root bus resource [mem 0x40000000-0x7fffffff]
[    0.457774] pci_bus 0000:00: root bus resource [mem 0x400000000-0x7ffffffff]
[    0.460604] pci 0000:00:00.0: [1b36:0008] type 00 class 0x060000 conventional PCI endpoint
[    0.472335] pci_bus 0000:00: resource 4 [io  0x0000-0xffff]
[    0.472407] pci_bus 0000:00: resource 5 [mem 0x40000000-0x7fffffff]
[    0.472425] pci_bus 0000:00: resource 6 [mem 0x400000000-0x7ffffffff]
[    0.719628] Serial: 8250/16550 driver, 4 ports, IRQ sharing disabled
[    0.750798] printk: legacy console [ttyS0] disabled
[    0.758384] 10000000.serial: ttyS0 at MMIO 0x10000000 (irq = 12, base_baud = 230400) is a 16550A
[    0.762209] printk: legacy console [ttyS0] enabled
[    0.851499] loop: module loaded
[    0.869482] e1000e: Intel(R) PRO/1000 Network Driver
[    0.869865] e1000e: Copyright(c) 1999 - 2015 Intel Corporation.
[    0.874737] usbcore: registered new interface driver uas
[    0.875498] usbcore: registered new interface driver usb-storage
[    0.878392] mousedev: PS/2 mouse device common for all mice
[    0.886161] goldfish_rtc 101000.rtc: registered as rtc0
[    0.887474] goldfish_rtc 101000.rtc: setting system clock to 2026-09-20T09:02:40 UTC (1789894960)
[    0.899102] usbcore: registered new interface driver usbhid
[    0.899491] usbhid: USB HID core driver
[    0.901635] riscv-pmu-sbi: SBI PMU extension is available
[    0.902896] riscv-pmu-sbi: 16 firmware and 18 hardware counters
[    0.903251] riscv-pmu-sbi: Perf sampling/filtering is not supported as sscof extension is not available
[    0.932804] IPVS: Registered protocols (TCP, UDP)
[    0.933262] IPVS: Connection hash table configured (size=4096, memory=32Kbytes)
[    0.936803] IPVS: ipvs loaded.
[    0.937161] IPVS: [rr] scheduler registered.
[    0.940519] Initializing XFRM netlink socket
[    0.941748] NET: Registered PF_INET6 protocol family
[    0.965429] Segment Routing with IPv6
[    0.966015] In-situ OAM (IOAM) with IPv6
[    0.969149] NET: Registered PF_PACKET protocol family
[    0.970401] Bridge firewalling registered
[    0.973211] 9pnet: Installing 9P2000 support
[    0.973908] Key type dns_resolver registered
[    1.953164] clk: Disabling unused clocks
[    1.953777] PM: genpd: Disabling unused power domains
[    1.954187] ALSA device list:
[    1.954474]   No soundcards found.
[    4.881635] Freeing initrd memory: 81404K
[    5.008384] Freeing unused kernel image (initmem) memory: 2468K
[    5.010354] Run /init as init process
PAYLOAD_START
[     5.46] rootfs (initramfs): rootfs 218M total, 209M used, 9M free; MemTotal 519M
[     6.43] payload: image intact (variant docker, 1153 files, 218319320 bytes, 17 named files, checked in 1s)
[     6.48] stage 1: initramfs rootfs, moving the root to tmpfs (size=90%)
[     6.51] free -m (stage 1 start):
               total        used        free      shared  buff/cache   available
Mem:             519         247         274         209         211         272
Swap:              0           0           0
[     9.89] stage 1: switching root
[    10.68] cgroups: available:cpuset cpu io memory hugetlb pids 
[    10.72] cgroups: delegated: cpuset cpu io memory hugetlb pids
[    10.87] stage 2: root is tmpfs, test=docker
[    10.98] rootfs (real root): tmpfs 467M total, 209M used, 257M free; MemTotal 519M
[    11.00] payload: image variant docker (docker=1 k3s=0)
[    11.41] net: lo 127.0.0.1/8 dummy0 10.0.2.15/24 
[    11.47] net: default route: default via 10.0.2.2 dev dummy0 onlink 
[    11.49] free -m (stage 2 start):
               total        used        free      shared  buff/cache   available
Mem:             519         253         268         209         212         266
Swap:              0           0           0
[    11.53] prune: removing the K3s stack to free RAM
[    11.58] === Docker test (timeout 1800s) ===
[    11.60] free -m (before docker):
               total        used        free      shared  buff/cache   available
Mem:             519         254         268         209         212         265
Swap:              0           0           0
[    12.20] docker: runc version 1.4.0 commit: v1.4.0-0-g8bd78a99 spec: 1.3.0 go: go1.24.4 libseccomp: 2.6.0 
[    16.49] containerd: ready after 5s
[    16.66] docker: overlayfs works on the tmpfs root, using the default driver
[    26.98] dockerd: ready after 10s
[    27.02] docker: dockerd started with: 
[    27.60] docker: storage driver: overlayfs
[    27.64] docker: loading /var/lib/rancher/k3s/agent/images/busybox-1.37.0.tar
Loaded image: busybox:1.37.0
[    36.00] docker: seccomp inside the container:
Seccomp:	2
Seccomp_filters:	1
DOCKER_OK
[    36.07] free -m (after docker):
               total        used        free      shared  buff/cache   available
Mem:             519         281         240         213         216         237
Swap:              0           0           0
[    37.27] SUMMARY: docker=ok k3s=skipped
[    37.29] free -m (final):
               total        used        free      shared  buff/cache   available
Mem:             519         238         283         213         216         281
Swap:              0           0           0
PAYLOAD_DONE
[   38.416698] reboot: Power down
