
OpenSBI v1.6
   ____                    _____ ____ _____
  / __ \                  / ____|  _ \_   _|
 | |  | |_ __   ___ _ __ | (___ | |_) || |
 | |  | | '_ \ / _ \ '_ \ \___ \|  _ < | |
 | |__| | |_) |  __/ | | |____) | |_) || |_
  \____/| .__/ \___|_| |_|_____/|____/_____|
        | |
        |_|

Platform Name               : riscv-virtio,qemu
Platform Features           : medeleg
Platform HART Count         : 4
Platform IPI Device         : aclint-mswi
Platform Timer Device       : aclint-mtimer @ 10000000Hz
Platform Console Device     : uart8250
Platform HSM Device         : ---
Platform PMU Device         : ---
Platform Reboot Device      : syscon-reboot
Platform Shutdown Device    : syscon-poweroff
Platform Suspend Device     : ---
Platform CPPC Device        : ---
Firmware Base               : 0x80000000
Firmware Size               : 361 KB
Firmware RW Offset          : 0x40000
Firmware RW Size            : 105 KB
Firmware Heap Offset        : 0x4e000
Firmware Heap Size          : 49 KB (total), 3 KB (reserved), 13 KB (used), 32 KB (free)
Firmware Scratch Size       : 4096 B (total), 440 B (used), 3656 B (free)
Runtime SBI Version         : 2.0
Standard SBI Extensions     : ipi,pmu,srst,hsm,rfnc,time,base,legacy,dbcn
Experimental SBI Extensions : sse,fwft,dbtr

Domain0 Name                : root
Domain0 Boot HART           : 2
Domain0 HARTs               : 0*,1*,2*,3*
Domain0 Region00            : 0x0000000000100000-0x0000000000100fff M: (I,R,W) S/U: (R,W)
Domain0 Region01            : 0x0000000010000000-0x0000000010000fff M: (I,R,W) S/U: (R,W)
Domain0 Region02            : 0x0000000002000000-0x000000000200ffff M: (I,R,W) S/U: ()
Domain0 Region03            : 0x0000000080040000-0x000000008005ffff M: (R,W) S/U: ()
Domain0 Region04            : 0x0000000080000000-0x000000008003ffff M: (R,X) S/U: ()
Domain0 Region05            : 0x000000000c400000-0x000000000c5fffff M: (I,R,W) S/U: (R,W)
Domain0 Region06            : 0x000000000c000000-0x000000000c3fffff M: (I,R,W) S/U: (R,W)
Domain0 Region07            : 0x0000000000000000-0xffffffffffffffff M: () S/U: (R,W,X)
Domain0 Next Address        : 0x0000000080200000
Domain0 Next Arg1           : 0x00000000ffe00000
Domain0 Next Mode           : S-mode
Domain0 SysReset            : yes
Domain0 SysSuspend          : yes

Boot HART ID                : 2
Boot HART Domain            : root
Boot HART Priv Version      : v1.12
Boot HART Base ISA          : rv64imafdch
Boot HART ISA Extensions    : sstc,zicntr,zihpm,zicboz,zicbom,sdtrig,svadu
Boot HART PMP Count         : 16
Boot HART PMP Granularity   : 2 bits
Boot HART PMP Address Bits  : 54
Boot HART MHPM Info         : 16 (0x0007fff8)
Boot HART Debug Triggers    : 2 triggers
Boot HART MIDELEG           : 0x0000000000001666
Boot HART MEDELEG           : 0x0000000000f4b509
[    0.000000] Booting Linux on hartid 2
[    0.000000] Linux version 7.2.6 (@3b2d2172f0a8) (riscv64-linux-gnu-gcc (Debian 14.2.0-19) 14.2.0, GNU ld (GNU Binutils for Debian) 2.44) #1 SMP PREEMPT Sat Sep 19 20:58:08 UTC 2026
[    0.000000] random: crng init done
[    0.000000] Machine model: riscv-virtio,qemu
[    0.000000] SBI specification v2.0 detected
[    0.000000] SBI implementation ID=0x1 Version=0x10006
[    0.000000] SBI TIME extension detected
[    0.000000] SBI IPI extension detected
[    0.000000] SBI RFENCE extension detected
[    0.000000] SBI SRST extension detected
[    0.000000] SBI DBCN extension detected
[    0.000000] efi: UEFI not found.
[    0.000000] OF: reserved mem: 0x0000000080000000..0x000000008003ffff (256 KiB) nomap non-reusable mmode_resv1@80000000
[    0.000000] OF: reserved mem: 0x0000000080040000..0x000000008005ffff (128 KiB) nomap non-reusable mmode_resv0@80040000
[    0.000000] SBI HSM extension detected
[    0.000000] riscv: base ISA extensions acdfhim
[    0.000000] riscv: ELF capabilities acdfim
[    0.000000] Queued spinlock using Ziccrse: enabled
[    0.000000] Zone ranges:
[    0.000000]   DMA32    [mem 0x0000000080000000-0x00000000ffffffff]
[    0.000000]   Normal   empty
[    0.000000] Movable zone start for each node
[    0.000000] Early memory node ranges
[    0.000000]   node   0: [mem 0x0000000080000000-0x000000008005ffff]
[    0.000000]   node   0: [mem 0x0000000080060000-0x00000000ffffffff]
[    0.000000] Initmem setup node 0 [mem 0x0000000080000000-0x00000000ffffffff]
[    0.000000] percpu: Embedded 31 pages/cpu s88216 r8192 d30568 u126976
[    0.000000] Kernel command line: console=ttyS0 test=docker docker.timeout=1800 progress=120
[    0.000000] Unknown kernel command line parameters "test=docker progress=120", will be passed to user space.
[    0.000000] printk: log buffer data + meta data: 131072 + 458752 = 589824 bytes
[    0.000000] Dentry cache hash table entries: 262144 (order: 9, 2097152 bytes, linear)
[    0.000000] Inode-cache hash table entries: 131072 (order: 8, 1048576 bytes, linear)
[    0.000000] software IO TLB: SWIOTLB bounce buffer size adjusted to 2MB
[    0.000000] software IO TLB: area num 4.
[    0.000000] software IO TLB: mapped [mem 0x00000000fca00000-0x00000000fcc00000] (2MB)
[    0.000000] Built 1 zonelists, mobility grouping on.  Total pages: 524288
[    0.000000] mem auto-init: stack:all(zero), heap alloc:off, heap free:off
[    0.000000] SLUB: HWalign=64, Order=0-3, MinObjects=0, CPUs=4, Nodes=1
[    0.000000] rcu: Hierarchical RCU implementation.
[    0.000000] rcu: 	RCU event tracing is enabled.
[    0.000000] rcu: 	RCU restricting CPUs from NR_CPUS=256 to nr_cpu_ids=4.
[    0.000000] 	Trampoline variant of Tasks RCU enabled.
[    0.000000] 	Tracing variant of Tasks RCU enabled.
[    0.000000] rcu: RCU calculated value of scheduler-enlistment delay is 25 jiffies.
[    0.000000] rcu: Adjusting geometry for rcu_fanout_leaf=16, nr_cpu_ids=4
[    0.000000] RCU Tasks: Setting shift to 2 and lim to 1 rcu_task_cb_adjust=1 rcu_task_cpu_ids=4.
[    0.000000] NR_IRQS: 64, nr_irqs: 64, preallocated irqs: 0
[    0.000000] riscv-intc: 64 local interrupts mapped
[    0.000000] riscv: providing IPIs using SBI IPI extension
[    0.000000] rcu: srcu_init: Setting srcu_struct sizes based on contention.
[    0.000000] clocksource: jiffies: mask: 0xffffffff max_cycles: 0xffffffff, max_idle_ns: 7645041785100000 ns
[    0.000000] clocksource: riscv_clocksource: mask: 0xffffffffffffffff max_cycles: 0x24e6a1710, max_idle_ns: 440795202120 ns
[    0.000104] sched_clock: 64 bits at 10MHz, resolution 100ns, wraps every 4398046511100ns
[    0.000289] riscv-timer: Timer interrupt in S-mode is available via sstc extension
[    0.015328] Console: colour dummy device 80x25
[    0.019574] Calibrating delay loop (skipped), value calculated using timer frequency.. 20.00 BogoMIPS (lpj=40000)
[    0.019780] pid_max: default: 32768 minimum: 301
[    0.029075] Mount-cache hash table entries: 4096 (order: 3, 32768 bytes, linear)
[    0.029152] Mountpoint-cache hash table entries: 4096 (order: 3, 32768 bytes, linear)
[    0.042560] VFS: Finished mounting rootfs on nullfs
[    0.089385] riscv: ELF compat mode supported
[    0.089712] ASID allocator using 16 bits (65536 entries)
[    0.091564] rcu: Hierarchical SRCU implementation.
[    0.091612] rcu: 	Max phase no-delay instances is 1000.
[    0.094473] Timer migration: 1 hierarchy levels; 8 children per group; 1 crossnode level
[    0.098210] EFI services will not be available.
[    0.099631] smp: Bringing up secondary CPUs ...
[    0.129118] smp: Brought up 1 node, 4 CPUs
[    0.143889] Memory: 1661932K/2097152K available (13250K kernel code, 6056K rwdata, 6144K rodata, 2470K init, 506K bss, 431032K reserved, 0K cma-reserved)
[    0.163397] devtmpfs: initialized
[    0.184942] posixtimers hash table entries: 2048 (order: 3, 32768 bytes, linear)
[    0.185305] futex hash table entries: 1024 (65536 bytes on 1 NUMA nodes, total 64 KiB, linear).
[    0.200459] DMI: not present or invalid.
[    0.203743] NET: Registered PF_NETLINK/PF_ROUTE protocol family
[    0.209402] DMA: preallocated 256 KiB GFP_KERNEL|GFP_DMA32 pool for atomic allocations
[    0.209920] audit: initializing netlink subsys (disabled)
[    0.213315] audit: type=2000 audit(0.192:1): state=initialized audit_enabled=0 res=1
[    0.217552] thermal_sys: Registered thermal governor 'step_wise'
[    0.218820] cpuidle: using governor menu
[    0.262175] HugeTLB: registered 2.00 MiB page size, pre-allocated 0 pages
[    0.262229] HugeTLB: 28 KiB vmemmap can be freed for a 2.00 MiB page
[    0.270380] ACPI: Interpreter disabled.
[    0.271599] iommu: Default domain type: Translated
[    0.271647] iommu: DMA domain TLB invalidation policy: strict mode
[    0.284327] SCSI subsystem initialized
[    0.287837] usbcore: registered new interface driver usbfs
[    0.288392] usbcore: registered new interface driver hub
[    0.288618] usbcore: registered new device driver usb
[    0.295870] Advanced Linux Sound Architecture Driver Initialized.
[    0.321298] vgaarb: loaded
[    0.326075] clocksource: Switched to clocksource riscv_clocksource
[    0.332746] pnp: PnP ACPI: disabled
[    0.414013] NET: Registered PF_INET protocol family
[    0.416806] IP idents hash table entries: 32768 (order: 6, 262144 bytes, linear)
[    0.430880] tcp_listen_portaddr_hash hash table entries: 1024 (order: 2, 16384 bytes, linear)
[    0.431076] Table-perturb hash table entries: 65536 (order: 6, 262144 bytes, linear)
[    0.431235] TCP established hash table entries: 16384 (order: 5, 131072 bytes, linear)
[    0.431590] TCP bind hash table entries: 16384 (order: 7, 524288 bytes, linear)
[    0.432040] TCP: Hash tables configured (established 16384 bind 16384)
[    0.433668] UDP hash table entries: 1024 (order: 4, 65536 bytes, linear)
[    0.436824] NET: Registered PF_UNIX/PF_LOCAL protocol family
[    0.447399] RPC: Registered named UNIX socket transport module.
[    0.447551] RPC: Registered udp transport module.
[    0.447587] RPC: Registered tcp transport module.
[    0.447612] RPC: Registered tcp-with-tls transport module.
[    0.447636] RPC: Registered tcp NFSv4.1 backchannel transport module.
[    0.468022] cpu2: scalar unaligned word access speed is 7.33x byte access speed (fast)
[    0.468031] cpu0: scalar unaligned word access speed is 7.33x byte access speed (fast)
[    0.468025] cpu3: scalar unaligned word access speed is 7.33x byte access speed (fast)
[    0.468013] cpu1: scalar unaligned word access speed is 7.33x byte access speed (fast)
[    0.470887] PCI: CLS 0 bytes, default 64
[    0.479433] workingset: timestamp_bits=46 (anon: 41) max_order=19 bucket_order=0 (anon: 0)
[    0.480801] Unpacking initramfs...
[    0.490801] NFS: Registering the id_resolver key type
[    0.491742] Key type id_resolver registered
[    0.491855] Key type id_legacy registered
[    0.492788] nfs4filelayout_init: NFSv4 File Layout Driver Registering...
[    0.493129] nfs4flexfilelayout_init: NFSv4 Flexfile Layout Driver Registering...
[    0.495363] 9p: Installing v9fs 9p2000 file system support
[    0.500327] NET: Registered PF_ALG protocol family
[    0.501029] Block layer SCSI generic (bsg) driver version 0.4 loaded (major 244)
[    0.502831] io scheduler mq-deadline registered
[    0.502978] io scheduler kyber registered
[    0.503380] io scheduler bfq registered
[    0.521124] riscv-plic: plic@c000000: mapped 96 interrupts with 4 handlers for 8 contexts.
[    0.529425] pci-host-generic 30000000.pci: host bridge /soc/pci@30000000 ranges:
[    0.531249] pci-host-generic 30000000.pci:       IO 0x0003000000..0x000300ffff -> 0x0000000000
[    0.532320] pci-host-generic 30000000.pci:      MEM 0x0040000000..0x007fffffff -> 0x0040000000
[    0.532418] pci-host-generic 30000000.pci:      MEM 0x0400000000..0x07ffffffff -> 0x0400000000
[    0.533758] pci-host-generic 30000000.pci: Memory resource size exceeds max for 32 bits
[    0.534900] pci-host-generic 30000000.pci: ECAM at [mem 0x30000000-0x3fffffff] for [bus 00-ff]
[    0.538738] pci-host-generic 30000000.pci: PCI host bridge to bus 0000:00
[    0.539150] pci_bus 0000:00: root bus resource [bus 00-ff]
[    0.539278] pci_bus 0000:00: root bus resource [io  0x0000-0xffff]
[    0.539360] pci_bus 0000:00: root bus resource [mem 0x40000000-0x7fffffff]
[    0.539375] pci_bus 0000:00: root bus resource [mem 0x400000000-0x7ffffffff]
[    0.542806] pci 0000:00:00.0: [1b36:0008] type 00 class 0x060000 conventional PCI endpoint
[    0.556855] pci_bus 0000:00: resource 4 [io  0x0000-0xffff]
[    0.556970] pci_bus 0000:00: resource 5 [mem 0x40000000-0x7fffffff]
[    0.557017] pci_bus 0000:00: resource 6 [mem 0x400000000-0x7ffffffff]
[    0.932381] Serial: 8250/16550 driver, 4 ports, IRQ sharing disabled
[    0.959580] printk: legacy console [ttyS0] disabled
[    0.966658] 10000000.serial: ttyS0 at MMIO 0x10000000 (irq = 12, base_baud = 230400) is a 16550A
[    0.969876] printk: legacy console [ttyS0] enabled
[    1.066694] loop: module loaded
[    1.083322] e1000e: Intel(R) PRO/1000 Network Driver
[    1.083625] e1000e: Copyright(c) 1999 - 2015 Intel Corporation.
[    1.090157] usbcore: registered new interface driver uas
[    1.091331] usbcore: registered new interface driver usb-storage
[    1.094473] mousedev: PS/2 mouse device common for all mice
[    1.102049] goldfish_rtc 101000.rtc: registered as rtc0
[    1.104285] goldfish_rtc 101000.rtc: setting system clock to 2026-09-20T09:32:14 UTC (1789896734)
[    1.123753] usbcore: registered new interface driver usbhid
[    1.124243] usbhid: USB HID core driver
[    1.126720] riscv-pmu-sbi: SBI PMU extension is available
[    1.130352] riscv-pmu-sbi: 16 firmware and 18 hardware counters
[    1.130925] riscv-pmu-sbi: Perf sampling/filtering is not supported as sscof extension is not available
[    1.161891] IPVS: Registered protocols (TCP, UDP)
[    1.162388] IPVS: Connection hash table configured (size=4096, memory=32Kbytes)
[    1.166224] IPVS: ipvs loaded.
[    1.166892] IPVS: [rr] scheduler registered.
[    1.171240] Initializing XFRM netlink socket
[    1.173126] NET: Registered PF_INET6 protocol family
[    1.192522] Segment Routing with IPv6
[    1.193605] In-situ OAM (IOAM) with IPv6
[    1.196805] NET: Registered PF_PACKET protocol family
[    1.198177] Bridge firewalling registered
[    1.202074] 9pnet: Installing 9P2000 support
[    1.203409] Key type dns_resolver registered
[    2.003514] clk: Disabling unused clocks
[    2.004064] PM: genpd: Disabling unused power domains
[    2.004438] ALSA device list:
[    2.004731]   No soundcards found.
[   11.166093] Freeing initrd memory: 345036K
[   11.280384] Freeing unused kernel image (initmem) memory: 2468K
[   11.282166] Run /init as init process
PAYLOAD_START
[    11.69] rootfs (initramfs): rootfs 813M total, 631M used, 182M free; MemTotal 1966M
[    12.65] payload: image intact (variant full, 1551 files, 660290204 bytes, 26 named files, checked in 1s)
[    12.68] stage 1: initramfs rootfs, moving the root to tmpfs (size=90%)
[    12.69] free -m (stage 1 start):
               total        used        free      shared  buff/cache   available
Mem:            1966         708        1264         631         634        1257
Swap:              0           0           0
[    18.91] stage 1: switching root
[    19.63] cgroups: available:cpuset cpu io memory hugetlb pids 
[    19.67] cgroups: delegated: cpuset cpu io memory hugetlb pids
[    19.79] stage 2: root is tmpfs, test=docker
[    19.90] rootfs (real root): tmpfs 1769M total, 631M used, 1138M free; MemTotal 1966M
[    19.91] payload: image variant full (docker=1 k3s=1)
[    20.32] net: lo 127.0.0.1/8 dummy0 10.0.2.15/24 
[    20.37] net: default route: default via 10.0.2.2 dev dummy0 onlink 
[    20.38] free -m (stage 2 start):
               total        used        free      shared  buff/cache   available
Mem:            1966         749        1223         631         635        1217
Swap:              0           0           0
[    20.43] prune: removing the K3s stack to free RAM
[    21.22] === Docker test (timeout 1800s) ===
[    21.23] free -m (before docker):
               total        used        free      shared  buff/cache   available
Mem:            1966         283        1689         209         212        1682
Swap:              0           0           0
[    21.82] docker: runc version 1.4.0 commit: v1.4.0-0-g8bd78a99 spec: 1.3.0 go: go1.24.4 libseccomp: 2.6.0 
[    26.08] containerd: ready after 4s
[    26.26] docker: overlayfs works on the tmpfs root, using the default driver
[    37.40] dockerd: ready after 11s
[    37.43] docker: dockerd started with: 
[    38.10] docker: storage driver: overlayfs
[    38.12] docker: loading /var/lib/rancher/k3s/agent/images/busybox-1.37.0.tar
Loaded image: busybox:1.37.0
[    46.67] docker: seccomp inside the container:
Seccomp:	2
Seccomp_filters:	1
DOCKER_OK
[    46.73] free -m (after docker):
               total        used        free      shared  buff/cache   available
Mem:            1966         299        1673         213         216        1666
Swap:              0           0           0
[    47.96] SUMMARY: docker=ok k3s=skipped
[    48.00] free -m (final):
               total        used        free      shared  buff/cache   available
Mem:            1966         247        1725         213         216        1718
Swap:              0           0           0
PAYLOAD_DONE
[   49.141591] reboot: Power down
