
OpenSBI v1.6
   ____                    _____ ____ _____
  / __ \                  / ____|  _ \_   _|
 | |  | |_ __   ___ _ __ | (___ | |_) || |
 | |  | | '_ \ / _ \ '_ \ \___ \|  _ < | |
 | |__| | |_) |  __/ | | |____) | |_) || |_
  \____/| .__/ \___|_| |_|_____/|____/_____|
        | |
        |_|

Platform Name               : riscv-virtio,qemu
Platform Features           : medeleg
Platform HART Count         : 4
Platform IPI Device         : aclint-mswi
Platform Timer Device       : aclint-mtimer @ 10000000Hz
Platform Console Device     : uart8250
Platform HSM Device         : ---
Platform PMU Device         : ---
Platform Reboot Device      : syscon-reboot
Platform Shutdown Device    : syscon-poweroff
Platform Suspend Device     : ---
Platform CPPC Device        : ---
Firmware Base               : 0x80000000
Firmware Size               : 361 KB
Firmware RW Offset          : 0x40000
Firmware RW Size            : 105 KB
Firmware Heap Offset        : 0x4e000
Firmware Heap Size          : 49 KB (total), 3 KB (reserved), 13 KB (used), 32 KB (free)
Firmware Scratch Size       : 4096 B (total), 440 B (used), 3656 B (free)
Runtime SBI Version         : 2.0
Standard SBI Extensions     : ipi,pmu,srst,hsm,rfnc,time,base,legacy,dbcn
Experimental SBI Extensions : sse,fwft,dbtr

Domain0 Name                : root
Domain0 Boot HART           : 0
Domain0 HARTs               : 0*,1*,2*,3*
Domain0 Region00            : 0x0000000000100000-0x0000000000100fff M: (I,R,W) S/U: (R,W)
Domain0 Region01            : 0x0000000010000000-0x0000000010000fff M: (I,R,W) S/U: (R,W)
Domain0 Region02            : 0x0000000002000000-0x000000000200ffff M: (I,R,W) S/U: ()
Domain0 Region03            : 0x0000000080040000-0x000000008005ffff M: (R,W) S/U: ()
Domain0 Region04            : 0x0000000080000000-0x000000008003ffff M: (R,X) S/U: ()
Domain0 Region05            : 0x000000000c400000-0x000000000c5fffff M: (I,R,W) S/U: (R,W)
Domain0 Region06            : 0x000000000c000000-0x000000000c3fffff M: (I,R,W) S/U: (R,W)
Domain0 Region07            : 0x0000000000000000-0xffffffffffffffff M: () S/U: (R,W,X)
Domain0 Next Address        : 0x0000000080200000
Domain0 Next Arg1           : 0x00000000d7e00000
Domain0 Next Mode           : S-mode
Domain0 SysReset            : yes
Domain0 SysSuspend          : yes

Boot HART ID                : 0
Boot HART Domain            : root
Boot HART Priv Version      : v1.12
Boot HART Base ISA          : rv64imafdch
Boot HART ISA Extensions    : sstc,zicntr,zihpm,zicboz,zicbom,sdtrig,svadu
Boot HART PMP Count         : 16
Boot HART PMP Granularity   : 2 bits
Boot HART PMP Address Bits  : 54
Boot HART MHPM Info         : 16 (0x0007fff8)
Boot HART Debug Triggers    : 2 triggers
Boot HART MIDELEG           : 0x0000000000001666
Boot HART MEDELEG           : 0x0000000000f4b509
[    0.000000] Booting Linux on hartid 0
[    0.000000] Linux version 7.2.6 (@3b2d2172f0a8) (riscv64-linux-gnu-gcc (Debian 14.2.0-19) 14.2.0, GNU ld (GNU Binutils for Debian) 2.44) #1 SMP PREEMPT Sat Sep 19 20:58:08 UTC 2026
[    0.000000] random: crng init done
[    0.000000] Machine model: riscv-virtio,qemu
[    0.000000] SBI specification v2.0 detected
[    0.000000] SBI implementation ID=0x1 Version=0x10006
[    0.000000] SBI TIME extension detected
[    0.000000] SBI IPI extension detected
[    0.000000] SBI RFENCE extension detected
[    0.000000] SBI SRST extension detected
[    0.000000] SBI DBCN extension detected
[    0.000000] efi: UEFI not found.
[    0.000000] OF: reserved mem: 0x0000000080000000..0x000000008003ffff (256 KiB) nomap non-reusable mmode_resv1@80000000
[    0.000000] OF: reserved mem: 0x0000000080040000..0x000000008005ffff (128 KiB) nomap non-reusable mmode_resv0@80040000
[    0.000000] SBI HSM extension detected
[    0.000000] riscv: base ISA extensions acdfhim
[    0.000000] riscv: ELF capabilities acdfim
[    0.000000] Queued spinlock using Ziccrse: enabled
[    0.000000] Zone ranges:
[    0.000000]   DMA32    [mem 0x0000000080000000-0x00000000d7ffffff]
[    0.000000]   Normal   empty
[    0.000000] Movable zone start for each node
[    0.000000] Early memory node ranges
[    0.000000]   node   0: [mem 0x0000000080000000-0x000000008005ffff]
[    0.000000]   node   0: [mem 0x0000000080060000-0x00000000d7ffffff]
[    0.000000] Initmem setup node 0 [mem 0x0000000080000000-0x00000000d7ffffff]
[    0.000000] percpu: Embedded 31 pages/cpu s88216 r8192 d30568 u126976
[    0.000000] Kernel command line: console=ttyS0 test=k3s k3s.timeout=5400 k3s.podtimeout=2400 progress=120
[    0.000000] Unknown kernel command line parameters "test=k3s progress=120", will be passed to user space.
[    0.000000] printk: log buffer data + meta data: 131072 + 458752 = 589824 bytes
[    0.000000] Dentry cache hash table entries: 131072 (order: 8, 1048576 bytes, linear)
[    0.000000] Inode-cache hash table entries: 65536 (order: 7, 524288 bytes, linear)
[    0.000000] software IO TLB: SWIOTLB bounce buffer size adjusted to 1MB
[    0.000000] software IO TLB: area num 4.
[    0.000000] software IO TLB: SWIOTLB bounce buffer size roundup to 2MB
[    0.000000] software IO TLB: mapped [mem 0x00000000d5580000-0x00000000d5780000] (2MB)
[    0.000000] Built 1 zonelists, mobility grouping on.  Total pages: 360448
[    0.000000] mem auto-init: stack:all(zero), heap alloc:off, heap free:off
[    0.000000] SLUB: HWalign=64, Order=0-3, MinObjects=0, CPUs=4, Nodes=1
[    0.000000] rcu: Hierarchical RCU implementation.
[    0.000000] rcu: 	RCU event tracing is enabled.
[    0.000000] rcu: 	RCU restricting CPUs from NR_CPUS=256 to nr_cpu_ids=4.
[    0.000000] 	Trampoline variant of Tasks RCU enabled.
[    0.000000] 	Tracing variant of Tasks RCU enabled.
[    0.000000] rcu: RCU calculated value of scheduler-enlistment delay is 25 jiffies.
[    0.000000] rcu: Adjusting geometry for rcu_fanout_leaf=16, nr_cpu_ids=4
[    0.000000] RCU Tasks: Setting shift to 2 and lim to 1 rcu_task_cb_adjust=1 rcu_task_cpu_ids=4.
[    0.000000] NR_IRQS: 64, nr_irqs: 64, preallocated irqs: 0
[    0.000000] riscv-intc: 64 local interrupts mapped
[    0.000000] riscv: providing IPIs using SBI IPI extension
[    0.000000] rcu: srcu_init: Setting srcu_struct sizes based on contention.
[    0.000000] clocksource: jiffies: mask: 0xffffffff max_cycles: 0xffffffff, max_idle_ns: 7645041785100000 ns
[    0.000000] clocksource: riscv_clocksource: mask: 0xffffffffffffffff max_cycles: 0x24e6a1710, max_idle_ns: 440795202120 ns
[    0.000089] sched_clock: 64 bits at 10MHz, resolution 100ns, wraps every 4398046511100ns
[    0.000251] riscv-timer: Timer interrupt in S-mode is available via sstc extension
[    0.013157] Console: colour dummy device 80x25
[    0.019137] Calibrating delay loop (skipped), value calculated using timer frequency.. 20.00 BogoMIPS (lpj=40000)
[    0.019327] pid_max: default: 32768 minimum: 301
[    0.028018] Mount-cache hash table entries: 2048 (order: 2, 16384 bytes, linear)
[    0.028089] Mountpoint-cache hash table entries: 2048 (order: 2, 16384 bytes, linear)
[    0.039441] VFS: Finished mounting rootfs on nullfs
[    0.085673] riscv: ELF compat mode supported
[    0.086215] ASID allocator using 16 bits (65536 entries)
[    0.090608] rcu: Hierarchical SRCU implementation.
[    0.090674] rcu: 	Max phase no-delay instances is 1000.
[    0.093377] Timer migration: 1 hierarchy levels; 8 children per group; 1 crossnode level
[    0.097477] EFI services will not be available.
[    0.099105] smp: Bringing up secondary CPUs ...
[    0.121573] smp: Brought up 1 node, 4 CPUs
[    0.135727] Memory: 1018328K/1441792K available (13250K kernel code, 6056K rwdata, 6144K rodata, 2470K init, 506K bss, 419260K reserved, 0K cma-reserved)
[    0.151918] devtmpfs: initialized
[    0.171136] posixtimers hash table entries: 2048 (order: 3, 32768 bytes, linear)
[    0.171548] futex hash table entries: 1024 (65536 bytes on 1 NUMA nodes, total 64 KiB, linear).
[    0.187520] DMI: not present or invalid.
[    0.190556] NET: Registered PF_NETLINK/PF_ROUTE protocol family
[    0.197445] DMA: preallocated 128 KiB GFP_KERNEL|GFP_DMA32 pool for atomic allocations
[    0.197971] audit: initializing netlink subsys (disabled)
[    0.201771] audit: type=2000 audit(0.180:1): state=initialized audit_enabled=0 res=1
[    0.205444] thermal_sys: Registered thermal governor 'step_wise'
[    0.206677] cpuidle: using governor menu
[    0.242679] HugeTLB: registered 2.00 MiB page size, pre-allocated 0 pages
[    0.242731] HugeTLB: 28 KiB vmemmap can be freed for a 2.00 MiB page
[    0.249153] ACPI: Interpreter disabled.
[    0.250003] iommu: Default domain type: Translated
[    0.250160] iommu: DMA domain TLB invalidation policy: strict mode
[    0.263148] SCSI subsystem initialized
[    0.267524] usbcore: registered new interface driver usbfs
[    0.268006] usbcore: registered new interface driver hub
[    0.268261] usbcore: registered new device driver usb
[    0.272457] Advanced Linux Sound Architecture Driver Initialized.
[    0.299903] vgaarb: loaded
[    0.305370] clocksource: Switched to clocksource riscv_clocksource
[    0.315003] pnp: PnP ACPI: disabled
[    0.385251] NET: Registered PF_INET protocol family
[    0.387461] IP idents hash table entries: 16384 (order: 5, 131072 bytes, linear)
[    0.397759] tcp_listen_portaddr_hash hash table entries: 512 (order: 1, 8192 bytes, linear)
[    0.397885] Table-perturb hash table entries: 65536 (order: 6, 262144 bytes, linear)
[    0.398039] TCP established hash table entries: 8192 (order: 4, 65536 bytes, linear)
[    0.398373] TCP bind hash table entries: 8192 (order: 6, 262144 bytes, linear)
[    0.398684] TCP: Hash tables configured (established 8192 bind 8192)
[    0.400070] UDP hash table entries: 512 (order: 3, 32768 bytes, linear)
[    0.402535] NET: Registered PF_UNIX/PF_LOCAL protocol family
[    0.408818] RPC: Registered named UNIX socket transport module.
[    0.408894] RPC: Registered udp transport module.
[    0.408907] RPC: Registered tcp transport module.
[    0.408917] RPC: Registered tcp-with-tls transport module.
[    0.408928] RPC: Registered tcp NFSv4.1 backchannel transport module.
[    0.427465] cpu0: scalar unaligned word access speed is 7.94x byte access speed (fast)
[    0.427465] cpu3: scalar unaligned word access speed is 8.11x byte access speed (fast)
[    0.427492] cpu2: scalar unaligned word access speed is 13.94x byte access speed (fast)
[    0.427488] cpu1: scalar unaligned word access speed is 15.41x byte access speed (fast)
[    0.429454] PCI: CLS 0 bytes, default 64
[    0.439398] Unpacking initramfs...
[    0.439462] workingset: timestamp_bits=46 (anon: 41) max_order=18 bucket_order=0 (anon: 0)
[    0.451224] NFS: Registering the id_resolver key type
[    0.451758] Key type id_resolver registered
[    0.451811] Key type id_legacy registered
[    0.452719] nfs4filelayout_init: NFSv4 File Layout Driver Registering...
[    0.453061] nfs4flexfilelayout_init: NFSv4 Flexfile Layout Driver Registering...
[    0.455763] 9p: Installing v9fs 9p2000 file system support
[    0.461509] NET: Registered PF_ALG protocol family
[    0.462159] Block layer SCSI generic (bsg) driver version 0.4 loaded (major 244)
[    0.463596] io scheduler mq-deadline registered
[    0.463742] io scheduler kyber registered
[    0.464220] io scheduler bfq registered
[    0.479748] riscv-plic: plic@c000000: mapped 96 interrupts with 4 handlers for 8 contexts.
[    0.487557] pci-host-generic 30000000.pci: host bridge /soc/pci@30000000 ranges:
[    0.489407] pci-host-generic 30000000.pci:       IO 0x0003000000..0x000300ffff -> 0x0000000000
[    0.490773] pci-host-generic 30000000.pci:      MEM 0x0040000000..0x007fffffff -> 0x0040000000
[    0.490905] pci-host-generic 30000000.pci:      MEM 0x0400000000..0x07ffffffff -> 0x0400000000
[    0.492330] pci-host-generic 30000000.pci: Memory resource size exceeds max for 32 bits
[    0.493452] pci-host-generic 30000000.pci: ECAM at [mem 0x30000000-0x3fffffff] for [bus 00-ff]
[    0.497357] pci-host-generic 30000000.pci: PCI host bridge to bus 0000:00
[    0.497759] pci_bus 0000:00: root bus resource [bus 00-ff]
[    0.497859] pci_bus 0000:00: root bus resource [io  0x0000-0xffff]
[    0.497974] pci_bus 0000:00: root bus resource [mem 0x40000000-0x7fffffff]
[    0.497988] pci_bus 0000:00: root bus resource [mem 0x400000000-0x7ffffffff]
[    0.500329] pci 0000:00:00.0: [1b36:0008] type 00 class 0x060000 conventional PCI endpoint
[    0.513703] pci_bus 0000:00: resource 4 [io  0x0000-0xffff]
[    0.513777] pci_bus 0000:00: resource 5 [mem 0x40000000-0x7fffffff]
[    0.513794] pci_bus 0000:00: resource 6 [mem 0x400000000-0x7ffffffff]
[    0.929354] Serial: 8250/16550 driver, 4 ports, IRQ sharing disabled
[    0.962376] printk: legacy console [ttyS0] disabled
[    0.970794] 10000000.serial: ttyS0 at MMIO 0x10000000 (irq = 12, base_baud = 230400) is a 16550A
[    0.974778] printk: legacy console [ttyS0] enabled
[    1.094368] loop: module loaded
[    1.114228] e1000e: Intel(R) PRO/1000 Network Driver
[    1.114589] e1000e: Copyright(c) 1999 - 2015 Intel Corporation.
[    1.122427] usbcore: registered new interface driver uas
[    1.123502] usbcore: registered new interface driver usb-storage
[    1.125567] mousedev: PS/2 mouse device common for all mice
[    1.133134] goldfish_rtc 101000.rtc: registered as rtc0
[    1.134645] goldfish_rtc 101000.rtc: setting system clock to 2026-09-20T09:33:35 UTC (1789896815)
[    1.147438] usbcore: registered new interface driver usbhid
[    1.147763] usbhid: USB HID core driver
[    1.149793] riscv-pmu-sbi: SBI PMU extension is available
[    1.154193] riscv-pmu-sbi: 16 firmware and 18 hardware counters
[    1.154566] riscv-pmu-sbi: Perf sampling/filtering is not supported as sscof extension is not available
[    1.182298] IPVS: Registered protocols (TCP, UDP)
[    1.183547] IPVS: Connection hash table configured (size=4096, memory=32Kbytes)
[    1.189102] IPVS: ipvs loaded.
[    1.189531] IPVS: [rr] scheduler registered.
[    1.193961] Initializing XFRM netlink socket
[    1.195095] NET: Registered PF_INET6 protocol family
[    1.213657] Segment Routing with IPv6
[    1.214834] In-situ OAM (IOAM) with IPv6
[    1.218834] NET: Registered PF_PACKET protocol family
[    1.220271] Bridge firewalling registered
[    1.223956] 9pnet: Installing 9P2000 support
[    1.225144] Key type dns_resolver registered
[    2.214693] clk: Disabling unused clocks
[    2.215409] PM: genpd: Disabling unused power domains
[    2.215858] ALSA device list:
[    2.216094]   No soundcards found.
[   10.444294] Initramfs unpacking failed: write error
[   10.733095] Freeing initrd memory: 345036K
[   10.863925] Freeing unused kernel image (initmem) memory: 2468K
[   10.866137] Run /init as init process
PAYLOAD_START
[    11.36] rootfs (initramfs): rootfs 499M total, 499M used, 0M free; MemTotal 1337M
PAYLOAD_FAIL: initrd truncated (kernel: Initramfs unpacking failed: write error)
[    11.47] payload: the image is incomplete, so no test was run and no test
[    11.48] payload: marker will be printed. Give the guest more RAM, or boot a
[    11.49] payload: smaller variant, or add initramfs_options=size=90% (see NOTES).
[    11.58] rootfs (at the failure): rootfs 499M total, 499M used, 0M free; MemTotal 1337M
[    11.59] payload: kernel initramfs lines:
[    0.439398] Unpacking initramfs...
[   10.444294] Initramfs unpacking failed: write error
[   10.733095] Freeing initrd memory: 345036K
[   12.717234] reboot: Power down
