
OpenSBI v1.6
   ____                    _____ ____ _____
  / __ \                  / ____|  _ \_   _|
 | |  | |_ __   ___ _ __ | (___ | |_) || |
 | |  | | '_ \ / _ \ '_ \ \___ \|  _ < | |
 | |__| | |_) |  __/ | | |____) | |_) || |_
  \____/| .__/ \___|_| |_|_____/|____/_____|
        | |
        |_|

Platform Name               : riscv-virtio,qemu
Platform Features           : medeleg
Platform HART Count         : 4
Platform IPI Device         : aclint-mswi
Platform Timer Device       : aclint-mtimer @ 10000000Hz
Platform Console Device     : uart8250
Platform HSM Device         : ---
Platform PMU Device         : ---
Platform Reboot Device      : syscon-reboot
Platform Shutdown Device    : syscon-poweroff
Platform Suspend Device     : ---
Platform CPPC Device        : ---
Firmware Base               : 0x80000000
Firmware Size               : 361 KB
Firmware RW Offset          : 0x40000
Firmware RW Size            : 105 KB
Firmware Heap Offset        : 0x4e000
Firmware Heap Size          : 49 KB (total), 3 KB (reserved), 13 KB (used), 32 KB (free)
Firmware Scratch Size       : 4096 B (total), 440 B (used), 3656 B (free)
Runtime SBI Version         : 2.0
Standard SBI Extensions     : ipi,pmu,srst,hsm,rfnc,time,base,legacy,dbcn
Experimental SBI Extensions : sse,fwft,dbtr

Domain0 Name                : root
Domain0 Boot HART           : 3
Domain0 HARTs               : 0*,1*,2*,3*
Domain0 Region00            : 0x0000000000100000-0x0000000000100fff M: (I,R,W) S/U: (R,W)
Domain0 Region01            : 0x0000000010000000-0x0000000010000fff M: (I,R,W) S/U: (R,W)
Domain0 Region02            : 0x0000000002000000-0x000000000200ffff M: (I,R,W) S/U: ()
Domain0 Region03            : 0x0000000080040000-0x000000008005ffff M: (R,W) S/U: ()
Domain0 Region04            : 0x0000000080000000-0x000000008003ffff M: (R,X) S/U: ()
Domain0 Region05            : 0x000000000c400000-0x000000000c5fffff M: (I,R,W) S/U: (R,W)
Domain0 Region06            : 0x000000000c000000-0x000000000c3fffff M: (I,R,W) S/U: (R,W)
Domain0 Region07            : 0x0000000000000000-0xffffffffffffffff M: () S/U: (R,W,X)
Domain0 Next Address        : 0x0000000080200000
Domain0 Next Arg1           : 0x00000000ebe00000
Domain0 Next Mode           : S-mode
Domain0 SysReset            : yes
Domain0 SysSuspend          : yes

Boot HART ID                : 3
Boot HART Domain            : root
Boot HART Priv Version      : v1.12
Boot HART Base ISA          : rv64imafdch
Boot HART ISA Extensions    : sstc,zicntr,zihpm,zicboz,zicbom,sdtrig,svadu
Boot HART PMP Count         : 16
Boot HART PMP Granularity   : 2 bits
Boot HART PMP Address Bits  : 54
Boot HART MHPM Info         : 16 (0x0007fff8)
Boot HART Debug Triggers    : 2 triggers
Boot HART MIDELEG           : 0x0000000000001666
Boot HART MEDELEG           : 0x0000000000f4b509
[    0.000000] Booting Linux on hartid 3
[    0.000000] Linux version 7.2.6 (@3b2d2172f0a8) (riscv64-linux-gnu-gcc (Debian 14.2.0-19) 14.2.0, GNU ld (GNU Binutils for Debian) 2.44) #1 SMP PREEMPT Sat Sep 19 20:58:08 UTC 2026
[    0.000000] random: crng init done
[    0.000000] Machine model: riscv-virtio,qemu
[    0.000000] SBI specification v2.0 detected
[    0.000000] SBI implementation ID=0x1 Version=0x10006
[    0.000000] SBI TIME extension detected
[    0.000000] SBI IPI extension detected
[    0.000000] SBI RFENCE extension detected
[    0.000000] SBI SRST extension detected
[    0.000000] SBI DBCN extension detected
[    0.000000] efi: UEFI not found.
[    0.000000] OF: reserved mem: 0x0000000080000000..0x000000008003ffff (256 KiB) nomap non-reusable mmode_resv1@80000000
[    0.000000] OF: reserved mem: 0x0000000080040000..0x000000008005ffff (128 KiB) nomap non-reusable mmode_resv0@80040000
[    0.000000] SBI HSM extension detected
[    0.000000] riscv: base ISA extensions acdfhim
[    0.000000] riscv: ELF capabilities acdfim
[    0.000000] Queued spinlock using Ziccrse: enabled
[    0.000000] Zone ranges:
[    0.000000]   DMA32    [mem 0x0000000080000000-0x00000000ebffffff]
[    0.000000]   Normal   empty
[    0.000000] Movable zone start for each node
[    0.000000] Early memory node ranges
[    0.000000]   node   0: [mem 0x0000000080000000-0x000000008005ffff]
[    0.000000]   node   0: [mem 0x0000000080060000-0x00000000ebffffff]
[    0.000000] Initmem setup node 0 [mem 0x0000000080000000-0x00000000ebffffff]
[    0.000000] On node 0, zone DMA32: 16384 pages in unavailable ranges
[    0.000000] percpu: Embedded 31 pages/cpu s88216 r8192 d30568 u126976
[    0.000000] Kernel command line: console=ttyS0 test=k3s k3s.timeout=5400 k3s.podtimeout=2400 progress=120
[    0.000000] Unknown kernel command line parameters "test=k3s progress=120", will be passed to user space.
[    0.000000] printk: log buffer data + meta data: 131072 + 458752 = 589824 bytes
[    0.000000] Dentry cache hash table entries: 262144 (order: 9, 2097152 bytes, linear)
[    0.000000] Inode-cache hash table entries: 131072 (order: 8, 1048576 bytes, linear)
[    0.000000] software IO TLB: SWIOTLB bounce buffer size adjusted to 1MB
[    0.000000] software IO TLB: area num 4.
[    0.000000] software IO TLB: SWIOTLB bounce buffer size roundup to 2MB
[    0.000000] software IO TLB: mapped [mem 0x00000000e8e00000-0x00000000e9000000] (2MB)
[    0.000000] Built 1 zonelists, mobility grouping on.  Total pages: 442368
[    0.000000] mem auto-init: stack:all(zero), heap alloc:off, heap free:off
[    0.000000] SLUB: HWalign=64, Order=0-3, MinObjects=0, CPUs=4, Nodes=1
[    0.000000] rcu: Hierarchical RCU implementation.
[    0.000000] rcu: 	RCU event tracing is enabled.
[    0.000000] rcu: 	RCU restricting CPUs from NR_CPUS=256 to nr_cpu_ids=4.
[    0.000000] 	Trampoline variant of Tasks RCU enabled.
[    0.000000] 	Tracing variant of Tasks RCU enabled.
[    0.000000] rcu: RCU calculated value of scheduler-enlistment delay is 25 jiffies.
[    0.000000] rcu: Adjusting geometry for rcu_fanout_leaf=16, nr_cpu_ids=4
[    0.000000] RCU Tasks: Setting shift to 2 and lim to 1 rcu_task_cb_adjust=1 rcu_task_cpu_ids=4.
[    0.000000] NR_IRQS: 64, nr_irqs: 64, preallocated irqs: 0
[    0.000000] riscv-intc: 64 local interrupts mapped
[    0.000000] riscv: providing IPIs using SBI IPI extension
[    0.000000] rcu: srcu_init: Setting srcu_struct sizes based on contention.
[    0.000000] clocksource: jiffies: mask: 0xffffffff max_cycles: 0xffffffff, max_idle_ns: 7645041785100000 ns
[    0.000000] clocksource: riscv_clocksource: mask: 0xffffffffffffffff max_cycles: 0x24e6a1710, max_idle_ns: 440795202120 ns
[    0.000065] sched_clock: 64 bits at 10MHz, resolution 100ns, wraps every 4398046511100ns
[    0.000208] riscv-timer: Timer interrupt in S-mode is available via sstc extension
[    0.009167] Console: colour dummy device 80x25
[    0.011342] Calibrating delay loop (skipped), value calculated using timer frequency.. 20.00 BogoMIPS (lpj=40000)
[    0.012160] pid_max: default: 32768 minimum: 301
[    0.018853] Mount-cache hash table entries: 4096 (order: 3, 32768 bytes, linear)
[    0.018901] Mountpoint-cache hash table entries: 4096 (order: 3, 32768 bytes, linear)
[    0.027578] VFS: Finished mounting rootfs on nullfs
[    0.059014] riscv: ELF compat mode supported
[    0.059236] ASID allocator using 16 bits (65536 entries)
[    0.060731] rcu: Hierarchical SRCU implementation.
[    0.060763] rcu: 	Max phase no-delay instances is 1000.
[    0.061955] Timer migration: 1 hierarchy levels; 8 children per group; 1 crossnode level
[    0.063899] EFI services will not be available.
[    0.064650] smp: Bringing up secondary CPUs ...
[    0.079554] smp: Brought up 1 node, 4 CPUs
[    0.089370] Memory: 1338344K/1769472K available (13250K kernel code, 6056K rwdata, 6144K rodata, 2470K init, 506K bss, 426940K reserved, 0K cma-reserved)
[    0.102375] devtmpfs: initialized
[    0.115745] posixtimers hash table entries: 2048 (order: 3, 32768 bytes, linear)
[    0.116075] futex hash table entries: 1024 (65536 bytes on 1 NUMA nodes, total 64 KiB, linear).
[    0.126806] DMI: not present or invalid.
[    0.129508] NET: Registered PF_NETLINK/PF_ROUTE protocol family
[    0.134263] DMA: preallocated 256 KiB GFP_KERNEL|GFP_DMA32 pool for atomic allocations
[    0.134701] audit: initializing netlink subsys (disabled)
[    0.137184] audit: type=2000 audit(0.124:1): state=initialized audit_enabled=0 res=1
[    0.139906] thermal_sys: Registered thermal governor 'step_wise'
[    0.140664] cpuidle: using governor menu
[    0.166469] HugeTLB: registered 2.00 MiB page size, pre-allocated 0 pages
[    0.166508] HugeTLB: 28 KiB vmemmap can be freed for a 2.00 MiB page
[    0.170690] ACPI: Interpreter disabled.
[    0.171339] iommu: Default domain type: Translated
[    0.171373] iommu: DMA domain TLB invalidation policy: strict mode
[    0.176075] SCSI subsystem initialized
[    0.179087] usbcore: registered new interface driver usbfs
[    0.179392] usbcore: registered new interface driver hub
[    0.179527] usbcore: registered new device driver usb
[    0.182454] Advanced Linux Sound Architecture Driver Initialized.
[    0.200027] vgaarb: loaded
[    0.203236] clocksource: Switched to clocksource riscv_clocksource
[    0.210311] pnp: PnP ACPI: disabled
[    0.249615] NET: Registered PF_INET protocol family
[    0.251675] IP idents hash table entries: 32768 (order: 6, 262144 bytes, linear)
[    0.260148] tcp_listen_portaddr_hash hash table entries: 1024 (order: 2, 16384 bytes, linear)
[    0.260229] Table-perturb hash table entries: 65536 (order: 6, 262144 bytes, linear)
[    0.260297] TCP established hash table entries: 16384 (order: 5, 131072 bytes, linear)
[    0.260533] TCP bind hash table entries: 16384 (order: 7, 524288 bytes, linear)
[    0.260857] TCP: Hash tables configured (established 16384 bind 16384)
[    0.261875] UDP hash table entries: 1024 (order: 4, 65536 bytes, linear)
[    0.263701] NET: Registered PF_UNIX/PF_LOCAL protocol family
[    0.267802] RPC: Registered named UNIX socket transport module.
[    0.267850] RPC: Registered udp transport module.
[    0.267861] RPC: Registered tcp transport module.
[    0.267869] RPC: Registered tcp-with-tls transport module.
[    0.267877] RPC: Registered tcp NFSv4.1 backchannel transport module.
[    0.285427] cpu0: scalar unaligned word access speed is 8.69x byte access speed (fast)
[    0.285427] cpu3: scalar unaligned word access speed is 9.41x byte access speed (fast)
[    0.285463] cpu1: scalar unaligned word access speed is 9.41x byte access speed (fast)
[    0.285733] cpu2: scalar unaligned word access speed is 9.41x byte access speed (fast)
[    0.287527] PCI: CLS 0 bytes, default 64
[    0.295314] workingset: timestamp_bits=46 (anon: 41) max_order=19 bucket_order=0 (anon: 0)
[    0.296587] Unpacking initramfs...
[    0.304095] NFS: Registering the id_resolver key type
[    0.304887] Key type id_resolver registered
[    0.304955] Key type id_legacy registered
[    0.305461] nfs4filelayout_init: NFSv4 File Layout Driver Registering...
[    0.305591] nfs4flexfilelayout_init: NFSv4 Flexfile Layout Driver Registering...
[    0.307589] 9p: Installing v9fs 9p2000 file system support
[    0.311635] NET: Registered PF_ALG protocol family
[    0.312172] Block layer SCSI generic (bsg) driver version 0.4 loaded (major 244)
[    0.313384] io scheduler mq-deadline registered
[    0.313499] io scheduler kyber registered
[    0.313990] io scheduler bfq registered
[    0.327682] riscv-plic: plic@c000000: mapped 96 interrupts with 4 handlers for 8 contexts.
[    0.335014] pci-host-generic 30000000.pci: host bridge /soc/pci@30000000 ranges:
[    0.335920] pci-host-generic 30000000.pci:       IO 0x0003000000..0x000300ffff -> 0x0000000000
[    0.336538] pci-host-generic 30000000.pci:      MEM 0x0040000000..0x007fffffff -> 0x0040000000
[    0.336603] pci-host-generic 30000000.pci:      MEM 0x0400000000..0x07ffffffff -> 0x0400000000
[    0.337335] pci-host-generic 30000000.pci: Memory resource size exceeds max for 32 bits
[    0.338001] pci-host-generic 30000000.pci: ECAM at [mem 0x30000000-0x3fffffff] for [bus 00-ff]
[    0.340097] pci-host-generic 30000000.pci: PCI host bridge to bus 0000:00
[    0.340429] pci_bus 0000:00: root bus resource [bus 00-ff]
[    0.340506] pci_bus 0000:00: root bus resource [io  0x0000-0xffff]
[    0.340558] pci_bus 0000:00: root bus resource [mem 0x40000000-0x7fffffff]
[    0.340570] pci_bus 0000:00: root bus resource [mem 0x400000000-0x7ffffffff]
[    0.342480] pci 0000:00:00.0: [1b36:0008] type 00 class 0x060000 conventional PCI endpoint
[    0.349867] pci_bus 0000:00: resource 4 [io  0x0000-0xffff]
[    0.349922] pci_bus 0000:00: resource 5 [mem 0x40000000-0x7fffffff]
[    0.349938] pci_bus 0000:00: resource 6 [mem 0x400000000-0x7ffffffff]
[    0.572568] Serial: 8250/16550 driver, 4 ports, IRQ sharing disabled
[    0.593533] printk: legacy console [ttyS0] disabled
[    0.599480] 10000000.serial: ttyS0 at MMIO 0x10000000 (irq = 12, base_baud = 230400) is a 16550A
[    0.602236] printk: legacy console [ttyS0] enabled
[    0.670474] loop: module loaded
[    0.685179] e1000e: Intel(R) PRO/1000 Network Driver
[    0.685449] e1000e: Copyright(c) 1999 - 2015 Intel Corporation.
[    0.689964] usbcore: registered new interface driver uas
[    0.690642] usbcore: registered new interface driver usb-storage
[    0.693242] mousedev: PS/2 mouse device common for all mice
[    0.698545] goldfish_rtc 101000.rtc: registered as rtc0
[    0.699739] goldfish_rtc 101000.rtc: setting system clock to 2026-09-20T09:44:00 UTC (1789897440)
[    0.708495] usbcore: registered new interface driver usbhid
[    0.708745] usbhid: USB HID core driver
[    0.709848] riscv-pmu-sbi: SBI PMU extension is available
[    0.712991] riscv-pmu-sbi: 16 firmware and 18 hardware counters
[    0.713450] riscv-pmu-sbi: Perf sampling/filtering is not supported as sscof extension is not available
[    0.733815] IPVS: Registered protocols (TCP, UDP)
[    0.734170] IPVS: Connection hash table configured (size=4096, memory=32Kbytes)
[    0.736581] IPVS: ipvs loaded.
[    0.736995] IPVS: [rr] scheduler registered.
[    0.739896] Initializing XFRM netlink socket
[    0.740611] NET: Registered PF_INET6 protocol family
[    0.751508] Segment Routing with IPv6
[    0.752140] In-situ OAM (IOAM) with IPv6
[    0.754148] NET: Registered PF_PACKET protocol family
[    0.755415] Bridge firewalling registered
[    0.757688] 9pnet: Installing 9P2000 support
[    0.758218] Key type dns_resolver registered
[    1.541523] clk: Disabling unused clocks
[    1.542068] PM: genpd: Disabling unused power domains
[    1.542514] ALSA device list:
[    1.542719]   No soundcards found.
[    8.062198] Freeing initrd memory: 345036K
[    8.157733] Freeing unused kernel image (initmem) memory: 2468K
[    8.159245] Run /init as init process
PAYLOAD_START
[     8.49] rootfs (initramfs): rootfs 655M total, 631M used, 24M free; MemTotal 1650M
[     9.29] payload: image intact (variant full, 1551 files, 660290204 bytes, 26 named files, checked in 1s)
[     9.32] stage 1: initramfs rootfs, moving the root to tmpfs (size=90%)
[     9.33] free -m (stage 1 start):
               total        used        free      shared  buff/cache   available
Mem:            1650         699         956         631         634         950
Swap:              0           0           0
[    14.22] stage 1: switching root
[    14.85] cgroups: available:cpuset cpu io memory hugetlb pids 
[    14.87] cgroups: delegated: cpuset cpu io memory hugetlb pids
[    14.97] stage 2: root is tmpfs, test=k3s
[    15.07] rootfs (real root): tmpfs 1485M total, 631M used, 854M free; MemTotal 1650M
[    15.08] payload: image variant full (docker=1 k3s=1)
[    15.35] net: lo 127.0.0.1/8 dummy0 10.0.2.15/24 
[    15.38] net: default route: default via 10.0.2.2 dev dummy0 onlink 
[    15.40] free -m (stage 2 start):
               total        used        free      shared  buff/cache   available
Mem:            1650         706         949         631         635         944
Swap:              0           0           0
[    15.43] prune: removing the Docker stack to free RAM
[    15.62] === K3s test (node timeout 5400s, pod timeout 2400s) ===
[    15.63] free -m (before k3s):
               total        used        free      shared  buff/cache   available
Mem:            1650         542        1113         469         473        1108
Swap:              0           0           0
[    21.77] k3s: k3s version v1.37.0+k3s1 (bb7cf065)
[    21.81] k3s: airgap images present: busybox-1.37.0.tar klipper-helm-v0.13.3-build20260727.tar klipper-lb-v0.4.17.tar local-path-provisioner-v0.0.37.tar metrics-server-v0.9.0.tar mirrored-coredns-coredns-1.14.7.tar mirrored-library-traefik-3.7.13.tar pause-3.10.2.tar 
[    34.11] k3s kubeconfig: ready after 12s
[    72.00] k3s node Ready: ready after 38s
[    72.07] prune: removing the imported airgap tars (184760K)
[    72.39] free -m (k3s node Ready):
               total        used        free      shared  buff/cache   available
Mem:            1650         837         818         468         472         813
Swap:              0           0           0
[    74.93] k3s: domu   Ready   control-plane   14s   v1.37.0+k3s1   10.0.2.15   <none>   Debian GNU/Linux 13 (trixie)   7.2.6 (riscv64)   containerd://2.3.4-k3s1
[    80.34] k3s pod apply: ready after 6s
[   108.44] k3s test pod: ready after 28s
K3S_OK
[   111.67] free -m (after k3s):
               total        used        free      shared  buff/cache   available
Mem:            1650        1254         400         765         771         396
Swap:              0           0           0
[   115.23] SUMMARY: docker=skipped k3s=ok
[   115.26] free -m (final):
               total        used        free      shared  buff/cache   available
Mem:            1650         840         814         765         771         810
Swap:              0           0           0
PAYLOAD_DONE
[  116.408240] reboot: Power down
