
OpenSBI v1.6
   ____                    _____ ____ _____
  / __ \                  / ____|  _ \_   _|
 | |  | |_ __   ___ _ __ | (___ | |_) || |
 | |  | | '_ \ / _ \ '_ \ \___ \|  _ < | |
 | |__| | |_) |  __/ | | |____) | |_) || |_
  \____/| .__/ \___|_| |_|_____/|____/_____|
        | |
        |_|

Platform Name               : riscv-virtio,qemu
Platform Features           : medeleg
Platform HART Count         : 4
Platform IPI Device         : aclint-mswi
Platform Timer Device       : aclint-mtimer @ 10000000Hz
Platform Console Device     : uart8250
Platform HSM Device         : ---
Platform PMU Device         : ---
Platform Reboot Device      : syscon-reboot
Platform Shutdown Device    : syscon-poweroff
Platform Suspend Device     : ---
Platform CPPC Device        : ---
Firmware Base               : 0x80000000
Firmware Size               : 361 KB
Firmware RW Offset          : 0x40000
Firmware RW Size            : 105 KB
Firmware Heap Offset        : 0x4e000
Firmware Heap Size          : 49 KB (total), 3 KB (reserved), 13 KB (used), 32 KB (free)
Firmware Scratch Size       : 4096 B (total), 440 B (used), 3656 B (free)
Runtime SBI Version         : 2.0
Standard SBI Extensions     : ipi,pmu,srst,hsm,rfnc,time,base,legacy,dbcn
Experimental SBI Extensions : sse,fwft,dbtr

Domain0 Name                : root
Domain0 Boot HART           : 1
Domain0 HARTs               : 0*,1*,2*,3*
Domain0 Region00            : 0x0000000000100000-0x0000000000100fff M: (I,R,W) S/U: (R,W)
Domain0 Region01            : 0x0000000010000000-0x0000000010000fff M: (I,R,W) S/U: (R,W)
Domain0 Region02            : 0x0000000002000000-0x000000000200ffff M: (I,R,W) S/U: ()
Domain0 Region03            : 0x0000000080040000-0x000000008005ffff M: (R,W) S/U: ()
Domain0 Region04            : 0x0000000080000000-0x000000008003ffff M: (R,X) S/U: ()
Domain0 Region05            : 0x000000000c400000-0x000000000c5fffff M: (I,R,W) S/U: (R,W)
Domain0 Region06            : 0x000000000c000000-0x000000000c3fffff M: (I,R,W) S/U: (R,W)
Domain0 Region07            : 0x0000000000000000-0xffffffffffffffff M: () S/U: (R,W,X)
Domain0 Next Address        : 0x0000000080200000
Domain0 Next Arg1           : 0x00000000bfe00000
Domain0 Next Mode           : S-mode
Domain0 SysReset            : yes
Domain0 SysSuspend          : yes

Boot HART ID                : 1
Boot HART Domain            : root
Boot HART Priv Version      : v1.12
Boot HART Base ISA          : rv64imafdch
Boot HART ISA Extensions    : sstc,zicntr,zihpm,zicboz,zicbom,sdtrig,svadu
Boot HART PMP Count         : 16
Boot HART PMP Granularity   : 2 bits
Boot HART PMP Address Bits  : 54
Boot HART MHPM Info         : 16 (0x0007fff8)
Boot HART Debug Triggers    : 2 triggers
Boot HART MIDELEG           : 0x0000000000001666
Boot HART MEDELEG           : 0x0000000000f4b509
[    0.000000] Booting Linux on hartid 1
[    0.000000] Linux version 7.2.6 (@3b2d2172f0a8) (riscv64-linux-gnu-gcc (Debian 14.2.0-19) 14.2.0, GNU ld (GNU Binutils for Debian) 2.44) #1 SMP PREEMPT Sat Sep 19 20:58:08 UTC 2026
[    0.000000] random: crng init done
[    0.000000] Machine model: riscv-virtio,qemu
[    0.000000] SBI specification v2.0 detected
[    0.000000] SBI implementation ID=0x1 Version=0x10006
[    0.000000] SBI TIME extension detected
[    0.000000] SBI IPI extension detected
[    0.000000] SBI RFENCE extension detected
[    0.000000] SBI SRST extension detected
[    0.000000] SBI DBCN extension detected
[    0.000000] efi: UEFI not found.
[    0.000000] OF: reserved mem: 0x0000000080000000..0x000000008003ffff (256 KiB) nomap non-reusable mmode_resv1@80000000
[    0.000000] OF: reserved mem: 0x0000000080040000..0x000000008005ffff (128 KiB) nomap non-reusable mmode_resv0@80040000
[    0.000000] SBI HSM extension detected
[    0.000000] riscv: base ISA extensions acdfhim
[    0.000000] riscv: ELF capabilities acdfim
[    0.000000] Queued spinlock using Ziccrse: enabled
[    0.000000] Zone ranges:
[    0.000000]   DMA32    [mem 0x0000000080000000-0x00000000bfffffff]
[    0.000000]   Normal   empty
[    0.000000] Movable zone start for each node
[    0.000000] Early memory node ranges
[    0.000000]   node   0: [mem 0x0000000080000000-0x000000008005ffff]
[    0.000000]   node   0: [mem 0x0000000080060000-0x00000000bfffffff]
[    0.000000] Initmem setup node 0 [mem 0x0000000080000000-0x00000000bfffffff]
[    0.000000] percpu: Embedded 31 pages/cpu s88216 r8192 d30568 u126976
[    0.000000] Kernel command line: console=ttyS0 test=k3s k3s.timeout=5400 k3s.podtimeout=2400 progress=120
[    0.000000] Unknown kernel command line parameters "test=k3s progress=120", will be passed to user space.
[    0.000000] printk: log buffer data + meta data: 131072 + 458752 = 589824 bytes
[    0.000000] Dentry cache hash table entries: 131072 (order: 8, 1048576 bytes, linear)
[    0.000000] Inode-cache hash table entries: 65536 (order: 7, 524288 bytes, linear)
[    0.000000] software IO TLB: SWIOTLB bounce buffer size adjusted to 1MB
[    0.000000] software IO TLB: area num 4.
[    0.000000] software IO TLB: mapped [mem 0x00000000bdc80000-0x00000000bdd80000] (1MB)
[    0.000000] Built 1 zonelists, mobility grouping on.  Total pages: 262144
[    0.000000] mem auto-init: stack:all(zero), heap alloc:off, heap free:off
[    0.000000] SLUB: HWalign=64, Order=0-3, MinObjects=0, CPUs=4, Nodes=1
[    0.000000] rcu: Hierarchical RCU implementation.
[    0.000000] rcu: 	RCU event tracing is enabled.
[    0.000000] rcu: 	RCU restricting CPUs from NR_CPUS=256 to nr_cpu_ids=4.
[    0.000000] 	Trampoline variant of Tasks RCU enabled.
[    0.000000] 	Tracing variant of Tasks RCU enabled.
[    0.000000] rcu: RCU calculated value of scheduler-enlistment delay is 25 jiffies.
[    0.000000] rcu: Adjusting geometry for rcu_fanout_leaf=16, nr_cpu_ids=4
[    0.000000] RCU Tasks: Setting shift to 2 and lim to 1 rcu_task_cb_adjust=1 rcu_task_cpu_ids=4.
[    0.000000] NR_IRQS: 64, nr_irqs: 64, preallocated irqs: 0
[    0.000000] riscv-intc: 64 local interrupts mapped
[    0.000000] riscv: providing IPIs using SBI IPI extension
[    0.000000] rcu: srcu_init: Setting srcu_struct sizes based on contention.
[    0.000000] clocksource: jiffies: mask: 0xffffffff max_cycles: 0xffffffff, max_idle_ns: 7645041785100000 ns
[    0.000000] clocksource: riscv_clocksource: mask: 0xffffffffffffffff max_cycles: 0x24e6a1710, max_idle_ns: 440795202120 ns
[    0.000121] sched_clock: 64 bits at 10MHz, resolution 100ns, wraps every 4398046511100ns
[    0.000317] riscv-timer: Timer interrupt in S-mode is available via sstc extension
[    0.014098] Console: colour dummy device 80x25
[    0.019666] Calibrating delay loop (skipped), value calculated using timer frequency.. 20.00 BogoMIPS (lpj=40000)
[    0.019866] pid_max: default: 32768 minimum: 301
[    0.029208] Mount-cache hash table entries: 2048 (order: 2, 16384 bytes, linear)
[    0.029286] Mountpoint-cache hash table entries: 2048 (order: 2, 16384 bytes, linear)
[    0.045504] VFS: Finished mounting rootfs on nullfs
[    0.096481] riscv: ELF compat mode supported
[    0.097973] ASID allocator using 16 bits (65536 entries)
[    0.100156] rcu: Hierarchical SRCU implementation.
[    0.100273] rcu: 	Max phase no-delay instances is 1000.
[    0.102805] Timer migration: 1 hierarchy levels; 8 children per group; 1 crossnode level
[    0.106834] EFI services will not be available.
[    0.108275] smp: Bringing up secondary CPUs ...
[    0.133831] smp: Brought up 1 node, 4 CPUs
[    0.147680] Memory: 834680K/1048576K available (13250K kernel code, 6056K rwdata, 6144K rodata, 2470K init, 506K bss, 209692K reserved, 0K cma-reserved)
[    0.164100] devtmpfs: initialized
[    0.189274] posixtimers hash table entries: 2048 (order: 3, 32768 bytes, linear)
[    0.189927] futex hash table entries: 1024 (65536 bytes on 1 NUMA nodes, total 64 KiB, linear).
[    0.208405] DMI: not present or invalid.
[    0.211696] NET: Registered PF_NETLINK/PF_ROUTE protocol family
[    0.217747] DMA: preallocated 128 KiB GFP_KERNEL|GFP_DMA32 pool for atomic allocations
[    0.218253] audit: initializing netlink subsys (disabled)
[    0.221646] audit: type=2000 audit(0.200:1): state=initialized audit_enabled=0 res=1
[    0.225723] thermal_sys: Registered thermal governor 'step_wise'
[    0.226981] cpuidle: using governor menu
[    0.276395] HugeTLB: registered 2.00 MiB page size, pre-allocated 0 pages
[    0.276530] HugeTLB: 28 KiB vmemmap can be freed for a 2.00 MiB page
[    0.283301] ACPI: Interpreter disabled.
[    0.284389] iommu: Default domain type: Translated
[    0.284439] iommu: DMA domain TLB invalidation policy: strict mode
[    0.290399] SCSI subsystem initialized
[    0.294326] usbcore: registered new interface driver usbfs
[    0.294816] usbcore: registered new interface driver hub
[    0.295013] usbcore: registered new device driver usb
[    0.299850] Advanced Linux Sound Architecture Driver Initialized.
[    0.323209] vgaarb: loaded
[    0.329559] clocksource: Switched to clocksource riscv_clocksource
[    0.340650] pnp: PnP ACPI: disabled
[    0.403469] NET: Registered PF_INET protocol family
[    0.406259] IP idents hash table entries: 16384 (order: 5, 131072 bytes, linear)
[    0.418640] tcp_listen_portaddr_hash hash table entries: 512 (order: 1, 8192 bytes, linear)
[    0.418903] Table-perturb hash table entries: 65536 (order: 6, 262144 bytes, linear)
[    0.419010] TCP established hash table entries: 8192 (order: 4, 65536 bytes, linear)
[    0.420518] TCP bind hash table entries: 8192 (order: 6, 262144 bytes, linear)
[    0.420859] TCP: Hash tables configured (established 8192 bind 8192)
[    0.422513] UDP hash table entries: 512 (order: 3, 32768 bytes, linear)
[    0.425173] NET: Registered PF_UNIX/PF_LOCAL protocol family
[    0.433347] RPC: Registered named UNIX socket transport module.
[    0.433439] RPC: Registered udp transport module.
[    0.433454] RPC: Registered tcp transport module.
[    0.433466] RPC: Registered tcp-with-tls transport module.
[    0.433477] RPC: Registered tcp NFSv4.1 backchannel transport module.
[    0.452377] cpu0: scalar unaligned word access speed is 7.33x byte access speed (fast)
[    0.452345] cpu1: scalar unaligned word access speed is 7.33x byte access speed (fast)
[    0.452409] cpu3: scalar unaligned word access speed is 7.33x byte access speed (fast)
[    0.452371] cpu2: scalar unaligned word access speed is 6.04x byte access speed (fast)
[    0.454605] PCI: CLS 0 bytes, default 64
[    0.463631] workingset: timestamp_bits=46 (anon: 41) max_order=18 bucket_order=0 (anon: 0)
[    0.466382] Unpacking initramfs...
[    0.474702] NFS: Registering the id_resolver key type
[    0.475516] Key type id_resolver registered
[    0.475605] Key type id_legacy registered
[    0.476397] nfs4filelayout_init: NFSv4 File Layout Driver Registering...
[    0.476563] nfs4flexfilelayout_init: NFSv4 Flexfile Layout Driver Registering...
[    0.479516] 9p: Installing v9fs 9p2000 file system support
[    0.484727] NET: Registered PF_ALG protocol family
[    0.486106] Block layer SCSI generic (bsg) driver version 0.4 loaded (major 244)
[    0.487871] io scheduler mq-deadline registered
[    0.488007] io scheduler kyber registered
[    0.488394] io scheduler bfq registered
[    0.506108] riscv-plic: plic@c000000: mapped 96 interrupts with 4 handlers for 8 contexts.
[    0.514309] pci-host-generic 30000000.pci: host bridge /soc/pci@30000000 ranges:
[    0.515489] pci-host-generic 30000000.pci:       IO 0x0003000000..0x000300ffff -> 0x0000000000
[    0.516321] pci-host-generic 30000000.pci:      MEM 0x0040000000..0x007fffffff -> 0x0040000000
[    0.516454] pci-host-generic 30000000.pci:      MEM 0x0400000000..0x07ffffffff -> 0x0400000000
[    0.517744] pci-host-generic 30000000.pci: Memory resource size exceeds max for 32 bits
[    0.518593] pci-host-generic 30000000.pci: ECAM at [mem 0x30000000-0x3fffffff] for [bus 00-ff]
[    0.521173] pci-host-generic 30000000.pci: PCI host bridge to bus 0000:00
[    0.521639] pci_bus 0000:00: root bus resource [bus 00-ff]
[    0.521741] pci_bus 0000:00: root bus resource [io  0x0000-0xffff]
[    0.521803] pci_bus 0000:00: root bus resource [mem 0x40000000-0x7fffffff]
[    0.521817] pci_bus 0000:00: root bus resource [mem 0x400000000-0x7ffffffff]
[    0.525502] pci 0000:00:00.0: [1b36:0008] type 00 class 0x060000 conventional PCI endpoint
[    0.535316] pci_bus 0000:00: resource 4 [io  0x0000-0xffff]
[    0.535390] pci_bus 0000:00: resource 5 [mem 0x40000000-0x7fffffff]
[    0.535408] pci_bus 0000:00: resource 6 [mem 0x400000000-0x7ffffffff]
[    0.945568] Serial: 8250/16550 driver, 4 ports, IRQ sharing disabled
[    0.974057] printk: legacy console [ttyS0] disabled
[    0.979533] 10000000.serial: ttyS0 at MMIO 0x10000000 (irq = 12, base_baud = 230400) is a 16550A
[    0.983916] printk: legacy console [ttyS0] enabled
[    1.078593] loop: module loaded
[    1.096794] e1000e: Intel(R) PRO/1000 Network Driver
[    1.099133] e1000e: Copyright(c) 1999 - 2015 Intel Corporation.
[    1.107235] usbcore: registered new interface driver uas
[    1.108041] usbcore: registered new interface driver usb-storage
[    1.110812] mousedev: PS/2 mouse device common for all mice
[    1.120036] goldfish_rtc 101000.rtc: registered as rtc0
[    1.121904] goldfish_rtc 101000.rtc: setting system clock to 2026-09-20T09:25:51 UTC (1789896351)
[    1.133732] usbcore: registered new interface driver usbhid
[    1.134029] usbhid: USB HID core driver
[    1.135464] riscv-pmu-sbi: SBI PMU extension is available
[    1.142465] riscv-pmu-sbi: 16 firmware and 18 hardware counters
[    1.143215] riscv-pmu-sbi: Perf sampling/filtering is not supported as sscof extension is not available
[    1.169320] IPVS: Registered protocols (TCP, UDP)
[    1.170322] IPVS: Connection hash table configured (size=4096, memory=32Kbytes)
[    1.174713] IPVS: ipvs loaded.
[    1.175087] IPVS: [rr] scheduler registered.
[    1.177978] Initializing XFRM netlink socket
[    1.178993] NET: Registered PF_INET6 protocol family
[    1.198153] Segment Routing with IPv6
[    1.198704] In-situ OAM (IOAM) with IPv6
[    1.201326] NET: Registered PF_PACKET protocol family
[    1.202452] Bridge firewalling registered
[    1.206745] 9pnet: Installing 9P2000 support
[    1.207474] Key type dns_resolver registered
[    2.315513] clk: Disabling unused clocks
[    2.316575] PM: genpd: Disabling unused power domains
[    2.317624] ALSA device list:
[    2.318526]   No soundcards found.
[    7.596478] Freeing initrd memory: 142652K
[    7.723586] Freeing unused kernel image (initmem) memory: 2468K
[    7.725350] Run /init as init process
PAYLOAD_START
[     8.37] rootfs (initramfs): rootfs 409M total, 326M used, 83M free; MemTotal 960M
[     9.67] payload: image intact (variant k3s, 1540 files, 340458899 bytes, 20 named files, checked in 2s)
[     9.72] stage 1: initramfs rootfs, moving the root to tmpfs (size=90%)
[     9.73] free -m (stage 1 start):
               total        used        free      shared  buff/cache   available
Mem:             960         371         593         326         328         589
Swap:              0           0           0
[    14.71] stage 1: switching root
[    15.63] cgroups: available:cpuset cpu io memory hugetlb pids 
[    15.69] cgroups: delegated: cpuset cpu io memory hugetlb pids
[    15.87] stage 2: root is tmpfs, test=k3s
[    16.01] rootfs (real root): tmpfs 864M total, 326M used, 538M free; MemTotal 960M
[    16.03] payload: image variant k3s (docker=0 k3s=1)
[    16.76] net: lo 127.0.0.1/8 dummy0 10.0.2.15/24 
[    16.84] net: default route: default via 10.0.2.2 dev dummy0 onlink 
[    16.88] free -m (stage 2 start):
               total        used        free      shared  buff/cache   available
Mem:             960         399         565         326         329         561
Swap:              0           0           0
[    16.97] prune: removing the Docker stack to free RAM
[    17.04] === K3s test (node timeout 5400s, pod timeout 2400s) ===
[    17.06] free -m (before k3s):
               total        used        free      shared  buff/cache   available
Mem:             960         399         565         326         329         561
Swap:              0           0           0
[    28.08] k3s: k3s version v1.37.0+k3s1 (bb7cf065)
[    28.14] k3s: airgap images present: busybox-1.37.0.tar local-path-provisioner-v0.0.37.tar mirrored-coredns-coredns-1.14.7.tar pause-3.10.2.tar 
[    44.69] k3s kubeconfig: ready after 17s
[    84.24] k3s node Ready: ready after 39s
[    84.36] prune: removing the imported airgap tars (38040K)
[    84.52] free -m (k3s node Ready):
               total        used        free      shared  buff/cache   available
Mem:             960         694         269         331         335         266
Swap:              0           0           0
[    87.47] k3s: domu   Ready   control-plane   15s   v1.37.0+k3s1   10.0.2.15   <none>   Debian GNU/Linux 13 (trixie)   7.2.6 (riscv64)   containerd://2.3.4-k3s1
[    95.85] k3s pod apply: ready after 9s
[   126.27] k3s test pod: ready after 30s
K3S_OK
[   134.91] free -m (after k3s):
               total        used        free      shared  buff/cache   available
Mem:             960         865          98         451         456          95
Swap:              0           0           0
[   138.36] SUMMARY: docker=skipped k3s=ok
[   138.39] free -m (final):
               total        used        free      shared  buff/cache   available
Mem:             960         522         441         451         456         438
Swap:              0           0           0
PAYLOAD_DONE
[  139.531546] reboot: Power down
