
OpenSBI v1.6
   ____                    _____ ____ _____
  / __ \                  / ____|  _ \_   _|
 | |  | |_ __   ___ _ __ | (___ | |_) || |
 | |  | | '_ \ / _ \ '_ \ \___ \|  _ < | |
 | |__| | |_) |  __/ | | |____) | |_) || |_
  \____/| .__/ \___|_| |_|_____/|____/_____|
        | |
        |_|

Platform Name               : riscv-virtio,qemu
Platform Features           : medeleg
Platform HART Count         : 4
Platform IPI Device         : aclint-mswi
Platform Timer Device       : aclint-mtimer @ 10000000Hz
Platform Console Device     : uart8250
Platform HSM Device         : ---
Platform PMU Device         : ---
Platform Reboot Device      : syscon-reboot
Platform Shutdown Device    : syscon-poweroff
Platform Suspend Device     : ---
Platform CPPC Device        : ---
Firmware Base               : 0x80000000
Firmware Size               : 361 KB
Firmware RW Offset          : 0x40000
Firmware RW Size            : 105 KB
Firmware Heap Offset        : 0x4e000
Firmware Heap Size          : 49 KB (total), 3 KB (reserved), 13 KB (used), 32 KB (free)
Firmware Scratch Size       : 4096 B (total), 440 B (used), 3656 B (free)
Runtime SBI Version         : 2.0
Standard SBI Extensions     : ipi,pmu,srst,hsm,rfnc,time,base,legacy,dbcn
Experimental SBI Extensions : sse,fwft,dbtr

Domain0 Name                : root
Domain0 Boot HART           : 0
Domain0 HARTs               : 0*,1*,2*,3*
Domain0 Region00            : 0x0000000000100000-0x0000000000100fff M: (I,R,W) S/U: (R,W)
Domain0 Region01            : 0x0000000010000000-0x0000000010000fff M: (I,R,W) S/U: (R,W)
Domain0 Region02            : 0x0000000002000000-0x000000000200ffff M: (I,R,W) S/U: ()
Domain0 Region03            : 0x0000000080040000-0x000000008005ffff M: (R,W) S/U: ()
Domain0 Region04            : 0x0000000080000000-0x000000008003ffff M: (R,X) S/U: ()
Domain0 Region05            : 0x000000000c400000-0x000000000c5fffff M: (I,R,W) S/U: (R,W)
Domain0 Region06            : 0x000000000c000000-0x000000000c3fffff M: (I,R,W) S/U: (R,W)
Domain0 Region07            : 0x0000000000000000-0xffffffffffffffff M: () S/U: (R,W,X)
Domain0 Next Address        : 0x0000000080200000
Domain0 Next Arg1           : 0x00000000a7e00000
Domain0 Next Mode           : S-mode
Domain0 SysReset            : yes
Domain0 SysSuspend          : yes

Boot HART ID                : 0
Boot HART Domain            : root
Boot HART Priv Version      : v1.12
Boot HART Base ISA          : rv64imafdch
Boot HART ISA Extensions    : sstc,zicntr,zihpm,zicboz,zicbom,sdtrig,svadu
Boot HART PMP Count         : 16
Boot HART PMP Granularity   : 2 bits
Boot HART PMP Address Bits  : 54
Boot HART MHPM Info         : 16 (0x0007fff8)
Boot HART Debug Triggers    : 2 triggers
Boot HART MIDELEG           : 0x0000000000001666
Boot HART MEDELEG           : 0x0000000000f4b509
[    0.000000] Booting Linux on hartid 0
[    0.000000] Linux version 7.2.6 (@ef5de219b429) (riscv64-linux-gnu-gcc (Debian 14.2.0-19) 14.2.0, GNU ld (GNU Binutils for Debian) 2.44) #1 SMP PREEMPT Sun Sep 20 10:06:57 UTC 2026
[    0.000000] random: crng init done
[    0.000000] Machine model: riscv-virtio,qemu
[    0.000000] SBI specification v2.0 detected
[    0.000000] SBI implementation ID=0x1 Version=0x10006
[    0.000000] SBI TIME extension detected
[    0.000000] SBI IPI extension detected
[    0.000000] SBI RFENCE extension detected
[    0.000000] SBI SRST extension detected
[    0.000000] SBI DBCN extension detected
[    0.000000] efi: UEFI not found.
[    0.000000] OF: reserved mem: 0x0000000080000000..0x000000008003ffff (256 KiB) nomap non-reusable mmode_resv1@80000000
[    0.000000] OF: reserved mem: 0x0000000080040000..0x000000008005ffff (128 KiB) nomap non-reusable mmode_resv0@80040000
[    0.000000] SBI HSM extension detected
[    0.000000] riscv: base ISA extensions acdfhim
[    0.000000] riscv: ELF capabilities acdfim
[    0.000000] Queued spinlock using Ziccrse: enabled
[    0.000000] Zone ranges:
[    0.000000]   DMA32    [mem 0x0000000080000000-0x00000000a7ffffff]
[    0.000000]   Normal   empty
[    0.000000] Movable zone start for each node
[    0.000000] Early memory node ranges
[    0.000000]   node   0: [mem 0x0000000080000000-0x000000008005ffff]
[    0.000000]   node   0: [mem 0x0000000080060000-0x00000000a7ffffff]
[    0.000000] Initmem setup node 0 [mem 0x0000000080000000-0x00000000a7ffffff]
[    0.000000] percpu: Embedded 31 pages/cpu s88088 r8192 d30696 u126976
[    0.000000] Kernel command line: console=ttyS0 test=disk disk.dev=/dev/vda
[    0.000000] Unknown kernel command line parameters "test=disk", will be passed to user space.
[    0.000000] printk: log buffer data + meta data: 131072 + 458752 = 589824 bytes
[    0.000000] Dentry cache hash table entries: 65536 (order: 7, 524288 bytes, linear)
[    0.000000] Inode-cache hash table entries: 32768 (order: 6, 262144 bytes, linear)
[    0.000000] software IO TLB: SWIOTLB bounce buffer size adjusted to 0MB
[    0.000000] software IO TLB: area num 4.
[    0.000000] software IO TLB: SWIOTLB bounce buffer size roundup to 1MB
[    0.000000] software IO TLB: mapped [mem 0x00000000a6300000-0x00000000a6400000] (1MB)
[    0.000000] Built 1 zonelists, mobility grouping on.  Total pages: 163840
[    0.000000] mem auto-init: stack:all(zero), heap alloc:off, heap free:off
[    0.000000] SLUB: HWalign=64, Order=0-3, MinObjects=0, CPUs=4, Nodes=1
[    0.000000] rcu: Hierarchical RCU implementation.
[    0.000000] rcu: 	RCU event tracing is enabled.
[    0.000000] rcu: 	RCU restricting CPUs from NR_CPUS=64 to nr_cpu_ids=4.
[    0.000000] 	Trampoline variant of Tasks RCU enabled.
[    0.000000] 	Tracing variant of Tasks RCU enabled.
[    0.000000] rcu: RCU calculated value of scheduler-enlistment delay is 25 jiffies.
[    0.000000] rcu: Adjusting geometry for rcu_fanout_leaf=16, nr_cpu_ids=4
[    0.000000] RCU Tasks: Setting shift to 2 and lim to 1 rcu_task_cb_adjust=1 rcu_task_cpu_ids=4.
[    0.000000] NR_IRQS: 64, nr_irqs: 64, preallocated irqs: 0
[    0.000000] riscv-intc: 64 local interrupts mapped
[    0.000000] riscv: providing IPIs using SBI IPI extension
[    0.000000] rcu: srcu_init: Setting srcu_struct sizes based on contention.
[    0.000000] clocksource: jiffies: mask: 0xffffffff max_cycles: 0xffffffff, max_idle_ns: 7645041785100000 ns
[    0.000000] clocksource: riscv_clocksource: mask: 0xffffffffffffffff max_cycles: 0x24e6a1710, max_idle_ns: 440795202120 ns
[    0.000162] sched_clock: 64 bits at 10MHz, resolution 100ns, wraps every 4398046511100ns
[    0.000487] riscv-timer: Timer interrupt in S-mode is available via sstc extension
[    0.029631] Console: colour dummy device 80x25
[    0.036655] Calibrating delay loop (skipped), value calculated using timer frequency.. 20.00 BogoMIPS (lpj=40000)
[    0.037027] pid_max: default: 32768 minimum: 301
[    0.051841] Mount-cache hash table entries: 1024 (order: 1, 8192 bytes, linear)
[    0.051955] Mountpoint-cache hash table entries: 1024 (order: 1, 8192 bytes, linear)
[    0.076074] VFS: Finished mounting rootfs on nullfs
[    0.175548] riscv: ELF compat mode supported
[    0.179096] ASID allocator using 16 bits (65536 entries)
[    0.183703] rcu: Hierarchical SRCU implementation.
[    0.183799] rcu: 	Max phase no-delay instances is 1000.
[    0.186925] Timer migration: 1 hierarchy levels; 8 children per group; 1 crossnode level
[    0.196272] EFI services will not be available.
[    0.202367] smp: Bringing up secondary CPUs ...
[    0.255471] smp: Brought up 1 node, 4 CPUs
[    0.281483] Memory: 510052K/655360K available (13307K kernel code, 6033K rwdata, 6144K rodata, 2479K init, 454K bss, 141536K reserved, 0K cma-reserved)
[    0.318556] devtmpfs: initialized
[    0.364467] posixtimers hash table entries: 2048 (order: 3, 32768 bytes, linear)
[    0.365694] futex hash table entries: 1024 (65536 bytes on 1 NUMA nodes, total 64 KiB, linear).
[    0.406254] DMI: not present or invalid.
[    0.413524] NET: Registered PF_NETLINK/PF_ROUTE protocol family
[    0.422501] DMA: preallocated 128 KiB GFP_KERNEL|GFP_DMA32 pool for atomic allocations
[    0.423438] audit: initializing netlink subsys (disabled)
[    0.430444] audit: type=2000 audit(0.356:1): state=initialized audit_enabled=0 res=1
[    0.442095] thermal_sys: Registered thermal governor 'step_wise'
[    0.444720] cpuidle: using governor menu
[    0.524904] HugeTLB: registered 2.00 MiB page size, pre-allocated 0 pages
[    0.525024] HugeTLB: 28 KiB vmemmap can be freed for a 2.00 MiB page
[    0.539155] ACPI: Interpreter disabled.
[    0.541245] iommu: Default domain type: Translated
[    0.541383] iommu: DMA domain TLB invalidation policy: strict mode
[    0.557923] SCSI subsystem initialized
[    0.563850] usbcore: registered new interface driver usbfs
[    0.564681] usbcore: registered new interface driver hub
[    0.565232] usbcore: registered new device driver usb
[    0.572066] Advanced Linux Sound Architecture Driver Initialized.
[    0.604066] vgaarb: loaded
[    0.614875] clocksource: Switched to clocksource riscv_clocksource
[    0.637430] pnp: PnP ACPI: disabled
[    0.810396] NET: Registered PF_INET protocol family
[    0.817962] IP idents hash table entries: 8192 (order: 4, 65536 bytes, linear)
[    0.834472] tcp_listen_portaddr_hash hash table entries: 256 (order: 0, 4096 bytes, linear)
[    0.834706] Table-perturb hash table entries: 65536 (order: 6, 262144 bytes, linear)
[    0.834937] TCP established hash table entries: 4096 (order: 3, 32768 bytes, linear)
[    0.835415] TCP bind hash table entries: 4096 (order: 5, 131072 bytes, linear)
[    0.835897] TCP: Hash tables configured (established 4096 bind 4096)
[    0.838757] UDP hash table entries: 256 (order: 2, 16384 bytes, linear)
[    0.842770] NET: Registered PF_UNIX/PF_LOCAL protocol family
[    0.858552] RPC: Registered named UNIX socket transport module.
[    0.858729] RPC: Registered udp transport module.
[    0.858779] RPC: Registered tcp transport module.
[    0.858814] RPC: Registered tcp-with-tls transport module.
[    0.858894] RPC: Registered tcp NFSv4.1 backchannel transport module.
[    0.881274] cpu0: scalar unaligned word access speed is 7.87x byte access speed (fast)
[    0.881334] cpu3: scalar unaligned word access speed is 10.51x byte access speed (fast)
[    0.881354] cpu1: scalar unaligned word access speed is 6.30x byte access speed (fast)
[    0.881370] cpu2: scalar unaligned word access speed is 7.25x byte access speed (fast)
[    0.887911] PCI: CLS 0 bytes, default 64
[    0.908985] workingset: timestamp_bits=46 (anon: 41) max_order=17 bucket_order=0 (anon: 0)
[    0.911685] Unpacking initramfs...
[    0.929396] NFS: Registering the id_resolver key type
[    0.930783] Key type id_resolver registered
[    0.931082] Key type id_legacy registered
[    0.932469] nfs4filelayout_init: NFSv4 File Layout Driver Registering...
[    0.932819] nfs4flexfilelayout_init: NFSv4 Flexfile Layout Driver Registering...
[    0.940372] 9p: Installing v9fs 9p2000 file system support
[    0.954798] NET: Registered PF_ALG protocol family
[    0.956025] Block layer SCSI generic (bsg) driver version 0.4 loaded (major 244)
[    0.959447] io scheduler mq-deadline registered
[    0.959691] io scheduler kyber registered
[    0.961467] io scheduler bfq registered
[    0.990274] riscv-plic: plic@c000000: mapped 96 interrupts with 4 handlers for 8 contexts.
[    1.024304] pci-host-generic 30000000.pci: host bridge /soc/pci@30000000 ranges:
[    1.036828] pci-host-generic 30000000.pci:       IO 0x0003000000..0x000300ffff -> 0x0000000000
[    1.038710] pci-host-generic 30000000.pci:      MEM 0x0040000000..0x007fffffff -> 0x0040000000
[    1.038958] pci-host-generic 30000000.pci:      MEM 0x0400000000..0x07ffffffff -> 0x0400000000
[    1.051442] pci-host-generic 30000000.pci: Memory resource size exceeds max for 32 bits
[    1.052895] pci-host-generic 30000000.pci: ECAM at [mem 0x30000000-0x3fffffff] for [bus 00-ff]
[    1.065047] pci-host-generic 30000000.pci: PCI host bridge to bus 0000:00
[    1.067084] pci_bus 0000:00: root bus resource [bus 00-ff]
[    1.067287] pci_bus 0000:00: root bus resource [io  0x0000-0xffff]
[    1.067400] pci_bus 0000:00: root bus resource [mem 0x40000000-0x7fffffff]
[    1.067453] pci_bus 0000:00: root bus resource [mem 0x400000000-0x7ffffffff]
[    1.074173] pci 0000:00:00.0: [1b36:0008] type 00 class 0x060000 conventional PCI endpoint
[    1.120357] pci_bus 0000:00: resource 4 [io  0x0000-0xffff]
[    1.120607] pci_bus 0000:00: resource 5 [mem 0x40000000-0x7fffffff]
[    1.120680] pci_bus 0000:00: resource 6 [mem 0x400000000-0x7ffffffff]
[    2.181399] Serial: 8250/16550 driver, 4 ports, IRQ sharing disabled
[    2.242728] printk: legacy console [ttyS0] disabled
[    2.259253] 10000000.serial: ttyS0 at MMIO 0x10000000 (irq = 12, base_baud = 230400) is a 16550A
[    2.266643] printk: legacy console [ttyS0] enabled
[    2.531988] loop: module loaded
[    2.536849] virtio_blk virtio0: 1/0/0 default/read/poll queues
[    2.567382] virtio_blk virtio0: [vda] 131072 512-byte logical blocks (67.1 MB/64.0 MiB)
[    2.697446] e1000e: Intel(R) PRO/1000 Network Driver
[    2.699639] e1000e: Copyright(c) 1999 - 2015 Intel Corporation.
[    2.714819] usbcore: registered new interface driver uas
[    2.720946] usbcore: registered new interface driver usb-storage
[    2.725867] mousedev: PS/2 mouse device common for all mice
[    2.743783] goldfish_rtc 101000.rtc: registered as rtc0
[    2.746271] goldfish_rtc 101000.rtc: setting system clock to 2026-09-20T17:08:49 UTC (1789924129)
[    2.793174] usbcore: registered new interface driver usbhid
[    2.794588] usbhid: USB HID core driver
[    2.802036] riscv-pmu-sbi: SBI PMU extension is available
[    2.811773] riscv-pmu-sbi: 16 firmware and 18 hardware counters
[    2.816221] riscv-pmu-sbi: Perf sampling/filtering is not supported as sscof extension is not available
[    2.949633] IPVS: Registered protocols (TCP, UDP)
[    2.952487] IPVS: Connection hash table configured (size=4096, memory=32Kbytes)
[    2.968877] IPVS: ipvs loaded.
[    2.971505] IPVS: [rr] scheduler registered.
[    2.984371] Initializing XFRM netlink socket
[    2.989564] NET: Registered PF_INET6 protocol family
[    3.017819] Segment Routing with IPv6
[    3.018721] In-situ OAM (IOAM) with IPv6
[    3.023855] NET: Registered PF_PACKET protocol family
[    3.031668] Bridge firewalling registered
[    3.040988] 9pnet: Installing 9P2000 support
[    3.049080] Key type dns_resolver registered
[    4.939698] clk: Disabling unused clocks
[    4.944359] PM: genpd: Disabling unused power domains
[    4.954732] ALSA device list:
[    4.955173]   No soundcards found.
[   11.794680] Freeing initrd memory: 81408K
[   12.088917] Freeing unused kernel image (initmem) memory: 2476K
[   12.092639] Run /init as init process
PAYLOAD_START
[    13.38] rootfs (initramfs): rootfs 250M total, 209M used, 41M free; MemTotal 583M
[    15.20] payload: image intact (variant docker, 1154 files, 218351943 bytes, 18 named files, checked in 2s)
[    15.25] stage 1: initramfs rootfs, moving the root to tmpfs (size=90%)
[    15.27] free -m (stage 1 start):
               total        used        free      shared  buff/cache   available
Mem:             583         245         341         209         212         338
Swap:              0           0           0
[    21.23] stage 1: switching root
[    23.45] cgroups: available:cpuset cpu io memory hugetlb pids 
[    23.59] cgroups: delegated: cpuset cpu io memory hugetlb pids
[    24.02] stage 2: root is tmpfs, test=disk
[    24.41] rootfs (real root): tmpfs 525M total, 209M used, 315M free; MemTotal 583M
[    24.48] payload: image variant docker (docker=1 k3s=0)
[    24.55] payload: will run disk=1 docker=0 k3s=0
[    25.52] net: no real interface; falling back to dummy0
[    26.15] net: using dummy0 (dummy) with 10.0.2.15, node will register as that
[    26.32] net: lo 127.0.0.1/8 dummy0 10.0.2.15/24 
[    26.52] net: default route: default via 10.0.2.2 dev dummy0 onlink 
[    26.59] free -m (stage 2 start):
               total        used        free      shared  buff/cache   available
Mem:             583         244         341         209         212         338
Swap:              0           0           0
[    26.73] prune: removing the Docker stack to free RAM
[    27.61] prune: removing the K3s stack to free RAM
[    27.74] === Disk test (device /dev/vda, timeout 300s) ===
[    27.91] disk: /dev/vda is a block device of 67108864 bytes
[    27.95] disk: NOTE this overwrites /dev/vda from byte 0; give it a scratch device
[    29.18] disk: raw 1048576 bytes written and read back identical, sha256 75e7cae230bc383a67d185eb7a8b379a3e69ac5958dab7c6817ca466313ebec8
[    30.97] disk: ext4 filesystem created on /dev/vda and mounted at /mnt/payload-disk
[    31.76] disk: read back from the remounted ext4 filesystem: NEGATIVE_CONTROL
DISK_FAIL: the remounted filesystem gave back something else (wrote 'DISK_PAYLOAD a6f58d4a2c71b843cae1fd502fd3c3eb', read 'NEGATIVE_CONTROL')
[    31.85] disk: /proc/partitions:
major minor  #blocks  name

 254        0      65536 vda
[    31.97] disk: kernel lines mentioning block devices:
[    2.536849] virtio_blk virtio0: 1/0/0 default/read/poll queues
[    2.567382] virtio_blk virtio0: [vda] 131072 512-byte logical blocks (67.1 MB/64.0 MiB)
[    32.43] SUMMARY: docker=skipped k3s=skipped disk=failed: the remounted filesystem gave back something else (wrote 'DISK_PAYLOAD a6f58d4a2c71b843cae1fd502fd3c3eb', read 'NEGATIVE_CONTROL')
[    32.52] free -m (final):
               total        used        free      shared  buff/cache   available
Mem:             583          79         507          48          50         504
Swap:              0           0           0
PAYLOAD_DONE
[   33.933187] reboot: Power down
