
OpenSBI v1.6
   ____                    _____ ____ _____
  / __ \                  / ____|  _ \_   _|
 | |  | |_ __   ___ _ __ | (___ | |_) || |
 | |  | | '_ \ / _ \ '_ \ \___ \|  _ < | |
 | |__| | |_) |  __/ | | |____) | |_) || |_
  \____/| .__/ \___|_| |_|_____/|____/_____|
        | |
        |_|

Platform Name               : riscv-virtio,qemu
Platform Features           : medeleg
Platform HART Count         : 4
Platform IPI Device         : aclint-mswi
Platform Timer Device       : aclint-mtimer @ 10000000Hz
Platform Console Device     : uart8250
Platform HSM Device         : ---
Platform PMU Device         : ---
Platform Reboot Device      : syscon-reboot
Platform Shutdown Device    : syscon-poweroff
Platform Suspend Device     : ---
Platform CPPC Device        : ---
Firmware Base               : 0x80000000
Firmware Size               : 361 KB
Firmware RW Offset          : 0x40000
Firmware RW Size            : 105 KB
Firmware Heap Offset        : 0x4e000
Firmware Heap Size          : 49 KB (total), 3 KB (reserved), 13 KB (used), 32 KB (free)
Firmware Scratch Size       : 4096 B (total), 440 B (used), 3656 B (free)
Runtime SBI Version         : 2.0
Standard SBI Extensions     : ipi,pmu,srst,hsm,rfnc,time,base,legacy,dbcn
Experimental SBI Extensions : sse,fwft,dbtr

Domain0 Name                : root
Domain0 Boot HART           : 1
Domain0 HARTs               : 0*,1*,2*,3*
Domain0 Region00            : 0x0000000000100000-0x0000000000100fff M: (I,R,W) S/U: (R,W)
Domain0 Region01            : 0x0000000010000000-0x0000000010000fff M: (I,R,W) S/U: (R,W)
Domain0 Region02            : 0x0000000002000000-0x000000000200ffff M: (I,R,W) S/U: ()
Domain0 Region03            : 0x0000000080040000-0x000000008005ffff M: (R,W) S/U: ()
Domain0 Region04            : 0x0000000080000000-0x000000008003ffff M: (R,X) S/U: ()
Domain0 Region05            : 0x000000000c400000-0x000000000c5fffff M: (I,R,W) S/U: (R,W)
Domain0 Region06            : 0x000000000c000000-0x000000000c3fffff M: (I,R,W) S/U: (R,W)
Domain0 Region07            : 0x0000000000000000-0xffffffffffffffff M: () S/U: (R,W,X)
Domain0 Next Address        : 0x0000000080200000
Domain0 Next Arg1           : 0x00000000a7e00000
Domain0 Next Mode           : S-mode
Domain0 SysReset            : yes
Domain0 SysSuspend          : yes

Boot HART ID                : 1
Boot HART Domain            : root
Boot HART Priv Version      : v1.12
Boot HART Base ISA          : rv64imafdch
Boot HART ISA Extensions    : sstc,zicntr,zihpm,zicboz,zicbom,sdtrig,svadu
Boot HART PMP Count         : 16
Boot HART PMP Granularity   : 2 bits
Boot HART PMP Address Bits  : 54
Boot HART MHPM Info         : 16 (0x0007fff8)
Boot HART Debug Triggers    : 2 triggers
Boot HART MIDELEG           : 0x0000000000001666
Boot HART MEDELEG           : 0x0000000000f4b509
[    0.000000] Booting Linux on hartid 1
[    0.000000] Linux version 7.2.6 (@ef5de219b429) (riscv64-linux-gnu-gcc (Debian 14.2.0-19) 14.2.0, GNU ld (GNU Binutils for Debian) 2.44) #1 SMP PREEMPT Sun Sep 20 10:06:57 UTC 2026
[    0.000000] random: crng init done
[    0.000000] Machine model: riscv-virtio,qemu
[    0.000000] SBI specification v2.0 detected
[    0.000000] SBI implementation ID=0x1 Version=0x10006
[    0.000000] SBI TIME extension detected
[    0.000000] SBI IPI extension detected
[    0.000000] SBI RFENCE extension detected
[    0.000000] SBI SRST extension detected
[    0.000000] SBI DBCN extension detected
[    0.000000] efi: UEFI not found.
[    0.000000] OF: reserved mem: 0x0000000080000000..0x000000008003ffff (256 KiB) nomap non-reusable mmode_resv1@80000000
[    0.000000] OF: reserved mem: 0x0000000080040000..0x000000008005ffff (128 KiB) nomap non-reusable mmode_resv0@80040000
[    0.000000] SBI HSM extension detected
[    0.000000] riscv: base ISA extensions acdfhim
[    0.000000] riscv: ELF capabilities acdfim
[    0.000000] Queued spinlock using Ziccrse: enabled
[    0.000000] Zone ranges:
[    0.000000]   DMA32    [mem 0x0000000080000000-0x00000000a7ffffff]
[    0.000000]   Normal   empty
[    0.000000] Movable zone start for each node
[    0.000000] Early memory node ranges
[    0.000000]   node   0: [mem 0x0000000080000000-0x000000008005ffff]
[    0.000000]   node   0: [mem 0x0000000080060000-0x00000000a7ffffff]
[    0.000000] Initmem setup node 0 [mem 0x0000000080000000-0x00000000a7ffffff]
[    0.000000] percpu: Embedded 31 pages/cpu s88088 r8192 d30696 u126976
[    0.000000] Kernel command line: console=ttyS0 test=docker
[    0.000000] Unknown kernel command line parameters "test=docker", will be passed to user space.
[    0.000000] printk: log buffer data + meta data: 131072 + 458752 = 589824 bytes
[    0.000000] Dentry cache hash table entries: 65536 (order: 7, 524288 bytes, linear)
[    0.000000] Inode-cache hash table entries: 32768 (order: 6, 262144 bytes, linear)
[    0.000000] software IO TLB: SWIOTLB bounce buffer size adjusted to 0MB
[    0.000000] software IO TLB: area num 4.
[    0.000000] software IO TLB: SWIOTLB bounce buffer size roundup to 1MB
[    0.000000] software IO TLB: mapped [mem 0x00000000a6300000-0x00000000a6400000] (1MB)
[    0.000000] Built 1 zonelists, mobility grouping on.  Total pages: 163840
[    0.000000] mem auto-init: stack:all(zero), heap alloc:off, heap free:off
[    0.000000] SLUB: HWalign=64, Order=0-3, MinObjects=0, CPUs=4, Nodes=1
[    0.000000] rcu: Hierarchical RCU implementation.
[    0.000000] rcu: 	RCU event tracing is enabled.
[    0.000000] rcu: 	RCU restricting CPUs from NR_CPUS=64 to nr_cpu_ids=4.
[    0.000000] 	Trampoline variant of Tasks RCU enabled.
[    0.000000] 	Tracing variant of Tasks RCU enabled.
[    0.000000] rcu: RCU calculated value of scheduler-enlistment delay is 25 jiffies.
[    0.000000] rcu: Adjusting geometry for rcu_fanout_leaf=16, nr_cpu_ids=4
[    0.000000] RCU Tasks: Setting shift to 2 and lim to 1 rcu_task_cb_adjust=1 rcu_task_cpu_ids=4.
[    0.000000] NR_IRQS: 64, nr_irqs: 64, preallocated irqs: 0
[    0.000000] riscv-intc: 64 local interrupts mapped
[    0.000000] riscv: providing IPIs using SBI IPI extension
[    0.000000] rcu: srcu_init: Setting srcu_struct sizes based on contention.
[    0.000000] clocksource: jiffies: mask: 0xffffffff max_cycles: 0xffffffff, max_idle_ns: 7645041785100000 ns
[    0.000000] clocksource: riscv_clocksource: mask: 0xffffffffffffffff max_cycles: 0x24e6a1710, max_idle_ns: 440795202120 ns
[    0.000177] sched_clock: 64 bits at 10MHz, resolution 100ns, wraps every 4398046511100ns
[    0.000551] riscv-timer: Timer interrupt in S-mode is available via sstc extension
[    0.030405] Console: colour dummy device 80x25
[    0.038294] Calibrating delay loop (skipped), value calculated using timer frequency.. 20.00 BogoMIPS (lpj=40000)
[    0.038742] pid_max: default: 32768 minimum: 301
[    0.057538] Mount-cache hash table entries: 1024 (order: 1, 8192 bytes, linear)
[    0.057694] Mountpoint-cache hash table entries: 1024 (order: 1, 8192 bytes, linear)
[    0.081459] VFS: Finished mounting rootfs on nullfs
[    0.173219] riscv: ELF compat mode supported
[    0.173736] ASID allocator using 16 bits (65536 entries)
[    0.178607] rcu: Hierarchical SRCU implementation.
[    0.179495] rcu: 	Max phase no-delay instances is 1000.
[    0.183779] Timer migration: 1 hierarchy levels; 8 children per group; 1 crossnode level
[    0.192825] EFI services will not be available.
[    0.195999] smp: Bringing up secondary CPUs ...
[    0.246354] smp: Brought up 1 node, 4 CPUs
[    0.277874] Memory: 510052K/655360K available (13307K kernel code, 6033K rwdata, 6144K rodata, 2479K init, 454K bss, 141536K reserved, 0K cma-reserved)
[    0.310958] devtmpfs: initialized
[    0.349480] posixtimers hash table entries: 2048 (order: 3, 32768 bytes, linear)
[    0.350438] futex hash table entries: 1024 (65536 bytes on 1 NUMA nodes, total 64 KiB, linear).
[    0.380980] DMI: not present or invalid.
[    0.388967] NET: Registered PF_NETLINK/PF_ROUTE protocol family
[    0.405745] DMA: preallocated 128 KiB GFP_KERNEL|GFP_DMA32 pool for atomic allocations
[    0.407219] audit: initializing netlink subsys (disabled)
[    0.417651] audit: type=2000 audit(0.356:1): state=initialized audit_enabled=0 res=1
[    0.432787] thermal_sys: Registered thermal governor 'step_wise'
[    0.436024] cpuidle: using governor menu
[    0.543003] HugeTLB: registered 2.00 MiB page size, pre-allocated 0 pages
[    0.543130] HugeTLB: 28 KiB vmemmap can be freed for a 2.00 MiB page
[    0.569074] ACPI: Interpreter disabled.
[    0.571701] iommu: Default domain type: Translated
[    0.571806] iommu: DMA domain TLB invalidation policy: strict mode
[    0.585624] SCSI subsystem initialized
[    0.594914] usbcore: registered new interface driver usbfs
[    0.596043] usbcore: registered new interface driver hub
[    0.596946] usbcore: registered new device driver usb
[    0.612916] Advanced Linux Sound Architecture Driver Initialized.
[    0.679791] vgaarb: loaded
[    0.697432] clocksource: Switched to clocksource riscv_clocksource
[    0.732560] pnp: PnP ACPI: disabled
[    0.922290] NET: Registered PF_INET protocol family
[    0.929476] IP idents hash table entries: 8192 (order: 4, 65536 bytes, linear)
[    0.952779] tcp_listen_portaddr_hash hash table entries: 256 (order: 0, 4096 bytes, linear)
[    0.953011] Table-perturb hash table entries: 65536 (order: 6, 262144 bytes, linear)
[    0.953313] TCP established hash table entries: 4096 (order: 3, 32768 bytes, linear)
[    0.953922] TCP bind hash table entries: 4096 (order: 5, 131072 bytes, linear)
[    0.954353] TCP: Hash tables configured (established 4096 bind 4096)
[    0.958632] UDP hash table entries: 256 (order: 2, 16384 bytes, linear)
[    0.964557] NET: Registered PF_UNIX/PF_LOCAL protocol family
[    0.979843] RPC: Registered named UNIX socket transport module.
[    0.980003] RPC: Registered udp transport module.
[    0.980034] RPC: Registered tcp transport module.
[    0.980057] RPC: Registered tcp-with-tls transport module.
[    0.980082] RPC: Registered tcp NFSv4.1 backchannel transport module.
[    1.000806] cpu1: scalar unaligned word access speed is 9.08x byte access speed (fast)
[    1.000840] cpu0: scalar unaligned word access speed is 7.34x byte access speed (fast)
[    1.001017] cpu3: scalar unaligned word access speed is 7.34x byte access speed (fast)
[    1.001015] cpu2: scalar unaligned word access speed is 7.27x byte access speed (fast)
[    1.005153] PCI: CLS 0 bytes, default 64
[    1.029903] workingset: timestamp_bits=46 (anon: 41) max_order=17 bucket_order=0 (anon: 0)
[    1.037106] Unpacking initramfs...
[    1.061224] NFS: Registering the id_resolver key type
[    1.062982] Key type id_resolver registered
[    1.063202] Key type id_legacy registered
[    1.065259] nfs4filelayout_init: NFSv4 File Layout Driver Registering...
[    1.065769] nfs4flexfilelayout_init: NFSv4 Flexfile Layout Driver Registering...
[    1.070589] 9p: Installing v9fs 9p2000 file system support
[    1.080513] NET: Registered PF_ALG protocol family
[    1.081772] Block layer SCSI generic (bsg) driver version 0.4 loaded (major 244)
[    1.088931] io scheduler mq-deadline registered
[    1.089423] io scheduler kyber registered
[    1.091057] io scheduler bfq registered
[    1.123984] riscv-plic: plic@c000000: mapped 96 interrupts with 4 handlers for 8 contexts.
[    1.142316] pci-host-generic 30000000.pci: host bridge /soc/pci@30000000 ranges:
[    1.145180] pci-host-generic 30000000.pci:       IO 0x0003000000..0x000300ffff -> 0x0000000000
[    1.146749] pci-host-generic 30000000.pci:      MEM 0x0040000000..0x007fffffff -> 0x0040000000
[    1.146936] pci-host-generic 30000000.pci:      MEM 0x0400000000..0x07ffffffff -> 0x0400000000
[    1.149392] pci-host-generic 30000000.pci: Memory resource size exceeds max for 32 bits
[    1.151193] pci-host-generic 30000000.pci: ECAM at [mem 0x30000000-0x3fffffff] for [bus 00-ff]
[    1.159056] pci-host-generic 30000000.pci: PCI host bridge to bus 0000:00
[    1.160323] pci_bus 0000:00: root bus resource [bus 00-ff]
[    1.160542] pci_bus 0000:00: root bus resource [io  0x0000-0xffff]
[    1.160668] pci_bus 0000:00: root bus resource [mem 0x40000000-0x7fffffff]
[    1.160699] pci_bus 0000:00: root bus resource [mem 0x400000000-0x7ffffffff]
[    1.166212] pci 0000:00:00.0: [1b36:0008] type 00 class 0x060000 conventional PCI endpoint
[    1.195182] pci_bus 0000:00: resource 4 [io  0x0000-0xffff]
[    1.196333] pci_bus 0000:00: resource 5 [mem 0x40000000-0x7fffffff]
[    1.196443] pci_bus 0000:00: resource 6 [mem 0x400000000-0x7ffffffff]
[    2.113691] Serial: 8250/16550 driver, 4 ports, IRQ sharing disabled
[    2.161678] printk: legacy console [ttyS0] disabled
[    2.174575] 10000000.serial: ttyS0 at MMIO 0x10000000 (irq = 12, base_baud = 230400) is a 16550A
[    2.180698] printk: legacy console [ttyS0] enabled
[    2.355988] loop: module loaded
[    2.379609] e1000e: Intel(R) PRO/1000 Network Driver
[    2.380310] e1000e: Copyright(c) 1999 - 2015 Intel Corporation.
[    2.386267] usbcore: registered new interface driver uas
[    2.387542] usbcore: registered new interface driver usb-storage
[    2.392006] mousedev: PS/2 mouse device common for all mice
[    2.403778] goldfish_rtc 101000.rtc: registered as rtc0
[    2.405622] goldfish_rtc 101000.rtc: setting system clock to 2026-09-20T17:03:15 UTC (1789923795)
[    2.422187] usbcore: registered new interface driver usbhid
[    2.422492] usbhid: USB HID core driver
[    2.424700] riscv-pmu-sbi: SBI PMU extension is available
[    2.428016] riscv-pmu-sbi: 16 firmware and 18 hardware counters
[    2.428461] riscv-pmu-sbi: Perf sampling/filtering is not supported as sscof extension is not available
[    2.452468] IPVS: Registered protocols (TCP, UDP)
[    2.453070] IPVS: Connection hash table configured (size=4096, memory=32Kbytes)
[    2.456571] IPVS: ipvs loaded.
[    2.456977] IPVS: [rr] scheduler registered.
[    2.460076] Initializing XFRM netlink socket
[    2.461059] NET: Registered PF_INET6 protocol family
[    2.478355] Segment Routing with IPv6
[    2.478960] In-situ OAM (IOAM) with IPv6
[    2.482365] NET: Registered PF_PACKET protocol family
[    2.484182] Bridge firewalling registered
[    2.488428] 9pnet: Installing 9P2000 support
[    2.489570] Key type dns_resolver registered
[    3.582373] clk: Disabling unused clocks
[    3.583026] PM: genpd: Disabling unused power domains
[    3.583821] ALSA device list:
[    3.584580]   No soundcards found.
[    7.424291] Freeing initrd memory: 81408K
[    7.674079] Freeing unused kernel image (initmem) memory: 2476K
[    7.677573] Run /init as init process
PAYLOAD_START
[     8.74] rootfs (initramfs): rootfs 250M total, 209M used, 41M free; MemTotal 583M
[    11.28] payload: image intact (variant docker, 1154 files, 218351957 bytes, 18 named files, checked in 3s)
[    11.42] stage 1: initramfs rootfs, moving the root to tmpfs (size=90%)
[    11.47] free -m (stage 1 start):
               total        used        free      shared  buff/cache   available
Mem:             583         249         337         209         211         334
Swap:              0           0           0
[    20.21] stage 1: switching root
[    22.31] cgroups: available:cpuset cpu io memory hugetlb pids 
[    22.42] cgroups: delegated: cpuset cpu io memory hugetlb pids
[    22.88] stage 2: root is tmpfs, test=docker
[    23.40] rootfs (real root): tmpfs 525M total, 209M used, 315M free; MemTotal 583M
[    23.48] payload: image variant docker (docker=1 k3s=0)
[    23.55] payload: will run disk=0 docker=1 k3s=0
[    24.53] net: no real interface; falling back to dummy0
[    25.15] net: using dummy0 (dummy) with 10.0.2.15, node will register as that
[    25.35] net: lo 127.0.0.1/8 dummy0 10.0.2.15/24 
[    25.50] net: default route: default via 10.0.2.2 dev dummy0 onlink 
[    25.57] free -m (stage 2 start):
               total        used        free      shared  buff/cache   available
Mem:             583         250         336         209         212         333
Swap:              0           0           0
[    25.73] prune: removing the K3s stack to free RAM
[    25.89] === Docker test (timeout 600s) ===
[    25.95] free -m (before docker):
               total        used        free      shared  buff/cache   available
Mem:             583         248         337         209         212         335
Swap:              0           0           0
[    27.54] docker: runc version 1.4.0 commit: v1.4.0-0-g8bd78a99 spec: 1.3.0 go: go1.24.4 libseccomp: 2.6.0 
[    36.64] containerd: ready after 8s
[    36.93] docker: overlayfs works on the tmpfs root, using the default driver
[    62.80] dockerd: ready after 25s
[    62.88] docker: dockerd started with: 
[    64.73] docker: storage driver: overlayfs
[    64.79] docker: loading /var/lib/rancher/k3s/agent/images/hello-world-latest.tar
Loaded image: hello-world:latest
[    69.02] docker: loading /var/lib/rancher/k3s/agent/images/busybox-1.37.0.tar
Loaded image: busybox:1.37.0
[    81.02] docker: output of hello-world:latest:
NEGATIVE_CONTROL
DOCKER_FAIL: the container did not print 'Hello from Docker!' (got: NEGATIVE_CONTROL)
[    81.12] docker: last 30 lines of /var/log/dockerd.log:
time="2026-09-20T17:03:56.640171300Z" level=warning msg="could not change group /var/run/docker.sock to docker: group docker not found"
time="2026-09-20T17:03:57.709297900Z" level=warning msg="failed check for fsverity support" error="enable fsverity failed: inappropriate ioctl for device" path=/var/lib/docker/plugins/storage
time="2026-09-20T17:03:58.704008800Z" level=warning msg="Failed to find nft tool" error="exec: \"nft\": executable file not found in $PATH"
time="2026-09-20T17:04:07.186547100Z" level=warning msg="Failed to find docker-init" error="exec: \"docker-init\": executable file not found in $PATH"
time="2026-09-20T17:04:14.484199300Z" level=warning msg="git source cannot be enabled: failed to find git binary: exec: \"git\": executable file not found in $PATH"
time="2026-09-20T17:04:15.677259700Z" level=warning msg="Failed to find docker-init" error="exec: \"docker-init\": executable file not found in $PATH"
time="2026-09-20T17:04:17.546284800Z" level=warning msg="Failed to find docker-init" error="exec: \"docker-init\": executable file not found in $PATH"
[    81.27] docker: last 20 lines of /var/log/containerd.log:
time="2026-09-20T17:03:46.676191800Z" level=error msg="failed to load cni during init, please check CRI plugin status before setting up network for pods" error="cni config load failed: no network config found in /etc/cni/net.d: cni plugin not initialized: failed to load cni config"
[    82.84] SUMMARY: docker=failed: the container did not print 'Hello from Docker!' (got: NEGATIVE_CONTROL) k3s=skipped disk=skipped
[    82.92] free -m (final):
               total        used        free      shared  buff/cache   available
Mem:             583         243         342         213         216         340
Swap:              0           0           0
PAYLOAD_DONE
[   84.310955] reboot: Power down
